Archive member included to satisfy reference by file (symbol)

C:/Program Files/ST/STM32CubeIDE_2.0.0/STM32CubeIDE/plugins/com.st.stm32cube.ide.mcu.externaltools.gnu-tools-for-stm32.13.3.rel1.win32_1.0.100.202509120712/tools/bin/../lib/gcc/arm-none-eabi/13.3.1/../../../../arm-none-eabi/lib/thumb/v7-m/nofp\libc_nano.a(libc_a-exit.o)
                              C:/Program Files/ST/STM32CubeIDE_2.0.0/STM32CubeIDE/plugins/com.st.stm32cube.ide.mcu.externaltools.gnu-tools-for-stm32.13.3.rel1.win32_1.0.100.202509120712/tools/bin/../lib/gcc/arm-none-eabi/13.3.1/../../../../arm-none-eabi/lib/thumb/v7-m/nofp/crt0.o (exit)
C:/Program Files/ST/STM32CubeIDE_2.0.0/STM32CubeIDE/plugins/com.st.stm32cube.ide.mcu.externaltools.gnu-tools-for-stm32.13.3.rel1.win32_1.0.100.202509120712/tools/bin/../lib/gcc/arm-none-eabi/13.3.1/../../../../arm-none-eabi/lib/thumb/v7-m/nofp\libc_nano.a(libc_a-findfp.o)
                              C:/Program Files/ST/STM32CubeIDE_2.0.0/STM32CubeIDE/plugins/com.st.stm32cube.ide.mcu.externaltools.gnu-tools-for-stm32.13.3.rel1.win32_1.0.100.202509120712/tools/bin/../lib/gcc/arm-none-eabi/13.3.1/../../../../arm-none-eabi/lib/thumb/v7-m/nofp\libc_nano.a(libc_a-exit.o) (__stdio_exit_handler)
C:/Program Files/ST/STM32CubeIDE_2.0.0/STM32CubeIDE/plugins/com.st.stm32cube.ide.mcu.externaltools.gnu-tools-for-stm32.13.3.rel1.win32_1.0.100.202509120712/tools/bin/../lib/gcc/arm-none-eabi/13.3.1/../../../../arm-none-eabi/lib/thumb/v7-m/nofp\libc_nano.a(libc_a-fwalk.o)
                              C:/Program Files/ST/STM32CubeIDE_2.0.0/STM32CubeIDE/plugins/com.st.stm32cube.ide.mcu.externaltools.gnu-tools-for-stm32.13.3.rel1.win32_1.0.100.202509120712/tools/bin/../lib/gcc/arm-none-eabi/13.3.1/../../../../arm-none-eabi/lib/thumb/v7-m/nofp\libc_nano.a(libc_a-findfp.o) (_fwalk_sglue)
C:/Program Files/ST/STM32CubeIDE_2.0.0/STM32CubeIDE/plugins/com.st.stm32cube.ide.mcu.externaltools.gnu-tools-for-stm32.13.3.rel1.win32_1.0.100.202509120712/tools/bin/../lib/gcc/arm-none-eabi/13.3.1/../../../../arm-none-eabi/lib/thumb/v7-m/nofp\libc_nano.a(libc_a-stdio.o)
                              C:/Program Files/ST/STM32CubeIDE_2.0.0/STM32CubeIDE/plugins/com.st.stm32cube.ide.mcu.externaltools.gnu-tools-for-stm32.13.3.rel1.win32_1.0.100.202509120712/tools/bin/../lib/gcc/arm-none-eabi/13.3.1/../../../../arm-none-eabi/lib/thumb/v7-m/nofp\libc_nano.a(libc_a-findfp.o) (__sread)
C:/Program Files/ST/STM32CubeIDE_2.0.0/STM32CubeIDE/plugins/com.st.stm32cube.ide.mcu.externaltools.gnu-tools-for-stm32.13.3.rel1.win32_1.0.100.202509120712/tools/bin/../lib/gcc/arm-none-eabi/13.3.1/../../../../arm-none-eabi/lib/thumb/v7-m/nofp\libc_nano.a(libc_a-memset.o)
                              C:/Program Files/ST/STM32CubeIDE_2.0.0/STM32CubeIDE/plugins/com.st.stm32cube.ide.mcu.externaltools.gnu-tools-for-stm32.13.3.rel1.win32_1.0.100.202509120712/tools/bin/../lib/gcc/arm-none-eabi/13.3.1/../../../../arm-none-eabi/lib/thumb/v7-m/nofp/crt0.o (memset)
C:/Program Files/ST/STM32CubeIDE_2.0.0/STM32CubeIDE/plugins/com.st.stm32cube.ide.mcu.externaltools.gnu-tools-for-stm32.13.3.rel1.win32_1.0.100.202509120712/tools/bin/../lib/gcc/arm-none-eabi/13.3.1/../../../../arm-none-eabi/lib/thumb/v7-m/nofp\libc_nano.a(libc_a-closer.o)
                              C:/Program Files/ST/STM32CubeIDE_2.0.0/STM32CubeIDE/plugins/com.st.stm32cube.ide.mcu.externaltools.gnu-tools-for-stm32.13.3.rel1.win32_1.0.100.202509120712/tools/bin/../lib/gcc/arm-none-eabi/13.3.1/../../../../arm-none-eabi/lib/thumb/v7-m/nofp\libc_nano.a(libc_a-stdio.o) (_close_r)
C:/Program Files/ST/STM32CubeIDE_2.0.0/STM32CubeIDE/plugins/com.st.stm32cube.ide.mcu.externaltools.gnu-tools-for-stm32.13.3.rel1.win32_1.0.100.202509120712/tools/bin/../lib/gcc/arm-none-eabi/13.3.1/../../../../arm-none-eabi/lib/thumb/v7-m/nofp\libc_nano.a(libc_a-reent.o)
                              C:/Program Files/ST/STM32CubeIDE_2.0.0/STM32CubeIDE/plugins/com.st.stm32cube.ide.mcu.externaltools.gnu-tools-for-stm32.13.3.rel1.win32_1.0.100.202509120712/tools/bin/../lib/gcc/arm-none-eabi/13.3.1/../../../../arm-none-eabi/lib/thumb/v7-m/nofp\libc_nano.a(libc_a-closer.o) (errno)
C:/Program Files/ST/STM32CubeIDE_2.0.0/STM32CubeIDE/plugins/com.st.stm32cube.ide.mcu.externaltools.gnu-tools-for-stm32.13.3.rel1.win32_1.0.100.202509120712/tools/bin/../lib/gcc/arm-none-eabi/13.3.1/../../../../arm-none-eabi/lib/thumb/v7-m/nofp\libc_nano.a(libc_a-impure.o)
                              C:/Program Files/ST/STM32CubeIDE_2.0.0/STM32CubeIDE/plugins/com.st.stm32cube.ide.mcu.externaltools.gnu-tools-for-stm32.13.3.rel1.win32_1.0.100.202509120712/tools/bin/../lib/gcc/arm-none-eabi/13.3.1/../../../../arm-none-eabi/lib/thumb/v7-m/nofp\libc_nano.a(libc_a-reent.o) (_impure_ptr)
C:/Program Files/ST/STM32CubeIDE_2.0.0/STM32CubeIDE/plugins/com.st.stm32cube.ide.mcu.externaltools.gnu-tools-for-stm32.13.3.rel1.win32_1.0.100.202509120712/tools/bin/../lib/gcc/arm-none-eabi/13.3.1/../../../../arm-none-eabi/lib/thumb/v7-m/nofp\libc_nano.a(libc_a-lseekr.o)
[...]
Memory Configuration

Name             Origin             Length             Attributes
RAM              0x20000000         0x00005000         xrw
FLASH            0x08000000         0x00010000         xr
*default*        0x00000000         0xffffffff

Linker script and memory map

LOAD C:/Program Files/ST/STM32CubeIDE_2.0.0/STM32CubeIDE/plugins/com.st.stm32cube.ide.mcu.externaltools.gnu-tools-for-stm32.13.3.rel1.win32_1.0.100.202509120712/tools/bin/../lib/gcc/arm-none-eabi/13.3.1/thumb/v7-m/nofp/crti.o
LOAD C:/Program Files/ST/STM32CubeIDE_2.0.0/STM32CubeIDE/plugins/com.st.stm32cube.ide.mcu.externaltools.gnu-tools-for-stm32.13.3.rel1.win32_1.0.100.202509120712/tools/bin/../lib/gcc/arm-none-eabi/13.3.1/thumb/v7-m/nofp/crtbegin.o
LOAD C:/Program Files/ST/STM32CubeIDE_2.0.0/STM32CubeIDE/plugins/com.st.stm32cube.ide.mcu.externaltools.gnu-tools-for-stm32.13.3.rel1.win32_1.0.100.202509120712/tools/bin/../lib/gcc/arm-none-eabi/13.3.1/../../../../arm-none-eabi/lib/thumb/v7-m/nofp/crt0.o
LOAD ./Core/Src/app.o
LOAD ./Core/Src/backplane_card_bus.o
LOAD ./Core/Src/backplane_pump_bus.o
LOAD ./Core/Src/calibration.o
LOAD ./Core/Src/gpio.o
LOAD ./Core/Src/main.o
LOAD ./Core/Src/protocol.o
LOAD ./Core/Src/pump_card_protocol.o
LOAD ./Core/Src/rtc.o
LOAD ./Core/Src/scheduler.o
LOAD ./Core/Src/spi.o
LOAD ./Core/Src/stm32f1xx_hal_msp.o
LOAD ./Core/Src/stm32f1xx_it.o
LOAD ./Core/Src/syscalls.o
LOAD ./Core/Src/sysmem.o
LOAD ./Core/Src/system_stm32f1xx.o
LOAD ./Core/Src/usart.o
LOAD ./Core/Startup/startup_stm32f103c8tx.o
LOAD ./Drivers/STM32F1xx_HAL_Driver/Src/stm32f1xx_hal.o
LOAD ./Drivers/STM32F1xx_HAL_Driver/Src/stm32f1xx_hal_cortex.o
LOAD ./Drivers/STM32F1xx_HAL_Driver/Src/stm32f1xx_hal_dma.o
LOAD ./Drivers/STM32F1xx_HAL_Driver/Src/stm32f1xx_hal_exti.o
LOAD ./Drivers/STM32F1xx_HAL_Driver/Src/stm32f1xx_hal_flash.o
LOAD ./Drivers/STM32F1xx_HAL_Driver/Src/stm32f1xx_hal_flash_ex.o
LOAD ./Drivers/STM32F1xx_HAL_Driver/Src/stm32f1xx_hal_gpio.o
LOAD ./Drivers/STM32F1xx_HAL_Driver/Src/stm32f1xx_hal_gpio_ex.o
LOAD ./Drivers/STM32F1xx_HAL_Driver/Src/stm32f1xx_hal_pcd.o
LOAD ./Drivers/STM32F1xx_HAL_Driver/Src/stm32f1xx_hal_pcd_ex.o
LOAD ./Drivers/STM32F1xx_HAL_Driver/Src/stm32f1xx_hal_pwr.o
LOAD ./Drivers/STM32F1xx_HAL_Driver/Src/stm32f1xx_hal_rcc.o
LOAD ./Drivers/STM32F1xx_HAL_Driver/Src/stm32f1xx_hal_rcc_ex.o
LOAD ./Drivers/STM32F1xx_HAL_Driver/Src/stm32f1xx_hal_rtc.o
LOAD ./Drivers/STM32F1xx_HAL_Driver/Src/stm32f1xx_hal_rtc_ex.o
LOAD ./Drivers/STM32F1xx_HAL_Driver/Src/stm32f1xx_hal_spi.o
LOAD ./Drivers/STM32F1xx_HAL_Driver/Src/stm32f1xx_hal_usart.o
LOAD ./Drivers/STM32F1xx_HAL_Driver/Src/stm32f1xx_ll_usb.o
LOAD ./Middlewares/ST/STM32_USB_Device_Library/Class/CDC/Src/usbd_cdc.o
LOAD ./Middlewares/ST/STM32_USB_Device_Library/Core/Src/usbd_core.o
LOAD ./Middlewares/ST/STM32_USB_Device_Library/Core/Src/usbd_ctlreq.o
LOAD ./Middlewares/ST/STM32_USB_Device_Library/Core/Src/usbd_ioreq.o
LOAD ./USB_DEVICE/App/usb_device.o
LOAD ./USB_DEVICE/App/usbd_cdc_if.o
LOAD ./USB_DEVICE/App/usbd_desc.o
LOAD ./USB_DEVICE/Target/usbd_conf.o
START GROUP
LOAD C:/Program Files/ST/STM32CubeIDE_2.0.0/STM32CubeIDE/plugins/com.st.stm32cube.ide.mcu.externaltools.gnu-tools-for-stm32.13.3.rel1.win32_1.0.100.202509120712/tools/bin/../lib/gcc/arm-none-eabi/13.3.1/../../../../arm-none-eabi/lib/thumb/v7-m/nofp\libc_nano.a
LOAD C:/Program Files/ST/STM32CubeIDE_2.0.0/STM32CubeIDE/plugins/com.st.stm32cube.ide.mcu.externaltools.gnu-tools-for-stm32.13.3.rel1.win32_1.0.100.202509120712/tools/bin/../lib/gcc/arm-none-eabi/13.3.1/../../../../arm-none-eabi/lib/thumb/v7-m/nofp\libm.a
END GROUP
START GROUP
LOAD C:/Program Files/ST/STM32CubeIDE_2.0.0/STM32CubeIDE/plugins/com.st.stm32cube.ide.mcu.externaltools.gnu-tools-for-stm32.13.3.rel1.win32_1.0.100.202509120712/tools/bin/../lib/gcc/arm-none-eabi/13.3.1/thumb/v7-m/nofp\libgcc.a
LOAD C:/Program Files/ST/STM32CubeIDE_2.0.0/STM32CubeIDE/plugins/com.st.stm32cube.ide.mcu.externaltools.gnu-tools-for-stm32.13.3.rel1.win32_1.0.100.202509120712/tools/bin/../lib/gcc/arm-none-eabi/13.3.1/../../../../arm-none-eabi/lib/thumb/v7-m/nofp\libc_nano.a
END GROUP
START GROUP
LOAD C:/Program Files/ST/STM32CubeIDE_2.0.0/STM32CubeIDE/plugins/com.st.stm32cube.ide.mcu.externaltools.gnu-tools-for-stm32.13.3.rel1.win32_1.0.100.202509120712/tools/bin/../lib/gcc/arm-none-eabi/13.3.1/thumb/v7-m/nofp\libgcc.a
LOAD C:/Program Files/ST/STM32CubeIDE_2.0.0/STM32CubeIDE/plugins/com.st.stm32cube.ide.mcu.externaltools.gnu-tools-for-stm32.13.3.rel1.win32_1.0.100.202509120712/tools/bin/../lib/gcc/arm-none-eabi/13.3.1/../../../../arm-none-eabi/lib/thumb/v7-m/nofp\libc_nano.a
LOAD C:/Program Files/ST/STM32CubeIDE_2.0.0/STM32CubeIDE/plugins/com.st.stm32cube.ide.mcu.externaltools.gnu-tools-for-stm32.13.3.rel1.win32_1.0.100.202509120712/tools/bin/../lib/gcc/arm-none-eabi/13.3.1/../../../../arm-none-eabi/lib/thumb/v7-m/nofp\libnosys.a
END GROUP
START GROUP
LOAD C:/Program Files/ST/STM32CubeIDE_2.0.0/STM32CubeIDE/plugins/com.st.stm32cube.ide.mcu.externaltools.gnu-tools-for-stm32.13.3.rel1.win32_1.0.100.202509120712/tools/bin/../lib/gcc/arm-none-eabi/13.3.1/thumb/v7-m/nofp\libgcc.a
LOAD C:/Program Files/ST/STM32CubeIDE_2.0.0/STM32CubeIDE/plugins/com.st.stm32cube.ide.mcu.externaltools.gnu-tools-for-stm32.13.3.rel1.win32_1.0.100.202509120712/tools/bin/../lib/gcc/arm-none-eabi/13.3.1/../../../../arm-none-eabi/lib/thumb/v7-m/nofp\libc_nano.a
LOAD C:/Program Files/ST/STM32CubeIDE_2.0.0/STM32CubeIDE/plugins/com.st.stm32cube.ide.mcu.externaltools.gnu-tools-for-stm32.13.3.rel1.win32_1.0.100.202509120712/tools/bin/../lib/gcc/arm-none-eabi/13.3.1/../../../../arm-none-eabi/lib/thumb/v7-m/nofp\libnosys.a
END GROUP
LOAD C:/Program Files/ST/STM32CubeIDE_2.0.0/STM32CubeIDE/plugins/com.st.stm32cube.ide.mcu.externaltools.gnu-tools-for-stm32.13.3.rel1.win32_1.0.100.202509120712/tools/bin/../lib/gcc/arm-none-eabi/13.3.1/thumb/v7-m/nofp/crtend.o
LOAD C:/Program Files/ST/STM32CubeIDE_2.0.0/STM32CubeIDE/plugins/com.st.stm32cube.ide.mcu.externaltools.gnu-tools-for-stm32.13.3.rel1.win32_1.0.100.202509120712/tools/bin/../lib/gcc/arm-none-eabi/13.3.1/thumb/v7-m/nofp/crtn.o
                0x20005000                        _estack = (ORIGIN (RAM) + LENGTH (RAM))
                0x00000200                        _Min_Heap_Size = 0x200
                0x00000400                        _Min_Stack_Size = 0x400

.isr_vector     0x08000000      0x10c
                0x08000000                        . = ALIGN (0x4)
 *(.isr_vector)
 .isr_vector    0x08000000      0x10c ./Core/Startup/startup_stm32f103c8tx.o
                0x08000000                g_pfnVectors
                0x0800010c                        . = ALIGN (0x4)

.text           0x0800010c     0xc3b4
                0x0800010c                        . = ALIGN (0x4)
 *(.text)
 .text          0x0800010c       0x40 C:/Program Files/ST/STM32CubeIDE_2.0.0/STM32CubeIDE/plugins/com.st.stm32cube.ide.mcu.externaltools.gnu-tools-for-stm32.13.3.rel1.win32_1.0.100.202509120712/tools/bin/../lib/gcc/arm-none-eabi/13.3.1/thumb/v7-m/nofp/crtbegin.o
 .text          0x0800014c       0x30 C:/Program Files/ST/STM32CubeIDE_2.0.0/STM32CubeIDE/plugins/com.st.stm32cube.ide.mcu.externaltools.gnu-tools-for-stm32.13.3.rel1.win32_1.0.100.202509120712/tools/bin/../lib/gcc/arm-none-eabi/13.3.1/thumb/v7-m/nofp\libgcc.a(_aeabi_uldivmod.o)
                0x0800014c                __aeabi_uldivmod
 .text          0x0800017c      0x300 C:/Program Files/ST/STM32CubeIDE_2.0.0/STM32CubeIDE/plugins/com.st.stm32cube.ide.mcu.externaltools.gnu-tools-for-stm32.13.3.rel1.win32_1.0.100.202509120712/tools/bin/../lib/gcc/arm-none-eabi/13.3.1/thumb/v7-m/nofp\libgcc.a(_udivmoddi4.o)
                0x0800017c                __udivmoddi4
 .text          0x0800047c        0x4 C:/Program Files/ST/STM32CubeIDE_2.0.0/STM32CubeIDE/plugins/com.st.stm32cube.ide.mcu.externaltools.gnu-tools-for-stm32.13.3.rel1.win32_1.0.100.202509120712/tools/bin/../lib/gcc/arm-none-eabi/13.3.1/thumb/v7-m/nofp\libgcc.a(_dvmd_tls.o)
                0x0800047c                __aeabi_idiv0
                0x0800047c                __aeabi_ldiv0
 *(.text*)
 .text.app_get_time_us_placeholder
                0x08000480       0x72 ./Core/Src/app.o
 .text.app_handle_scheduler_runtime
                0x080004f2       0x54 ./Core/Src/app.o
 *fill*         0x08000546        0x2 
 .text.app_handle_pending_start
                0x08000548       0x4c ./Core/Src/app.o
 .text.app_execute_start_schedule
                0x08000594       0xbc ./Core/Src/app.o
 .text.app_request_start_schedule
                0x08000650       0x44 ./Core/Src/app.o
 .text.app_try_tx
                0x08000694       0x20 ./Core/Src/app.o
 .text.app_protocol_tx
                0x080006b4       0x90 ./Core/Src/app.o
 .text.app_send_status
                0x08000744       0x78 ./Core/Src/app.o
 .text.app_send_card_inventory
                0x080007bc      0x110 ./Core/Src/app.o
 .text.app_store_deferred_event
                0x080008cc       0x48 ./Core/Src/app.o
 .text.app_take_deferred_event
                0x08000914       0x48 ./Core/Src/app.o
 .text.app_enqueue_protocol_error
                0x0800095c       0xa6 ./Core/Src/app.o
 .text.app_enqueue_packet
                0x08000a02       0x7a ./Core/Src/app.o
 .text.app_process_protocol_error
                0x08000a7c       0x38 ./Core/Src/app.o
 .text.app_handle_packet
                0x08000ab4      0x1dc ./Core/Src/app.o
 .text.app_process_events
                0x08000c90       0x70 ./Core/Src/app.o
 .text.app_init
                0x08000d00       0x3c ./Core/Src/app.o
                0x08000d00                app_init
 .text.app_poll
                0x08000d3c       0x4c ./Core/Src/app.o
                0x08000d3c                app_poll
 .text.app_on_cdc_rx
                0x08000d88       0x20 ./Core/Src/app.o
                0x08000d88                app_on_cdc_rx
 .text.card_bus_set_error
                0x08000da8       0x30 ./Core/Src/backplane_card_bus.o
 .text.spi_delay_cycles
                0x08000dd8       0x22 ./Core/Src/backplane_card_bus.o
 *fill*         0x08000dfa        0x2 
 .text.card_bus_select_slot
                0x08000dfc       0x78 ./Core/Src/backplane_card_bus.o
 .text.card_bus_deselect_all
                0x08000e74       0x1c ./Core/Src/backplane_card_bus.o
 .text.card_bus_spi_transaction
                0x08000e90       0x90 ./Core/Src/backplane_card_bus.o
 .text.card_bus_clear_slots
                0x08000f20       0x5c ./Core/Src/backplane_card_bus.o
 .text.card_bus_store_identify_info
                0x08000f7c       0x80 ./Core/Src/backplane_card_bus.o
 .text.card_bus_identify_slot
                0x08000ffc       0x9a ./Core/Src/backplane_card_bus.o
 .text.card_bus_find_missing_slot
                0x08001096       0x5e ./Core/Src/backplane_card_bus.o
 .text.card_bus_init
                0x080010f4       0x1c ./Core/Src/backplane_card_bus.o
                0x080010f4                card_bus_init
 .text.card_bus_discover_all
                0x08001110       0x88 ./Core/Src/backplane_card_bus.o
                0x08001110                card_bus_discover_all
 .text.card_bus_discover_type_slots
                0x08001198       0xe6 ./Core/Src/backplane_card_bus.o
                0x08001198                card_bus_discover_type_slots
 *fill*         0x0800127e        0x2 
 .text.card_bus_is_slot_present
                0x08001280       0x54 ./Core/Src/backplane_card_bus.o
                0x08001280                card_bus_is_slot_present
 .text.card_bus_get_slots
                0x080012d4       0x14 ./Core/Src/backplane_card_bus.o
                0x080012d4                card_bus_get_slots
 .text.card_bus_command
                0x080012e8      0x140 ./Core/Src/backplane_card_bus.o
                0x080012e8                card_bus_command
 .text.card_bus_get_last_status
                0x08001428       0x18 ./Core/Src/backplane_card_bus.o
                0x08001428                card_bus_get_last_status
 .text.card_bus_get_last_detail
                0x08001440       0x18 ./Core/Src/backplane_card_bus.o
                0x08001440                card_bus_get_last_detail
 .text.pump_bus_set_error
                0x08001458       0x30 ./Core/Src/backplane_pump_bus.o
 .text.pump_bus_reset_distribution_state
                0x08001488       0x30 ./Core/Src/backplane_pump_bus.o
 .text.pump_bus_flow_nl_to_ul_min
                0x080014b8       0x36 ./Core/Src/backplane_pump_bus.o
 .text.pump_bus_send_simple_command
                0x080014ee       0x58 ./Core/Src/backplane_pump_bus.o
 *fill*         0x08001546        0x2 
 .text.pump_bus_find_exec_map
                0x08001548       0x58 ./Core/Src/backplane_pump_bus.o
 .text.pump_bus_collect_required_slots
                0x080015a0      0x13e ./Core/Src/backplane_pump_bus.o
 .text.pump_bus_collect_event_actions
                0x080016de      0x28a ./Core/Src/backplane_pump_bus.o
 .text.pump_bus_init
                0x08001968       0x1c ./Core/Src/backplane_pump_bus.o
                0x08001968                pump_bus_init
 .text.pump_bus_discover
                0x08001984       0x22 ./Core/Src/backplane_pump_bus.o
                0x08001984                pump_bus_discover
 .text.pump_bus_discover_required
                0x080019a6       0x64 ./Core/Src/backplane_pump_bus.o
                0x080019a6                pump_bus_discover_required
 .text.pump_bus_validate_schedule
                0x08001a0a       0xa0 ./Core/Src/backplane_pump_bus.o
                0x08001a0a                pump_bus_validate_schedule
 *fill*         0x08001aaa        0x2 
 .text.pump_bus_distribute_schedule
                0x08001aac      0x328 ./Core/Src/backplane_pump_bus.o
                0x08001aac                pump_bus_distribute_schedule
 .text.pump_bus_exec_event
                0x08001dd4       0x9e ./Core/Src/backplane_pump_bus.o
                0x08001dd4                pump_bus_exec_event
 .text.pump_bus_stop_all
                0x08001e72       0x3c ./Core/Src/backplane_pump_bus.o
                0x08001e72                pump_bus_stop_all
 *fill*         0x08001eae        0x2 
 .text.pump_bus_get_last_detail
                0x08001eb0       0x18 ./Core/Src/backplane_pump_bus.o
                0x08001eb0                pump_bus_get_last_detail
 .text.calibration_init
                0x08001ec8       0x18 ./Core/Src/calibration.o
                0x08001ec8                calibration_init
 .text.calibration_run_pump_from_payload
                0x08001ee0       0x92 ./Core/Src/calibration.o
                0x08001ee0                calibration_run_pump_from_payload
 *fill*         0x08001f72        0x2 
 .text.calibration_set_coeff_from_payload
                0x08001f74       0x80 ./Core/Src/calibration.o
                0x08001f74                calibration_set_coeff_from_payload
 .text.calibration_run_pump_stub
                0x08001ff4       0x1c ./Core/Src/calibration.o
                0x08001ff4                calibration_run_pump_stub
 .text.MX_GPIO_Init
                0x08002010      0x170 ./Core/Src/gpio.o
                0x08002010                MX_GPIO_Init
 .text.main     0x08002180       0x2e ./Core/Src/main.o
                0x08002180                main
 .text.SystemClock_Config
                0x080021ae       0xbe ./Core/Src/main.o
                0x080021ae                SystemClock_Config
 .text.Error_Handler
                0x0800226c        0xc ./Core/Src/main.o
                0x0800226c                Error_Handler
 .text.protocol_crc16_update
                0x08002278       0x60 ./Core/Src/protocol.o
 .text.protocol_reset_frame
                0x080022d8       0x3a ./Core/Src/protocol.o
 .text.protocol_emit_parser_error
                0x08002312       0x40 ./Core/Src/protocol.o
 .text.protocol_crc16_ccitt_false
                0x08002352       0x46 ./Core/Src/protocol.o
                0x08002352                protocol_crc16_ccitt_false
 .text.read_u32_le
                0x08002398       0x36 ./Core/Src/protocol.o
                0x08002398                read_u32_le
 .text.read_u64_le
                0x080023ce      0x15c ./Core/Src/protocol.o
                0x080023ce                read_u64_le
 .text.read_i32_le
                0x0800252a       0x18 ./Core/Src/protocol.o
                0x0800252a                read_i32_le
 .text.write_u16_le
                0x08002542       0x2c ./Core/Src/protocol.o
                0x08002542                write_u16_le
 .text.write_u32_le
                0x0800256e       0x40 ./Core/Src/protocol.o
                0x0800256e                write_u32_le
 .text.write_u64_le
                0x080025ae       0xd0 ./Core/Src/protocol.o
                0x080025ae                write_u64_le
 .text.protocol_parser_init
                0x0800267e       0x48 ./Core/Src/protocol.o
                0x0800267e                protocol_parser_init
 *fill*         0x080026c6        0x2 
 .text.protocol_parser_process
                0x080026c8      0x2a0 ./Core/Src/protocol.o
                0x080026c8                protocol_parser_process
 .text.protocol_encode_frame
                0x08002968       0xca ./Core/Src/protocol.o
                0x08002968                protocol_encode_frame
 .text.protocol_send_frame
                0x08002a32       0xae ./Core/Src/protocol.o
                0x08002a32                protocol_send_frame
 .text.protocol_send_ack
                0x08002ae0       0x4a ./Core/Src/protocol.o
                0x08002ae0                protocol_send_ack
 .text.protocol_send_error
                0x08002b2a       0x50 ./Core/Src/protocol.o
                0x08002b2a                protocol_send_error
 .text.pump_card_crc16_update
                0x08002b7a       0x60 ./Core/Src/pump_card_protocol.o
 .text.pump_card_crc16_ccitt_false
                0x08002bda       0x46 ./Core/Src/pump_card_protocol.o
                0x08002bda                pump_card_crc16_ccitt_false
 .text.pump_card_read_u16_le
                0x08002c20       0x2a ./Core/Src/pump_card_protocol.o
                0x08002c20                pump_card_read_u16_le
 .text.pump_card_write_u16_le
                0x08002c4a       0x2c ./Core/Src/pump_card_protocol.o
                0x08002c4a                pump_card_write_u16_le
 .text.pump_card_write_u32_le
                0x08002c76       0x40 ./Core/Src/pump_card_protocol.o
                0x08002c76                pump_card_write_u32_le
 .text.pump_card_encode_command_frame
                0x08002cb6       0xa8 ./Core/Src/pump_card_protocol.o
                0x08002cb6                pump_card_encode_command_frame
 .text.pump_card_decode_response_frame
                0x08002d5e       0xc2 ./Core/Src/pump_card_protocol.o
                0x08002d5e                pump_card_decode_response_frame
 .text.pump_card_build_load_event_payload
                0x08002e20      0x110 ./Core/Src/pump_card_protocol.o
                0x08002e20                pump_card_build_load_event_payload
 .text.pump_card_build_exec_event_payload
                0x08002f30       0x42 ./Core/Src/pump_card_protocol.o
                0x08002f30                pump_card_build_exec_event_payload
 .text.pump_card_parse_identify_payload
                0x08002f72       0x66 ./Core/Src/pump_card_protocol.o
                0x08002f72                pump_card_parse_identify_payload
 .text.MX_RTC_Init
                0x08002fd8       0x94 ./Core/Src/rtc.o
                0x08002fd8                MX_RTC_Init
 .text.HAL_RTC_MspInit
                0x0800306c       0x48 ./Core/Src/rtc.o
                0x0800306c                HAL_RTC_MspInit
 .text.scheduler_validate_pump_action
                0x080030b4       0x86 ./Core/Src/scheduler.o
 *fill*         0x0800313a        0x2 
 .text.scheduler_validate_gpio_action
                0x0800313c       0xd4 ./Core/Src/scheduler.o
 .text.scheduler_validate_action_record
                0x08003210       0xd2 ./Core/Src/scheduler.o
 *fill*         0x080032e2        0x2 
 .text.scheduler_init
                0x080032e4       0x24 ./Core/Src/scheduler.o
                0x080032e4                scheduler_init
 .text.scheduler_clear
                0x08003308       0x8c ./Core/Src/scheduler.o
                0x08003308                scheduler_clear
 .text.scheduler_upload_event
                0x08003394      0x19c ./Core/Src/scheduler.o
                0x08003394                scheduler_upload_event
 .text.scheduler_start
                0x08003530       0x64 ./Core/Src/scheduler.o
                0x08003530                scheduler_start
 .text.scheduler_start_run
                0x08003594       0x38 ./Core/Src/scheduler.o
                0x08003594                scheduler_start_run
 .text.scheduler_stop
                0x080035cc       0x5c ./Core/Src/scheduler.o
                0x080035cc                scheduler_stop
 .text.scheduler_get_ready_event
                0x08003628       0xdc ./Core/Src/scheduler.o
                0x08003628                scheduler_get_ready_event
 .text.scheduler_is_run_complete
                0x08003704       0x40 ./Core/Src/scheduler.o
                0x08003704                scheduler_is_run_complete
 .text.scheduler_get_status
                0x08003744       0x64 ./Core/Src/scheduler.o
                0x08003744                scheduler_get_status
 .text.scheduler_record_error
                0x080037a8       0x28 ./Core/Src/scheduler.o
                0x080037a8                scheduler_record_error
 .text.scheduler_set_error
                0x080037d0       0x34 ./Core/Src/scheduler.o
                0x080037d0                scheduler_set_error
 .text.scheduler_get_state
                0x08003804       0x1c ./Core/Src/scheduler.o
                0x08003804                scheduler_get_state
 .text.scheduler_get_schedule
                0x08003820       0x14 ./Core/Src/scheduler.o
                0x08003820                scheduler_get_schedule
 .text.MX_SPI1_Init
                0x08003834       0x6c ./Core/Src/spi.o
                0x08003834                MX_SPI1_Init
 .text.HAL_SPI_MspInit
                0x080038a0       0x94 ./Core/Src/spi.o
                0x080038a0                HAL_SPI_MspInit
 .text.HAL_MspInit
                0x08003934       0x64 ./Core/Src/stm32f1xx_hal_msp.o
                0x08003934                HAL_MspInit
 .text.NMI_Handler
                0x08003998        0x8 ./Core/Src/stm32f1xx_it.o
                0x08003998                NMI_Handler
 .text.HardFault_Handler
                0x080039a0        0x8 ./Core/Src/stm32f1xx_it.o
                0x080039a0                HardFault_Handler
 .text.MemManage_Handler
                0x080039a8        0x8 ./Core/Src/stm32f1xx_it.o
                0x080039a8                MemManage_Handler
 .text.BusFault_Handler
                0x080039b0        0x8 ./Core/Src/stm32f1xx_it.o
                0x080039b0                BusFault_Handler
 .text.UsageFault_Handler
                0x080039b8        0x8 ./Core/Src/stm32f1xx_it.o
                0x080039b8                UsageFault_Handler
 .text.SVC_Handler
                0x080039c0        0xc ./Core/Src/stm32f1xx_it.o
                0x080039c0                SVC_Handler
 .text.DebugMon_Handler
                0x080039cc        0xc ./Core/Src/stm32f1xx_it.o
                0x080039cc                DebugMon_Handler
 .text.PendSV_Handler
                0x080039d8        0xc ./Core/Src/stm32f1xx_it.o
                0x080039d8                PendSV_Handler
 .text.SysTick_Handler
                0x080039e4        0xc ./Core/Src/stm32f1xx_it.o
                0x080039e4                SysTick_Handler
 .text.USB_LP_CAN1_RX0_IRQHandler
                0x080039f0       0x14 ./Core/Src/stm32f1xx_it.o
                0x080039f0                USB_LP_CAN1_RX0_IRQHandler
 .text.SystemInit
                0x08003a04        0xc ./Core/Src/system_stm32f1xx.o
                0x08003a04                SystemInit
 .text.MX_USART1_Init
                0x08003a10       0x58 ./Core/Src/usart.o
                0x08003a10                MX_USART1_Init
 .text.MX_USART2_Init
                0x08003a68       0x58 ./Core/Src/usart.o
                0x08003a68                MX_USART2_Init
 .text.HAL_USART_MspInit
                0x08003ac0      0x108 ./Core/Src/usart.o
                0x08003ac0                HAL_USART_MspInit
 .text.Reset_Handler
                0x08003bc8       0x48 ./Core/Startup/startup_stm32f103c8tx.o
                0x08003bc8                Reset_Handler
 .text.Default_Handler
                0x08003c10        0x2 ./Core/Startup/startup_stm32f103c8tx.o
                0x08003c10                RTC_Alarm_IRQHandler
                0x08003c10                EXTI2_IRQHandler
                0x08003c10                TIM1_CC_IRQHandler
                0x08003c10                PVD_IRQHandler
                0x08003c10                EXTI3_IRQHandler
                0x08003c10                EXTI0_IRQHandler
                0x08003c10                I2C2_EV_IRQHandler
                0x08003c10                ADC1_2_IRQHandler
                0x08003c10                SPI1_IRQHandler
                0x08003c10                TAMPER_IRQHandler
                0x08003c10                DMA1_Channel4_IRQHandler
                0x08003c10                USART3_IRQHandler
                0x08003c10                RTC_IRQHandler
                0x08003c10                DMA1_Channel7_IRQHandler
                0x08003c10                CAN1_RX1_IRQHandler
                0x08003c10                TIM4_IRQHandler
                0x08003c10                I2C1_EV_IRQHandler
                0x08003c10                DMA1_Channel6_IRQHandler
                0x08003c10                TIM3_IRQHandler
                0x08003c10                RCC_IRQHandler
                0x08003c10                TIM1_TRG_COM_IRQHandler
                0x08003c10                DMA1_Channel1_IRQHandler
                0x08003c10                Default_Handler
                0x08003c10                EXTI15_10_IRQHandler
                0x08003c10                EXTI9_5_IRQHandler
                0x08003c10                SPI2_IRQHandler
                0x08003c10                DMA1_Channel5_IRQHandler
                0x08003c10                EXTI4_IRQHandler
                0x08003c10                USB_HP_CAN1_TX_IRQHandler
                0x08003c10                DMA1_Channel3_IRQHandler
                0x08003c10                TIM1_UP_IRQHandler
                0x08003c10                WWDG_IRQHandler
                0x08003c10                TIM2_IRQHandler
                0x08003c10                TIM1_BRK_IRQHandler
                0x08003c10                EXTI1_IRQHandler
                0x08003c10                USART2_IRQHandler
                0x08003c10                I2C2_ER_IRQHandler
                0x08003c10                DMA1_Channel2_IRQHandler
                0x08003c10                CAN1_SCE_IRQHandler
                0x08003c10                FLASH_IRQHandler
                0x08003c10                USART1_IRQHandler
                0x08003c10                I2C1_ER_IRQHandler
                0x08003c10                USBWakeUp_IRQHandler
 *fill*         0x08003c12        0x2 
 .text.HAL_Init
                0x08003c14       0x2c ./Drivers/STM32F1xx_HAL_Driver/Src/stm32f1xx_hal.o
                0x08003c14                HAL_Init
 .text.HAL_InitTick
                0x08003c40       0x60 ./Drivers/STM32F1xx_HAL_Driver/Src/stm32f1xx_hal.o
                0x08003c40                HAL_InitTick
 .text.HAL_IncTick
                0x08003ca0       0x24 ./Drivers/STM32F1xx_HAL_Driver/Src/stm32f1xx_hal.o
                0x08003ca0                HAL_IncTick
 .text.HAL_GetTick
                0x08003cc4       0x14 ./Drivers/STM32F1xx_HAL_Driver/Src/stm32f1xx_hal.o
                0x08003cc4                HAL_GetTick
 .text.HAL_Delay
                0x08003cd8       0x48 ./Drivers/STM32F1xx_HAL_Driver/Src/stm32f1xx_hal.o
                0x08003cd8                HAL_Delay
 .text.__NVIC_SetPriorityGrouping
                0x08003d20       0x48 ./Drivers/STM32F1xx_HAL_Driver/Src/stm32f1xx_hal_cortex.o
 .text.__NVIC_GetPriorityGrouping
                0x08003d68       0x1c ./Drivers/STM32F1xx_HAL_Driver/Src/stm32f1xx_hal_cortex.o
 .text.__NVIC_EnableIRQ
                0x08003d84       0x38 ./Drivers/STM32F1xx_HAL_Driver/Src/stm32f1xx_hal_cortex.o
 .text.__NVIC_SetPriority
                0x08003dbc       0x54 ./Drivers/STM32F1xx_HAL_Driver/Src/stm32f1xx_hal_cortex.o
 .text.NVIC_EncodePriority
                0x08003e10       0x64 ./Drivers/STM32F1xx_HAL_Driver/Src/stm32f1xx_hal_cortex.o
 .text.SysTick_Config
                0x08003e74       0x44 ./Drivers/STM32F1xx_HAL_Driver/Src/stm32f1xx_hal_cortex.o
 .text.HAL_NVIC_SetPriorityGrouping
                0x08003eb8       0x16 ./Drivers/STM32F1xx_HAL_Driver/Src/stm32f1xx_hal_cortex.o
                0x08003eb8                HAL_NVIC_SetPriorityGrouping
 .text.HAL_NVIC_SetPriority
                0x08003ece       0x38 ./Drivers/STM32F1xx_HAL_Driver/Src/stm32f1xx_hal_cortex.o
                0x08003ece                HAL_NVIC_SetPriority
 .text.HAL_NVIC_EnableIRQ
                0x08003f06       0x1c ./Drivers/STM32F1xx_HAL_Driver/Src/stm32f1xx_hal_cortex.o
                0x08003f06                HAL_NVIC_EnableIRQ
 .text.HAL_SYSTICK_Config
                0x08003f22       0x18 ./Drivers/STM32F1xx_HAL_Driver/Src/stm32f1xx_hal_cortex.o
                0x08003f22                HAL_SYSTICK_Config
 *fill*         0x08003f3a        0x2 
 .text.HAL_GPIO_Init
                0x08003f3c      0x308 ./Drivers/STM32F1xx_HAL_Driver/Src/stm32f1xx_hal_gpio.o
                0x08003f3c                HAL_GPIO_Init
 .text.HAL_GPIO_WritePin
                0x08004244       0x30 ./Drivers/STM32F1xx_HAL_Driver/Src/stm32f1xx_hal_gpio.o
                0x08004244                HAL_GPIO_WritePin
 .text.HAL_PCD_Init
                0x08004274      0x1ec ./Drivers/STM32F1xx_HAL_Driver/Src/stm32f1xx_hal_pcd.o
                0x08004274                HAL_PCD_Init
 .text.HAL_PCD_Start
                0x08004460       0x4c ./Drivers/STM32F1xx_HAL_Driver/Src/stm32f1xx_hal_pcd.o
                0x08004460                HAL_PCD_Start
 .text.HAL_PCD_IRQHandler
                0x080044ac      0x260 ./Drivers/STM32F1xx_HAL_Driver/Src/stm32f1xx_hal_pcd.o
                0x080044ac                HAL_PCD_IRQHandler
 .text.HAL_PCD_SetAddress
                0x0800470c       0x48 ./Drivers/STM32F1xx_HAL_Driver/Src/stm32f1xx_hal_pcd.o
                0x0800470c                HAL_PCD_SetAddress
 .text.HAL_PCD_EP_Open
                0x08004754       0xba ./Drivers/STM32F1xx_HAL_Driver/Src/stm32f1xx_hal_pcd.o
                0x08004754                HAL_PCD_EP_Open
 .text.HAL_PCD_EP_Close
                0x0800480e       0x90 ./Drivers/STM32F1xx_HAL_Driver/Src/stm32f1xx_hal_pcd.o
                0x0800480e                HAL_PCD_EP_Close
 .text.HAL_PCD_EP_Receive
                0x0800489e       0x62 ./Drivers/STM32F1xx_HAL_Driver/Src/stm32f1xx_hal_pcd.o
                0x0800489e                HAL_PCD_EP_Receive
 .text.HAL_PCD_EP_GetRxCount
                0x08004900       0x2e ./Drivers/STM32F1xx_HAL_Driver/Src/stm32f1xx_hal_pcd.o
                0x08004900                HAL_PCD_EP_GetRxCount
 .text.HAL_PCD_EP_Transmit
                0x0800492e       0x6e ./Drivers/STM32F1xx_HAL_Driver/Src/stm32f1xx_hal_pcd.o
                0x0800492e                HAL_PCD_EP_Transmit
 .text.HAL_PCD_EP_SetStall
                0x0800499c       0xc0 ./Drivers/STM32F1xx_HAL_Driver/Src/stm32f1xx_hal_pcd.o
                0x0800499c                HAL_PCD_EP_SetStall
 .text.HAL_PCD_EP_ClrStall
                0x08004a5c       0xa8 ./Drivers/STM32F1xx_HAL_Driver/Src/stm32f1xx_hal_pcd.o
                0x08004a5c                HAL_PCD_EP_ClrStall
 .text.PCD_EP_ISR_Handler
                0x08004b04      0x79e ./Drivers/STM32F1xx_HAL_Driver/Src/stm32f1xx_hal_pcd.o
 .text.HAL_PCD_EP_DB_Receive
                0x080052a2      0x21a ./Drivers/STM32F1xx_HAL_Driver/Src/stm32f1xx_hal_pcd.o
 .text.HAL_PCD_EP_DB_Transmit
                0x080054bc      0x7f4 ./Drivers/STM32F1xx_HAL_Driver/Src/stm32f1xx_hal_pcd.o
 .text.HAL_PCDEx_PMAConfig
                0x08005cb0       0x84 ./Drivers/STM32F1xx_HAL_Driver/Src/stm32f1xx_hal_pcd_ex.o
                0x08005cb0                HAL_PCDEx_PMAConfig
 .text.HAL_PWR_EnableBkUpAccess
                0x08005d34       0x18 ./Drivers/STM32F1xx_HAL_Driver/Src/stm32f1xx_hal_pwr.o
                0x08005d34                HAL_PWR_EnableBkUpAccess
 .text.HAL_RCC_OscConfig
                0x08005d4c      0x504 ./Drivers/STM32F1xx_HAL_Driver/Src/stm32f1xx_hal_rcc.o
                0x08005d4c                HAL_RCC_OscConfig
 .text.HAL_RCC_ClockConfig
                0x08006250      0x1d4 ./Drivers/STM32F1xx_HAL_Driver/Src/stm32f1xx_hal_rcc.o
                0x08006250                HAL_RCC_ClockConfig
 .text.HAL_RCC_GetSysClockFreq
                0x08006424       0xa8 ./Drivers/STM32F1xx_HAL_Driver/Src/stm32f1xx_hal_rcc.o
                0x08006424                HAL_RCC_GetSysClockFreq
 .text.HAL_RCC_GetHCLKFreq
                0x080064cc       0x14 ./Drivers/STM32F1xx_HAL_Driver/Src/stm32f1xx_hal_rcc.o
                0x080064cc                HAL_RCC_GetHCLKFreq
 .text.HAL_RCC_GetPCLK1Freq
                0x080064e0       0x28 ./Drivers/STM32F1xx_HAL_Driver/Src/stm32f1xx_hal_rcc.o
                0x080064e0                HAL_RCC_GetPCLK1Freq
 .text.HAL_RCC_GetPCLK2Freq
                0x08006508       0x28 ./Drivers/STM32F1xx_HAL_Driver/Src/stm32f1xx_hal_rcc.o
                0x08006508                HAL_RCC_GetPCLK2Freq
 .text.RCC_Delay
                0x08006530       0x3c ./Drivers/STM32F1xx_HAL_Driver/Src/stm32f1xx_hal_rcc.o
 .text.HAL_RCCEx_PeriphCLKConfig
                0x0800656c      0x16c ./Drivers/STM32F1xx_HAL_Driver/Src/stm32f1xx_hal_rcc_ex.o
                0x0800656c                HAL_RCCEx_PeriphCLKConfig
 .text.HAL_RCCEx_GetPeriphCLKFreq
                0x080066d8      0x16c ./Drivers/STM32F1xx_HAL_Driver/Src/stm32f1xx_hal_rcc_ex.o
                0x080066d8                HAL_RCCEx_GetPeriphCLKFreq
 .text.HAL_RTC_Init
                0x08006844      0x118 ./Drivers/STM32F1xx_HAL_Driver/Src/stm32f1xx_hal_rtc.o
                0x08006844                HAL_RTC_Init
 .text.HAL_RTC_SetTime
                0x0800695c      0x12e ./Drivers/STM32F1xx_HAL_Driver/Src/stm32f1xx_hal_rtc.o
                0x0800695c                HAL_RTC_SetTime
 *fill*         0x08006a8a        0x2 
 .text.HAL_RTC_SetDate
                0x08006a8c      0x16c ./Drivers/STM32F1xx_HAL_Driver/Src/stm32f1xx_hal_rtc.o
                0x08006a8c                HAL_RTC_SetDate
 .text.HAL_RTC_WaitForSynchro
                0x08006bf8       0x5a ./Drivers/STM32F1xx_HAL_Driver/Src/stm32f1xx_hal_rtc.o
                0x08006bf8                HAL_RTC_WaitForSynchro
 .text.RTC_ReadTimeCounter
                0x08006c52       0x60 ./Drivers/STM32F1xx_HAL_Driver/Src/stm32f1xx_hal_rtc.o
 .text.RTC_WriteTimeCounter
                0x08006cb2       0x4e ./Drivers/STM32F1xx_HAL_Driver/Src/stm32f1xx_hal_rtc.o
 .text.RTC_ReadAlarmCounter
                0x08006d00       0x32 ./Drivers/STM32F1xx_HAL_Driver/Src/stm32f1xx_hal_rtc.o
 .text.RTC_WriteAlarmCounter
                0x08006d32       0x4e ./Drivers/STM32F1xx_HAL_Driver/Src/stm32f1xx_hal_rtc.o
 .text.RTC_EnterInitMode
                0x08006d80       0x50 ./Drivers/STM32F1xx_HAL_Driver/Src/stm32f1xx_hal_rtc.o
 .text.RTC_ExitInitMode
                0x08006dd0       0x50 ./Drivers/STM32F1xx_HAL_Driver/Src/stm32f1xx_hal_rtc.o
 .text.RTC_Bcd2ToByte
                0x08006e20       0x3a ./Drivers/STM32F1xx_HAL_Driver/Src/stm32f1xx_hal_rtc.o
 *fill*         0x08006e5a        0x2 
 .text.RTC_WeekDayNum
                0x08006e5c       0xf0 ./Drivers/STM32F1xx_HAL_Driver/Src/stm32f1xx_hal_rtc.o
 .text.HAL_SPI_Init
                0x08006f4c      0x108 ./Drivers/STM32F1xx_HAL_Driver/Src/stm32f1xx_hal_spi.o
                0x08006f4c                HAL_SPI_Init
 .text.HAL_SPI_Transmit
                0x08007054      0x288 ./Drivers/STM32F1xx_HAL_Driver/Src/stm32f1xx_hal_spi.o
                0x08007054                HAL_SPI_Transmit
 .text.HAL_SPI_Receive
                0x080072dc      0x232 ./Drivers/STM32F1xx_HAL_Driver/Src/stm32f1xx_hal_spi.o
                0x080072dc                HAL_SPI_Receive
 .text.HAL_SPI_TransmitReceive
                0x0800750e      0x352 ./Drivers/STM32F1xx_HAL_Driver/Src/stm32f1xx_hal_spi.o
                0x0800750e                HAL_SPI_TransmitReceive
 .text.SPI_WaitFlagStateUntilTimeout
                0x08007860      0x110 ./Drivers/STM32F1xx_HAL_Driver/Src/stm32f1xx_hal_spi.o
 .text.SPI_EndRxTransaction
                0x08007970       0xa4 ./Drivers/STM32F1xx_HAL_Driver/Src/stm32f1xx_hal_spi.o
 .text.SPI_EndRxTxTransaction
                0x08007a14       0x62 ./Drivers/STM32F1xx_HAL_Driver/Src/stm32f1xx_hal_spi.o
 .text.HAL_USART_Init
                0x08007a76       0x82 ./Drivers/STM32F1xx_HAL_Driver/Src/stm32f1xx_hal_usart.o
                0x08007a76                HAL_USART_Init
 .text.USART_SetConfig
                0x08007af8      0x1f0 ./Drivers/STM32F1xx_HAL_Driver/Src/stm32f1xx_hal_usart.o
 .text.USB_CoreInit
                0x08007ce8       0x1a ./Drivers/STM32F1xx_HAL_Driver/Src/stm32f1xx_ll_usb.o
                0x08007ce8                USB_CoreInit
 .text.USB_EnableGlobalInt
                0x08007d02       0x2c ./Drivers/STM32F1xx_HAL_Driver/Src/stm32f1xx_ll_usb.o
                0x08007d02                USB_EnableGlobalInt
 .text.USB_DisableGlobalInt
                0x08007d2e       0x34 ./Drivers/STM32F1xx_HAL_Driver/Src/stm32f1xx_ll_usb.o
                0x08007d2e                USB_DisableGlobalInt
 .text.USB_SetCurrentMode
                0x08007d62       0x18 ./Drivers/STM32F1xx_HAL_Driver/Src/stm32f1xx_ll_usb.o
                0x08007d62                USB_SetCurrentMode
 .text.USB_DevInit
                0x08007d7a       0x3a ./Drivers/STM32F1xx_HAL_Driver/Src/stm32f1xx_ll_usb.o
                0x08007d7a                USB_DevInit
 .text.USB_ActivateEndpoint
                0x08007db4      0x780 ./Drivers/STM32F1xx_HAL_Driver/Src/stm32f1xx_ll_usb.o
                0x08007db4                USB_ActivateEndpoint
 .text.USB_DeactivateEndpoint
                0x08008534      0x3d8 ./Drivers/STM32F1xx_HAL_Driver/Src/stm32f1xx_ll_usb.o
                0x08008534                USB_DeactivateEndpoint
 .text.USB_EPStartXfer
                0x0800890c     0x1762 ./Drivers/STM32F1xx_HAL_Driver/Src/stm32f1xx_ll_usb.o
                0x0800890c                USB_EPStartXfer
 .text.USB_EPSetStall
                0x0800a06e       0xa0 ./Drivers/STM32F1xx_HAL_Driver/Src/stm32f1xx_ll_usb.o
                0x0800a06e                USB_EPSetStall
 .text.USB_EPClearStall
                0x0800a10e      0x15a ./Drivers/STM32F1xx_HAL_Driver/Src/stm32f1xx_ll_usb.o
                0x0800a10e                USB_EPClearStall
 .text.USB_SetDevAddress
                0x0800a268       0x26 ./Drivers/STM32F1xx_HAL_Driver/Src/stm32f1xx_ll_usb.o
                0x0800a268                USB_SetDevAddress
 .text.USB_DevConnect
                0x0800a28e       0x14 ./Drivers/STM32F1xx_HAL_Driver/Src/stm32f1xx_ll_usb.o
                0x0800a28e                USB_DevConnect
 .text.USB_DevDisconnect
                0x0800a2a2       0x14 ./Drivers/STM32F1xx_HAL_Driver/Src/stm32f1xx_ll_usb.o
                0x0800a2a2                USB_DevDisconnect
 .text.USB_ReadInterrupts
                0x0800a2b6       0x1e ./Drivers/STM32F1xx_HAL_Driver/Src/stm32f1xx_ll_usb.o
                0x0800a2b6                USB_ReadInterrupts
 .text.USB_EP0_OutStart
                0x0800a2d4       0x16 ./Drivers/STM32F1xx_HAL_Driver/Src/stm32f1xx_ll_usb.o
                0x0800a2d4                USB_EP0_OutStart
 .text.USB_WritePMA
                0x0800a2ea       0x8c ./Drivers/STM32F1xx_HAL_Driver/Src/stm32f1xx_ll_usb.o
                0x0800a2ea                USB_WritePMA
 .text.USB_ReadPMA
                0x0800a376       0x9e ./Drivers/STM32F1xx_HAL_Driver/Src/stm32f1xx_ll_usb.o
                0x0800a376                USB_ReadPMA
 .text.USBD_CDC_Init
                0x0800a414       0xf4 ./Middlewares/ST/STM32_USB_Device_Library/Class/CDC/Src/usbd_cdc.o
 .text.USBD_CDC_DeInit
                0x0800a508       0x6e ./Middlewares/ST/STM32_USB_Device_Library/Class/CDC/Src/usbd_cdc.o
 .text.USBD_CDC_Setup
                0x0800a576      0x146 ./Middlewares/ST/STM32_USB_Device_Library/Class/CDC/Src/usbd_cdc.o
 .text.USBD_CDC_DataIn
                0x0800a6bc       0xa6 ./Middlewares/ST/STM32_USB_Device_Library/Class/CDC/Src/usbd_cdc.o
 .text.USBD_CDC_DataOut
                0x0800a762       0x56 ./Middlewares/ST/STM32_USB_Device_Library/Class/CDC/Src/usbd_cdc.o
 .text.USBD_CDC_EP0_RxReady
                0x0800a7b8       0x4e ./Middlewares/ST/STM32_USB_Device_Library/Class/CDC/Src/usbd_cdc.o
 *fill*         0x0800a806        0x2 
 .text.USBD_CDC_GetFSCfgDesc
                0x0800a808       0x20 ./Middlewares/ST/STM32_USB_Device_Library/Class/CDC/Src/usbd_cdc.o
 .text.USBD_CDC_GetHSCfgDesc
                0x0800a828       0x20 ./Middlewares/ST/STM32_USB_Device_Library/Class/CDC/Src/usbd_cdc.o
 .text.USBD_CDC_GetOtherSpeedCfgDesc
                0x0800a848       0x20 ./Middlewares/ST/STM32_USB_Device_Library/Class/CDC/Src/usbd_cdc.o
 .text.USBD_CDC_GetDeviceQualifierDescriptor
                0x0800a868       0x20 ./Middlewares/ST/STM32_USB_Device_Library/Class/CDC/Src/usbd_cdc.o
                0x0800a868                USBD_CDC_GetDeviceQualifierDescriptor
 .text.USBD_CDC_RegisterInterface
                0x0800a888       0x2c ./Middlewares/ST/STM32_USB_Device_Library/Class/CDC/Src/usbd_cdc.o
                0x0800a888                USBD_CDC_RegisterInterface
 .text.USBD_CDC_SetTxBuffer
                0x0800a8b4       0x32 ./Middlewares/ST/STM32_USB_Device_Library/Class/CDC/Src/usbd_cdc.o
                0x0800a8b4                USBD_CDC_SetTxBuffer
 .text.USBD_CDC_SetRxBuffer
                0x0800a8e6       0x26 ./Middlewares/ST/STM32_USB_Device_Library/Class/CDC/Src/usbd_cdc.o
                0x0800a8e6                USBD_CDC_SetRxBuffer
 .text.USBD_CDC_TransmitPacket
                0x0800a90c       0x5e ./Middlewares/ST/STM32_USB_Device_Library/Class/CDC/Src/usbd_cdc.o
                0x0800a90c                USBD_CDC_TransmitPacket
 .text.USBD_CDC_ReceivePacket
                0x0800a96a       0x54 ./Middlewares/ST/STM32_USB_Device_Library/Class/CDC/Src/usbd_cdc.o
                0x0800a96a                USBD_CDC_ReceivePacket
 .text.USBD_Init
                0x0800a9be       0x56 ./Middlewares/ST/STM32_USB_Device_Library/Core/Src/usbd_core.o
                0x0800a9be                USBD_Init
 .text.USBD_RegisterClass
                0x0800aa14       0x32 ./Middlewares/ST/STM32_USB_Device_Library/Core/Src/usbd_core.o
                0x0800aa14                USBD_RegisterClass
 .text.USBD_Start
                0x0800aa46       0x18 ./Middlewares/ST/STM32_USB_Device_Library/Core/Src/usbd_core.o
                0x0800aa46                USBD_Start
 .text.USBD_RunTestMode
                0x0800aa5e       0x14 ./Middlewares/ST/STM32_USB_Device_Library/Core/Src/usbd_core.o
                0x0800aa5e                USBD_RunTestMode
 .text.USBD_SetClassConfig
                0x0800aa72       0x3e ./Middlewares/ST/STM32_USB_Device_Library/Core/Src/usbd_core.o
                0x0800aa72                USBD_SetClassConfig
 .text.USBD_ClrClassConfig
                0x0800aab0       0x26 ./Middlewares/ST/STM32_USB_Device_Library/Core/Src/usbd_core.o
                0x0800aab0                USBD_ClrClassConfig
 .text.USBD_LL_SetupStage
                0x0800aad6       0x9a ./Middlewares/ST/STM32_USB_Device_Library/Core/Src/usbd_core.o
                0x0800aad6                USBD_LL_SetupStage
 .text.USBD_LL_DataOutStage
                0x0800ab70       0xe2 ./Middlewares/ST/STM32_USB_Device_Library/Core/Src/usbd_core.o
                0x0800ab70                USBD_LL_DataOutStage
 .text.USBD_LL_DataInStage
                0x0800ac52      0x14a ./Middlewares/ST/STM32_USB_Device_Library/Core/Src/usbd_core.o
                0x0800ac52                USBD_LL_DataInStage
 .text.USBD_LL_Reset
                0x0800ad9c       0x82 ./Middlewares/ST/STM32_USB_Device_Library/Core/Src/usbd_core.o
                0x0800ad9c                USBD_LL_Reset
 .text.USBD_LL_SetSpeed
                0x0800ae1e       0x1e ./Middlewares/ST/STM32_USB_Device_Library/Core/Src/usbd_core.o
                0x0800ae1e                USBD_LL_SetSpeed
 .text.USBD_LL_Suspend
                0x0800ae3c       0x28 ./Middlewares/ST/STM32_USB_Device_Library/Core/Src/usbd_core.o
                0x0800ae3c                USBD_LL_Suspend
 .text.USBD_LL_Resume
                0x0800ae64       0x2a ./Middlewares/ST/STM32_USB_Device_Library/Core/Src/usbd_core.o
                0x0800ae64                USBD_LL_Resume
 .text.USBD_LL_SOF
                0x0800ae8e       0x34 ./Middlewares/ST/STM32_USB_Device_Library/Core/Src/usbd_core.o
                0x0800ae8e                USBD_LL_SOF
 *fill*         0x0800aec2        0x2 
 .text.USBD_StdDevReq
                0x0800aec4       0xd4 ./Middlewares/ST/STM32_USB_Device_Library/Core/Src/usbd_ctlreq.o
                0x0800aec4                USBD_StdDevReq
 .text.USBD_StdItfReq
                0x0800af98       0x90 ./Middlewares/ST/STM32_USB_Device_Library/Core/Src/usbd_ctlreq.o
                0x0800af98                USBD_StdItfReq
 .text.USBD_StdEPReq
                0x0800b028      0x2c6 ./Middlewares/ST/STM32_USB_Device_Library/Core/Src/usbd_ctlreq.o
                0x0800b028                USBD_StdEPReq
 *fill*         0x0800b2ee        0x2 
 .text.USBD_GetDescriptor
                0x0800b2f0      0x2d0 ./Middlewares/ST/STM32_USB_Device_Library/Core/Src/usbd_ctlreq.o
 .text.USBD_SetAddress
                0x0800b5c0       0x86 ./Middlewares/ST/STM32_USB_Device_Library/Core/Src/usbd_ctlreq.o
 *fill*         0x0800b646        0x2 
 .text.USBD_SetConfig
                0x0800b648      0x11c ./Middlewares/ST/STM32_USB_Device_Library/Core/Src/usbd_ctlreq.o
 .text.USBD_GetConfig
                0x0800b764       0x6a ./Middlewares/ST/STM32_USB_Device_Library/Core/Src/usbd_ctlreq.o
 .text.USBD_GetStatus
                0x0800b7ce       0x66 ./Middlewares/ST/STM32_USB_Device_Library/Core/Src/usbd_ctlreq.o
 .text.USBD_SetFeature
                0x0800b834       0x28 ./Middlewares/ST/STM32_USB_Device_Library/Core/Src/usbd_ctlreq.o
 .text.USBD_ClrFeature
                0x0800b85c       0x42 ./Middlewares/ST/STM32_USB_Device_Library/Core/Src/usbd_ctlreq.o
 .text.USBD_ParseSetupRequest
                0x0800b89e       0x72 ./Middlewares/ST/STM32_USB_Device_Library/Core/Src/usbd_ctlreq.o
                0x0800b89e                USBD_ParseSetupRequest
 .text.USBD_CtlError
                0x0800b910       0x22 ./Middlewares/ST/STM32_USB_Device_Library/Core/Src/usbd_ctlreq.o
                0x0800b910                USBD_CtlError
 .text.USBD_GetString
                0x0800b932       0x84 ./Middlewares/ST/STM32_USB_Device_Library/Core/Src/usbd_ctlreq.o
                0x0800b932                USBD_GetString
 .text.USBD_GetLen
                0x0800b9b6       0x2e ./Middlewares/ST/STM32_USB_Device_Library/Core/Src/usbd_ctlreq.o
 .text.USBD_CtlSendData
                0x0800b9e4       0x38 ./Middlewares/ST/STM32_USB_Device_Library/Core/Src/usbd_ioreq.o
                0x0800b9e4                USBD_CtlSendData
 .text.USBD_CtlContinueSendData
                0x0800ba1c       0x24 ./Middlewares/ST/STM32_USB_Device_Library/Core/Src/usbd_ioreq.o
                0x0800ba1c                USBD_CtlContinueSendData
 .text.USBD_CtlPrepareRx
                0x0800ba40       0x3c ./Middlewares/ST/STM32_USB_Device_Library/Core/Src/usbd_ioreq.o
                0x0800ba40                USBD_CtlPrepareRx
 .text.USBD_CtlContinueRx
                0x0800ba7c       0x24 ./Middlewares/ST/STM32_USB_Device_Library/Core/Src/usbd_ioreq.o
                0x0800ba7c                USBD_CtlContinueRx
 .text.USBD_CtlSendStatus
                0x0800baa0       0x26 ./Middlewares/ST/STM32_USB_Device_Library/Core/Src/usbd_ioreq.o
                0x0800baa0                USBD_CtlSendStatus
 .text.USBD_CtlReceiveStatus
                0x0800bac6       0x26 ./Middlewares/ST/STM32_USB_Device_Library/Core/Src/usbd_ioreq.o
                0x0800bac6                USBD_CtlReceiveStatus
 .text.MX_USB_DEVICE_Init
                0x0800baec       0x60 ./USB_DEVICE/App/usb_device.o
                0x0800baec                MX_USB_DEVICE_Init
 .text.CDC_Init_FS
                0x0800bb4c       0x28 ./USB_DEVICE/App/usbd_cdc_if.o
 .text.CDC_DeInit_FS
                0x0800bb74        0xe ./USB_DEVICE/App/usbd_cdc_if.o
 *fill*         0x0800bb82        0x2 
 .text.CDC_Control_FS
                0x0800bb84       0xbc ./USB_DEVICE/App/usbd_cdc_if.o
 .text.CDC_Receive_FS
                0x0800bc40       0x38 ./USB_DEVICE/App/usbd_cdc_if.o
 .text.CDC_Transmit_FS
                0x0800bc78       0x4c ./USB_DEVICE/App/usbd_cdc_if.o
                0x0800bc78                CDC_Transmit_FS
 .text.USBD_FS_DeviceDescriptor
                0x0800bcc4       0x24 ./USB_DEVICE/App/usbd_desc.o
                0x0800bcc4                USBD_FS_DeviceDescriptor
 .text.USBD_FS_LangIDStrDescriptor
                0x0800bce8       0x24 ./USB_DEVICE/App/usbd_desc.o
                0x0800bce8                USBD_FS_LangIDStrDescriptor
 .text.USBD_FS_ProductStrDescriptor
                0x0800bd0c       0x3c ./USB_DEVICE/App/usbd_desc.o
                0x0800bd0c                USBD_FS_ProductStrDescriptor
 .text.USBD_FS_ManufacturerStrDescriptor
                0x0800bd48       0x28 ./USB_DEVICE/App/usbd_desc.o
                0x0800bd48                USBD_FS_ManufacturerStrDescriptor
 .text.USBD_FS_SerialStrDescriptor
                0x0800bd70       0x24 ./USB_DEVICE/App/usbd_desc.o
                0x0800bd70                USBD_FS_SerialStrDescriptor
 .text.USBD_FS_ConfigStrDescriptor
                0x0800bd94       0x3c ./USB_DEVICE/App/usbd_desc.o
                0x0800bd94                USBD_FS_ConfigStrDescriptor
 .text.USBD_FS_InterfaceStrDescriptor
                0x0800bdd0       0x3c ./USB_DEVICE/App/usbd_desc.o
                0x0800bdd0                USBD_FS_InterfaceStrDescriptor
 .text.Get_SerialNum
                0x0800be0c       0x58 ./USB_DEVICE/App/usbd_desc.o
 .text.IntToUnicode
                0x0800be64       0x7c ./USB_DEVICE/App/usbd_desc.o
 .text.HAL_PCD_MspInit
                0x0800bee0       0x4c ./USB_DEVICE/Target/usbd_conf.o
                0x0800bee0                HAL_PCD_MspInit
 .text.HAL_PCD_SetupStageCallback
                0x0800bf2c       0x24 ./USB_DEVICE/Target/usbd_conf.o
                0x0800bf2c                HAL_PCD_SetupStageCallback
 .text.HAL_PCD_DataOutStageCallback
                0x0800bf50       0x36 ./USB_DEVICE/Target/usbd_conf.o
                0x0800bf50                HAL_PCD_DataOutStageCallback
 .text.HAL_PCD_DataInStageCallback
                0x0800bf86       0x34 ./USB_DEVICE/Target/usbd_conf.o
                0x0800bf86                HAL_PCD_DataInStageCallback
 .text.HAL_PCD_SOFCallback
                0x0800bfba       0x1c ./USB_DEVICE/Target/usbd_conf.o
                0x0800bfba                HAL_PCD_SOFCallback
 .text.HAL_PCD_ResetCallback
                0x0800bfd6       0x3c ./USB_DEVICE/Target/usbd_conf.o
                0x0800bfd6                HAL_PCD_ResetCallback
 *fill*         0x0800c012        0x2 
 .text.HAL_PCD_SuspendCallback
                0x0800c014       0x34 ./USB_DEVICE/Target/usbd_conf.o
                0x0800c014                HAL_PCD_SuspendCallback
 .text.HAL_PCD_ResumeCallback
                0x0800c048       0x1c ./USB_DEVICE/Target/usbd_conf.o
                0x0800c048                HAL_PCD_ResumeCallback
 .text.USBD_LL_Init
                0x0800c064       0xb4 ./USB_DEVICE/Target/usbd_conf.o
                0x0800c064                USBD_LL_Init
 .text.USBD_LL_Start
                0x0800c118       0x36 ./USB_DEVICE/Target/usbd_conf.o
                0x0800c118                USBD_LL_Start
 .text.USBD_LL_OpenEP
                0x0800c14e       0x4c ./USB_DEVICE/Target/usbd_conf.o
                0x0800c14e                USBD_LL_OpenEP
 .text.USBD_LL_CloseEP
                0x0800c19a       0x3e ./USB_DEVICE/Target/usbd_conf.o
                0x0800c19a                USBD_LL_CloseEP
 .text.USBD_LL_StallEP
                0x0800c1d8       0x3e ./USB_DEVICE/Target/usbd_conf.o
                0x0800c1d8                USBD_LL_StallEP
 .text.USBD_LL_ClearStallEP
                0x0800c216       0x3e ./USB_DEVICE/Target/usbd_conf.o
                0x0800c216                USBD_LL_ClearStallEP
 .text.USBD_LL_IsStallEP
                0x0800c254       0x56 ./USB_DEVICE/Target/usbd_conf.o
                0x0800c254                USBD_LL_IsStallEP
 .text.USBD_LL_SetUSBAddress
                0x0800c2aa       0x3e ./USB_DEVICE/Target/usbd_conf.o
                0x0800c2aa                USBD_LL_SetUSBAddress
 .text.USBD_LL_Transmit
                0x0800c2e8       0x46 ./USB_DEVICE/Target/usbd_conf.o
                0x0800c2e8                USBD_LL_Transmit
 .text.USBD_LL_PrepareReceive
                0x0800c32e       0x46 ./USB_DEVICE/Target/usbd_conf.o
                0x0800c32e                USBD_LL_PrepareReceive
 .text.USBD_LL_GetRxDataSize
                0x0800c374       0x26 ./USB_DEVICE/Target/usbd_conf.o
                0x0800c374                USBD_LL_GetRxDataSize
 *fill*         0x0800c39a        0x2 
 .text.USBD_static_malloc
                0x0800c39c       0x18 ./USB_DEVICE/Target/usbd_conf.o
                0x0800c39c                USBD_static_malloc
 .text.USBD_static_free
                0x0800c3b4       0x12 ./USB_DEVICE/Target/usbd_conf.o
                0x0800c3b4                USBD_static_free
 .text.HAL_PCDEx_SetConnectionState
                0x0800c3c6       0x16 ./USB_DEVICE/Target/usbd_conf.o
                0x0800c3c6                HAL_PCDEx_SetConnectionState
 .text.USBD_Get_USB_Status
                0x0800c3dc       0x58 ./USB_DEVICE/Target/usbd_conf.o
 .text.memset   0x0800c434       0x10 C:/Program Files/ST/STM32CubeIDE_2.0.0/STM32CubeIDE/plugins/com.st.stm32cube.ide.mcu.externaltools.gnu-tools-for-stm32.13.3.rel1.win32_1.0.100.202509120712/tools/bin/../lib/gcc/arm-none-eabi/13.3.1/../../../../arm-none-eabi/lib/thumb/v7-m/nofp\libc_nano.a(libc_a-memset.o)
                0x0800c434                memset
 .text.__libc_init_array
                0x0800c444       0x48 C:/Program Files/ST/STM32CubeIDE_2.0.0/STM32CubeIDE/plugins/com.st.stm32cube.ide.mcu.externaltools.gnu-tools-for-stm32.13.3.rel1.win32_1.0.100.202509120712/tools/bin/../lib/gcc/arm-none-eabi/13.3.1/../../../../arm-none-eabi/lib/thumb/v7-m/nofp\libc_nano.a(libc_a-init.o)
                0x0800c444                __libc_init_array
 .text.memcpy   0x0800c48c       0x1c C:/Program Files/ST/STM32CubeIDE_2.0.0/STM32CubeIDE/plugins/com.st.stm32cube.ide.mcu.externaltools.gnu-tools-for-stm32.13.3.rel1.win32_1.0.100.202509120712/tools/bin/../lib/gcc/arm-none-eabi/13.3.1/../../../../arm-none-eabi/lib/thumb/v7-m/nofp\libc_nano.a(libc_a-memcpy-stub.o)
                0x0800c48c                memcpy
 *(.glue_7)
 .glue_7        0x0800c4a8        0x0 linker stubs
 *(.glue_7t)
 .glue_7t       0x0800c4a8        0x0 linker stubs
 *(.eh_frame)
 .eh_frame      0x0800c4a8        0x0 C:/Program Files/ST/STM32CubeIDE_2.0.0/STM32CubeIDE/plugins/com.st.stm32cube.ide.mcu.externaltools.gnu-tools-for-stm32.13.3.rel1.win32_1.0.100.202509120712/tools/bin/../lib/gcc/arm-none-eabi/13.3.1/thumb/v7-m/nofp/crtbegin.o
 *(.init)
 .init          0x0800c4a8        0x4 C:/Program Files/ST/STM32CubeIDE_2.0.0/STM32CubeIDE/plugins/com.st.stm32cube.ide.mcu.externaltools.gnu-tools-for-stm32.13.3.rel1.win32_1.0.100.202509120712/tools/bin/../lib/gcc/arm-none-eabi/13.3.1/thumb/v7-m/nofp/crti.o
                0x0800c4a8                _init
 .init          0x0800c4ac        0x8 C:/Program Files/ST/STM32CubeIDE_2.0.0/STM32CubeIDE/plugins/com.st.stm32cube.ide.mcu.externaltools.gnu-tools-for-stm32.13.3.rel1.win32_1.0.100.202509120712/tools/bin/../lib/gcc/arm-none-eabi/13.3.1/thumb/v7-m/nofp/crtn.o
 *(.fini)
 .fini          0x0800c4b4        0x4 C:/Program Files/ST/STM32CubeIDE_2.0.0/STM32CubeIDE/plugins/com.st.stm32cube.ide.mcu.externaltools.gnu-tools-for-stm32.13.3.rel1.win32_1.0.100.202509120712/tools/bin/../lib/gcc/arm-none-eabi/13.3.1/thumb/v7-m/nofp/crti.o
                0x0800c4b4                _fini
 .fini          0x0800c4b8        0x8 C:/Program Files/ST/STM32CubeIDE_2.0.0/STM32CubeIDE/plugins/com.st.stm32cube.ide.mcu.externaltools.gnu-tools-for-stm32.13.3.rel1.win32_1.0.100.202509120712/tools/bin/../lib/gcc/arm-none-eabi/13.3.1/thumb/v7-m/nofp/crtn.o
                0x0800c4c0                        . = ALIGN (0x4)
                0x0800c4c0                        _etext = .

.vfp11_veneer   0x0800c4c0        0x0
 .vfp11_veneer  0x0800c4c0        0x0 linker stubs

.v4_bx          0x0800c4c0        0x0
 .v4_bx         0x0800c4c0        0x0 linker stubs

.iplt           0x0800c4c0        0x0
 .iplt          0x0800c4c0        0x0 C:/Program Files/ST/STM32CubeIDE_2.0.0/STM32CubeIDE/plugins/com.st.stm32cube.ide.mcu.externaltools.gnu-tools-for-stm32.13.3.rel1.win32_1.0.100.202509120712/tools/bin/../lib/gcc/arm-none-eabi/13.3.1/thumb/v7-m/nofp/crtbegin.o

.rodata         0x0800c4c0       0x88
                0x0800c4c0                        . = ALIGN (0x4)
 *(.rodata)
 .rodata        0x0800c4c0       0x46 ./USB_DEVICE/App/usbd_desc.o
 *(.rodata*)
 *fill*         0x0800c506        0x2 
 .rodata.AHBPrescTable
                0x0800c508       0x10 ./Core/Src/system_stm32f1xx.o
                0x0800c508                AHBPrescTable
 .rodata.APBPrescTable
                0x0800c518        0x8 ./Core/Src/system_stm32f1xx.o
                0x0800c518                APBPrescTable
 .rodata.aPLLMULFactorTable.1
                0x0800c520       0x10 ./Drivers/STM32F1xx_HAL_Driver/Src/stm32f1xx_hal_rcc.o
 .rodata.aPredivFactorTable.0
                0x0800c530        0x2 ./Drivers/STM32F1xx_HAL_Driver/Src/stm32f1xx_hal_rcc.o
 *fill*         0x0800c532        0x2 
 .rodata.aPLLMULFactorTable.1
                0x0800c534       0x10 ./Drivers/STM32F1xx_HAL_Driver/Src/stm32f1xx_hal_rcc_ex.o
 .rodata.aPredivFactorTable.0
                0x0800c544        0x2 ./Drivers/STM32F1xx_HAL_Driver/Src/stm32f1xx_hal_rcc_ex.o
                0x0800c548                        . = ALIGN (0x4)
 *fill*         0x0800c546        0x2 

.ARM.extab      0x0800c548        0x0
                0x0800c548                        . = ALIGN (0x4)
 *(.ARM.extab* .gnu.linkonce.armextab.*)
                0x0800c548                        . = ALIGN (0x4)

.ARM            0x0800c548        0x8
                0x0800c548                        . = ALIGN (0x4)
                0x0800c548                        __exidx_start = .
 *(.ARM.exidx*)
 .ARM.exidx     0x0800c548        0x8 C:/Program Files/ST/STM32CubeIDE_2.0.0/STM32CubeIDE/plugins/com.st.stm32cube.ide.mcu.externaltools.gnu-tools-for-stm32.13.3.rel1.win32_1.0.100.202509120712/tools/bin/../lib/gcc/arm-none-eabi/13.3.1/thumb/v7-m/nofp\libgcc.a(_udivmoddi4.o)
                0x0800c550                        __exidx_end = .
                0x0800c550                        . = ALIGN (0x4)

.preinit_array  0x0800c550        0x0
                0x0800c550                        . = ALIGN (0x4)
                0x0800c550                        PROVIDE (__preinit_array_start = .)
 *(.preinit_array*)
                0x0800c550                        PROVIDE (__preinit_array_end = .)
                0x0800c550                        . = ALIGN (0x4)

.init_array     0x0800c550        0x4
                0x0800c550                        . = ALIGN (0x4)
                0x0800c550                        PROVIDE (__init_array_start = .)
 *(SORT_BY_NAME(.init_array.*))
 *(.init_array*)
 .init_array    0x0800c550        0x4 C:/Program Files/ST/STM32CubeIDE_2.0.0/STM32CubeIDE/plugins/com.st.stm32cube.ide.mcu.externaltools.gnu-tools-for-stm32.13.3.rel1.win32_1.0.100.202509120712/tools/bin/../lib/gcc/arm-none-eabi/13.3.1/thumb/v7-m/nofp/crtbegin.o
                0x0800c554                        PROVIDE (__init_array_end = .)
                0x0800c554                        . = ALIGN (0x4)

.fini_array     0x0800c554        0x4
                0x0800c554                        . = ALIGN (0x4)
                [!provide]                        PROVIDE (__fini_array_start = .)
 *(SORT_BY_NAME(.fini_array.*))
 *(.fini_array*)
 .fini_array    0x0800c554        0x4 C:/Program Files/ST/STM32CubeIDE_2.0.0/STM32CubeIDE/plugins/com.st.stm32cube.ide.mcu.externaltools.gnu-tools-for-stm32.13.3.rel1.win32_1.0.100.202509120712/tools/bin/../lib/gcc/arm-none-eabi/13.3.1/thumb/v7-m/nofp/crtbegin.o
                [!provide]                        PROVIDE (__fini_array_end = .)
                0x0800c558                        . = ALIGN (0x4)
                0x0800c558                        _sidata = LOADADDR (.data)

.rel.dyn        0x0800c558        0x0
 .rel.iplt      0x0800c558        0x0 C:/Program Files/ST/STM32CubeIDE_2.0.0/STM32CubeIDE/plugins/com.st.stm32cube.ide.mcu.externaltools.gnu-tools-for-stm32.13.3.rel1.win32_1.0.100.202509120712/tools/bin/../lib/gcc/arm-none-eabi/13.3.1/thumb/v7-m/nofp/crtbegin.o

.data           0x20000000      0x17c load address 0x0800c558
                0x20000000                        . = ALIGN (0x4)
                0x20000000                        _sdata = .
 *(.data)
 *(.data*)
 .data.SystemCoreClock
                0x20000000        0x4 ./Core/Src/system_stm32f1xx.o
                0x20000000                SystemCoreClock
 .data.uwTickPrio
                0x20000004        0x4 ./Drivers/STM32F1xx_HAL_Driver/Src/stm32f1xx_hal.o
                0x20000004                uwTickPrio
 .data.uwTickFreq
                0x20000008        0x1 ./Drivers/STM32F1xx_HAL_Driver/Src/stm32f1xx_hal.o
                0x20000008                uwTickFreq
 *fill*         0x20000009        0x3 
 .data.USBD_CDC_DeviceQualifierDesc
                0x2000000c        0xa ./Middlewares/ST/STM32_USB_Device_Library/Class/CDC/Src/usbd_cdc.o
 *fill*         0x20000016        0x2 
 .data.USBD_CDC
                0x20000018       0x38 ./Middlewares/ST/STM32_USB_Device_Library/Class/CDC/Src/usbd_cdc.o
                0x20000018                USBD_CDC
 .data.USBD_CDC_CfgHSDesc
                0x20000050       0x43 ./Middlewares/ST/STM32_USB_Device_Library/Class/CDC/Src/usbd_cdc.o
                0x20000050                USBD_CDC_CfgHSDesc
 *fill*         0x20000093        0x1 
 .data.USBD_CDC_CfgFSDesc
                0x20000094       0x43 ./Middlewares/ST/STM32_USB_Device_Library/Class/CDC/Src/usbd_cdc.o
                0x20000094                USBD_CDC_CfgFSDesc
 *fill*         0x200000d7        0x1 
 .data.USBD_CDC_OtherSpeedCfgDesc
                0x200000d8       0x43 ./Middlewares/ST/STM32_USB_Device_Library/Class/CDC/Src/usbd_cdc.o
                0x200000d8                USBD_CDC_OtherSpeedCfgDesc
 *fill*         0x2000011b        0x1 
 .data.USBD_Interface_fops_FS
                0x2000011c       0x10 ./USB_DEVICE/App/usbd_cdc_if.o
                0x2000011c                USBD_Interface_fops_FS
 .data.FS_Desc  0x2000012c       0x1c ./USB_DEVICE/App/usbd_desc.o
                0x2000012c                FS_Desc
 .data.USBD_FS_DeviceDesc
                0x20000148       0x12 ./USB_DEVICE/App/usbd_desc.o
                0x20000148                USBD_FS_DeviceDesc
 *fill*         0x2000015a        0x2 
 .data.USBD_LangIDDesc
                0x2000015c        0x4 ./USB_DEVICE/App/usbd_desc.o
                0x2000015c                USBD_LangIDDesc
 .data.USBD_StringSerial
                0x20000160       0x1a ./USB_DEVICE/App/usbd_desc.o
                0x20000160                USBD_StringSerial
 *(.RamFunc)
 *(.RamFunc*)
                0x2000017c                        . = ALIGN (0x4)
 *fill*         0x2000017a        0x2 
                0x2000017c                        _edata = .

.igot.plt       0x2000017c        0x0 load address 0x0800c6d4
 .igot.plt      0x2000017c        0x0 C:/Program Files/ST/STM32CubeIDE_2.0.0/STM32CubeIDE/plugins/com.st.stm32cube.ide.mcu.externaltools.gnu-tools-for-stm32.13.3.rel1.win32_1.0.100.202509120712/tools/bin/../lib/gcc/arm-none-eabi/13.3.1/thumb/v7-m/nofp/crtbegin.o
                0x2000017c                        . = ALIGN (0x4)

.bss            0x20000180     0x4704 load address 0x0800c6d4
                0x20000180                        _sbss = .
                0x20000180                        __bss_start__ = _sbss
 *(.bss)
 .bss           0x20000180       0x1c C:/Program Files/ST/STM32CubeIDE_2.0.0/STM32CubeIDE/plugins/com.st.stm32cube.ide.mcu.externaltools.gnu-tools-for-stm32.13.3.rel1.win32_1.0.100.202509120712/tools/bin/../lib/gcc/arm-none-eabi/13.3.1/thumb/v7-m/nofp/crtbegin.o
 *(.bss*)
 .bss.g_app     0x2000019c      0x334 ./Core/Src/app.o
 .bss.g_card_bus
                0x200004d0       0x4a ./Core/Src/backplane_card_bus.o
 *fill*         0x2000051a        0x2 
 .bss.g_pump_bus
                0x2000051c      0x794 ./Core/Src/backplane_pump_bus.o
 .bss.pump_cal  0x20000cb0      0x200 ./Core/Src/calibration.o
                0x20000cb0                pump_cal
 .bss.hrtc      0x20000eb0       0x14 ./Core/Src/rtc.o
                0x20000eb0                hrtc
 *fill*         0x20000ec4        0x4 
 .bss.g_scheduler
                0x20000ec8     0x2718 ./Core/Src/scheduler.o
 .bss.hspi1     0x200035e0       0x58 ./Core/Src/spi.o
                0x200035e0                hspi1
 .bss.husart1   0x20003638       0x44 ./Core/Src/usart.o
                0x20003638                husart1
 .bss.husart2   0x2000367c       0x44 ./Core/Src/usart.o
                0x2000367c                husart2
 .bss.uwTick    0x200036c0        0x4 ./Drivers/STM32F1xx_HAL_Driver/Src/stm32f1xx_hal.o
                0x200036c0                uwTick
 .bss.cfgidx.0  0x200036c4        0x1 ./Middlewares/ST/STM32_USB_Device_Library/Core/Src/usbd_ctlreq.o
 *fill*         0x200036c5        0x3 
 .bss.hUsbDeviceFS
                0x200036c8      0x2c4 ./USB_DEVICE/App/usb_device.o
                0x200036c8                hUsbDeviceFS
 .bss.UserRxBufferFS
                0x2000398c      0x400 ./USB_DEVICE/App/usbd_cdc_if.o
                0x2000398c                UserRxBufferFS
 .bss.UserTxBufferFS
                0x20003d8c      0x400 ./USB_DEVICE/App/usbd_cdc_if.o
                0x20003d8c                UserTxBufferFS
 .bss.USBD_StrDesc
                0x2000418c      0x200 ./USB_DEVICE/App/usbd_desc.o
                0x2000418c                USBD_StrDesc
 .bss.hpcd_USB_FS
                0x2000438c      0x2d8 ./USB_DEVICE/Target/usbd_conf.o
                0x2000438c                hpcd_USB_FS
 .bss.mem.0     0x20004664      0x220 ./USB_DEVICE/Target/usbd_conf.o
 *(COMMON)
                0x20004884                        . = ALIGN (0x4)
                0x20004884                        _ebss = .
                0x20004884                        __bss_end__ = _ebss

._user_heap_stack
                0x20004884      0x604 load address 0x0800c6d4
                0x20004888                        . = ALIGN (0x8)
 *fill*         0x20004884        0x4 
                [!provide]                        PROVIDE (end = .)
                0x20004888                        PROVIDE (_end = .)
                0x20004a88                        . = (. + _Min_Heap_Size)
 *fill*         0x20004888      0x200 
                0x20004e88                        . = (. + _Min_Stack_Size)
 *fill*         0x20004a88      0x400 
                0x20004e88                        . = ALIGN (0x8)

/DISCARD/
 libc.a(*)
 libm.a(*)
 libgcc.a(*)

.ARM.attributes
                0x00000000       0x29
 *(.ARM.attributes)
 .ARM.attributes
                0x00000000       0x1d C:/Program Files/ST/STM32CubeIDE_2.0.0/STM32CubeIDE/plugins/com.st.stm32cube.ide.mcu.externaltools.gnu-tools-for-stm32.13.3.rel1.win32_1.0.100.202509120712/tools/bin/../lib/gcc/arm-none-eabi/13.3.1/thumb/v7-m/nofp/crti.o
 .ARM.attributes
                0x0000001d       0x2d C:/Program Files/ST/STM32CubeIDE_2.0.0/STM32CubeIDE/plugins/com.st.stm32cube.ide.mcu.externaltools.gnu-tools-for-stm32.13.3.rel1.win32_1.0.100.202509120712/tools/bin/../lib/gcc/arm-none-eabi/13.3.1/thumb/v7-m/nofp/crtbegin.o
 .ARM.attributes
                0x0000004a       0x2d ./Core/Src/app.o
 .ARM.attributes
                0x00000077       0x2d ./Core/Src/backplane_card_bus.o
 .ARM.attributes
                0x000000a4       0x2d ./Core/Src/backplane_pump_bus.o
 .ARM.attributes
                0x000000d1       0x2d ./Core/Src/calibration.o
 .ARM.attributes
                0x000000fe       0x2d ./Core/Src/gpio.o
 .ARM.attributes
                0x0000012b       0x2d ./Core/Src/main.o
 .ARM.attributes
                0x00000158       0x2d ./Core/Src/protocol.o
 .ARM.attributes
                0x00000185       0x2d ./Core/Src/pump_card_protocol.o
 .ARM.attributes
                0x000001b2       0x2d ./Core/Src/rtc.o
 .ARM.attributes
                0x000001df       0x2d ./Core/Src/scheduler.o
 .ARM.attributes
                0x0000020c       0x2d ./Core/Src/spi.o
 .ARM.attributes
                0x00000239       0x2d ./Core/Src/stm32f1xx_hal_msp.o
 .ARM.attributes
                0x00000266       0x2d ./Core/Src/stm32f1xx_it.o
 .ARM.attributes
                0x00000293       0x2d ./Core/Src/system_stm32f1xx.o
 .ARM.attributes
                0x000002c0       0x2d ./Core/Src/usart.o
 .ARM.attributes
                0x000002ed       0x21 ./Core/Startup/startup_stm32f103c8tx.o
 .ARM.attributes
                0x0000030e       0x2d ./Drivers/STM32F1xx_HAL_Driver/Src/stm32f1xx_hal.o
 .ARM.attributes
                0x0000033b       0x2d ./Drivers/STM32F1xx_HAL_Driver/Src/stm32f1xx_hal_cortex.o
 .ARM.attributes
                0x00000368       0x2d ./Drivers/STM32F1xx_HAL_Driver/Src/stm32f1xx_hal_gpio.o
 .ARM.attributes
                0x00000395       0x2d ./Drivers/STM32F1xx_HAL_Driver/Src/stm32f1xx_hal_pcd.o
 .ARM.attributes
                0x000003c2       0x2d ./Drivers/STM32F1xx_HAL_Driver/Src/stm32f1xx_hal_pcd_ex.o
 .ARM.attributes
                0x000003ef       0x2d ./Drivers/STM32F1xx_HAL_Driver/Src/stm32f1xx_hal_pwr.o
 .ARM.attributes
                0x0000041c       0x2d ./Drivers/STM32F1xx_HAL_Driver/Src/stm32f1xx_hal_rcc.o
 .ARM.attributes
                0x00000449       0x2d ./Drivers/STM32F1xx_HAL_Driver/Src/stm32f1xx_hal_rcc_ex.o
 .ARM.attributes
                0x00000476       0x2d ./Drivers/STM32F1xx_HAL_Driver/Src/stm32f1xx_hal_rtc.o
 .ARM.attributes
                0x000004a3       0x2d ./Drivers/STM32F1xx_HAL_Driver/Src/stm32f1xx_hal_spi.o
 .ARM.attributes
                0x000004d0       0x2d ./Drivers/STM32F1xx_HAL_Driver/Src/stm32f1xx_hal_usart.o
 .ARM.attributes
                0x000004fd       0x2d ./Drivers/STM32F1xx_HAL_Driver/Src/stm32f1xx_ll_usb.o
 .ARM.attributes
                0x0000052a       0x2d ./Middlewares/ST/STM32_USB_Device_Library/Class/CDC/Src/usbd_cdc.o
 .ARM.attributes
                0x00000557       0x2d ./Middlewares/ST/STM32_USB_Device_Library/Core/Src/usbd_core.o
 .ARM.attributes
                0x00000584       0x2d ./Middlewares/ST/STM32_USB_Device_Library/Core/Src/usbd_ctlreq.o
 .ARM.attributes
                0x000005b1       0x2d ./Middlewares/ST/STM32_USB_Device_Library/Core/Src/usbd_ioreq.o
 .ARM.attributes
                0x000005de       0x2d ./USB_DEVICE/App/usb_device.o
 .ARM.attributes
                0x0000060b       0x2d ./USB_DEVICE/App/usbd_cdc_if.o
 .ARM.attributes
                0x00000638       0x2d ./USB_DEVICE/App/usbd_desc.o
 .ARM.attributes
                0x00000665       0x2d ./USB_DEVICE/Target/usbd_conf.o
 .ARM.attributes
                0x00000692       0x2d C:/Program Files/ST/STM32CubeIDE_2.0.0/STM32CubeIDE/plugins/com.st.stm32cube.ide.mcu.externaltools.gnu-tools-for-stm32.13.3.rel1.win32_1.0.100.202509120712/tools/bin/../lib/gcc/arm-none-eabi/13.3.1/../../../../arm-none-eabi/lib/thumb/v7-m/nofp\libc_nano.a(libc_a-memset.o)
 .ARM.attributes
                0x000006bf       0x2d C:/Program Files/ST/STM32CubeIDE_2.0.0/STM32CubeIDE/plugins/com.st.stm32cube.ide.mcu.externaltools.gnu-tools-for-stm32.13.3.rel1.win32_1.0.100.202509120712/tools/bin/../lib/gcc/arm-none-eabi/13.3.1/../../../../arm-none-eabi/lib/thumb/v7-m/nofp\libc_nano.a(libc_a-init.o)
 .ARM.attributes
                0x000006ec       0x2d C:/Program Files/ST/STM32CubeIDE_2.0.0/STM32CubeIDE/plugins/com.st.stm32cube.ide.mcu.externaltools.gnu-tools-for-stm32.13.3.rel1.win32_1.0.100.202509120712/tools/bin/../lib/gcc/arm-none-eabi/13.3.1/../../../../arm-none-eabi/lib/thumb/v7-m/nofp\libc_nano.a(libc_a-memcpy-stub.o)
 .ARM.attributes
                0x00000719       0x1d C:/Program Files/ST/STM32CubeIDE_2.0.0/STM32CubeIDE/plugins/com.st.stm32cube.ide.mcu.externaltools.gnu-tools-for-stm32.13.3.rel1.win32_1.0.100.202509120712/tools/bin/../lib/gcc/arm-none-eabi/13.3.1/thumb/v7-m/nofp\libgcc.a(_aeabi_uldivmod.o)
 .ARM.attributes
                0x00000736       0x2d C:/Program Files/ST/STM32CubeIDE_2.0.0/STM32CubeIDE/plugins/com.st.stm32cube.ide.mcu.externaltools.gnu-tools-for-stm32.13.3.rel1.win32_1.0.100.202509120712/tools/bin/../lib/gcc/arm-none-eabi/13.3.1/thumb/v7-m/nofp\libgcc.a(_udivmoddi4.o)
 .ARM.attributes
                0x00000763       0x1d C:/Program Files/ST/STM32CubeIDE_2.0.0/STM32CubeIDE/plugins/com.st.stm32cube.ide.mcu.externaltools.gnu-tools-for-stm32.13.3.rel1.win32_1.0.100.202509120712/tools/bin/../lib/gcc/arm-none-eabi/13.3.1/thumb/v7-m/nofp\libgcc.a(_dvmd_tls.o)
 .ARM.attributes
                0x00000780       0x1d C:/Program Files/ST/STM32CubeIDE_2.0.0/STM32CubeIDE/plugins/com.st.stm32cube.ide.mcu.externaltools.gnu-tools-for-stm32.13.3.rel1.win32_1.0.100.202509120712/tools/bin/../lib/gcc/arm-none-eabi/13.3.1/thumb/v7-m/nofp/crtn.o
OUTPUT(Backplane.elf elf32-littlearm)
LOAD linker stubs
LOAD C:/Program Files/ST/STM32CubeIDE_2.0.0/STM32CubeIDE/plugins/com.st.stm32cube.ide.mcu.externaltools.gnu-tools-for-stm32.13.3.rel1.win32_1.0.100.202509120712/tools/bin/../lib/gcc/arm-none-eabi/13.3.1/../../../../arm-none-eabi/lib/thumb/v7-m/nofp\libc.a
LOAD C:/Program Files/ST/STM32CubeIDE_2.0.0/STM32CubeIDE/plugins/com.st.stm32cube.ide.mcu.externaltools.gnu-tools-for-stm32.13.3.rel1.win32_1.0.100.202509120712/tools/bin/../lib/gcc/arm-none-eabi/13.3.1/../../../../arm-none-eabi/lib/thumb/v7-m/nofp\libm.a
LOAD C:/Program Files/ST/STM32CubeIDE_2.0.0/STM32CubeIDE/plugins/com.st.stm32cube.ide.mcu.externaltools.gnu-tools-for-stm32.13.3.rel1.win32_1.0.100.202509120712/tools/bin/../lib/gcc/arm-none-eabi/13.3.1/thumb/v7-m/nofp\libgcc.a

.debug_info     0x00000000    0x14b6b
 .debug_info    0x00000000      0xd65 ./Core/Src/app.o
 .debug_info    0x00000d65      0xdf2 ./Core/Src/backplane_card_bus.o
 .debug_info    0x00001b57      0xa91 ./Core/Src/backplane_pump_bus.o
 .debug_info    0x000025e8      0x31d ./Core/Src/calibration.o
 .debug_info    0x00002905      0x2d3 ./Core/Src/gpio.o
 .debug_info    0x00002bd8      0x333 ./Core/Src/main.o
 .debug_info    0x00002f0b      0x8b7 ./Core/Src/protocol.o
 .debug_info    0x000037c2      0x925 ./Core/Src/pump_card_protocol.o
 .debug_info    0x000040e7      0x484 ./Core/Src/rtc.o
 .debug_info    0x0000456b      0x781 ./Core/Src/scheduler.o
 .debug_info    0x00004cec      0x7bc ./Core/Src/spi.o
 .debug_info    0x000054a8      0x1f1 ./Core/Src/stm32f1xx_hal_msp.o
 .debug_info    0x00005699      0x602 ./Core/Src/stm32f1xx_it.o
 .debug_info    0x00005c9b      0x222 ./Core/Src/system_stm32f1xx.o
 .debug_info    0x00005ebd      0x7b4 ./Core/Src/usart.o
 .debug_info    0x00006671       0x30 ./Core/Startup/startup_stm32f103c8tx.o
 .debug_info    0x000066a1      0x704 ./Drivers/STM32F1xx_HAL_Driver/Src/stm32f1xx_hal.o
 .debug_info    0x00006da5      0xa87 ./Drivers/STM32F1xx_HAL_Driver/Src/stm32f1xx_hal_cortex.o
 .debug_info    0x0000782c      0x5ab ./Drivers/STM32F1xx_HAL_Driver/Src/stm32f1xx_hal_gpio.o
 .debug_info    0x00007dd7     0x16dc ./Drivers/STM32F1xx_HAL_Driver/Src/stm32f1xx_hal_pcd.o
 .debug_info    0x000094b3      0x6c3 ./Drivers/STM32F1xx_HAL_Driver/Src/stm32f1xx_hal_pcd_ex.o
 .debug_info    0x00009b76      0x628 ./Drivers/STM32F1xx_HAL_Driver/Src/stm32f1xx_hal_pwr.o
 .debug_info    0x0000a19e      0x7d5 ./Drivers/STM32F1xx_HAL_Driver/Src/stm32f1xx_hal_rcc.o
 .debug_info    0x0000a973      0x3c0 ./Drivers/STM32F1xx_HAL_Driver/Src/stm32f1xx_hal_rcc_ex.o
 .debug_info    0x0000ad33      0xc73 ./Drivers/STM32F1xx_HAL_Driver/Src/stm32f1xx_hal_rtc.o
 .debug_info    0x0000b9a6     0x142d ./Drivers/STM32F1xx_HAL_Driver/Src/stm32f1xx_hal_spi.o
 .debug_info    0x0000cdd3     0x10ab ./Drivers/STM32F1xx_HAL_Driver/Src/stm32f1xx_hal_usart.o
 .debug_info    0x0000de7e     0x17ae ./Drivers/STM32F1xx_HAL_Driver/Src/stm32f1xx_ll_usb.o
 .debug_info    0x0000f62c     0x1043 ./Middlewares/ST/STM32_USB_Device_Library/Class/CDC/Src/usbd_cdc.o
 .debug_info    0x0001066f      0xa52 ./Middlewares/ST/STM32_USB_Device_Library/Core/Src/usbd_core.o
 .debug_info    0x000110c1      0x91c ./Middlewares/ST/STM32_USB_Device_Library/Core/Src/usbd_ctlreq.o
 .debug_info    0x000119dd      0x6a0 ./Middlewares/ST/STM32_USB_Device_Library/Core/Src/usbd_ioreq.o
 .debug_info    0x0001207d      0x63d ./USB_DEVICE/App/usb_device.o
 .debug_info    0x000126ba      0x803 ./USB_DEVICE/App/usbd_cdc_if.o
 .debug_info    0x00012ebd      0x44a ./USB_DEVICE/App/usbd_desc.o
 .debug_info    0x00013307     0x1864 ./USB_DEVICE/Target/usbd_conf.o

.debug_abbrev   0x00000000     0x48e0
 .debug_abbrev  0x00000000      0x297 ./Core/Src/app.o
 .debug_abbrev  0x00000297      0x32d ./Core/Src/backplane_card_bus.o
 .debug_abbrev  0x000005c4      0x275 ./Core/Src/backplane_pump_bus.o
 .debug_abbrev  0x00000839      0x15e ./Core/Src/calibration.o
 .debug_abbrev  0x00000997      0x13f ./Core/Src/gpio.o
 .debug_abbrev  0x00000ad6      0x194 ./Core/Src/main.o
 .debug_abbrev  0x00000c6a      0x26c ./Core/Src/protocol.o
 .debug_abbrev  0x00000ed6      0x1f6 ./Core/Src/pump_card_protocol.o
 .debug_abbrev  0x000010cc      0x1bb ./Core/Src/rtc.o
 .debug_abbrev  0x00001287      0x22b ./Core/Src/scheduler.o
 .debug_abbrev  0x000014b2      0x1e7 ./Core/Src/spi.o
 .debug_abbrev  0x00001699       0xdb ./Core/Src/stm32f1xx_hal_msp.o
 .debug_abbrev  0x00001774      0x192 ./Core/Src/stm32f1xx_it.o
 .debug_abbrev  0x00001906      0x13f ./Core/Src/system_stm32f1xx.o
 .debug_abbrev  0x00001a45      0x1ec ./Core/Src/usart.o
 .debug_abbrev  0x00001c31       0x24 ./Core/Startup/startup_stm32f103c8tx.o
 .debug_abbrev  0x00001c55      0x201 ./Drivers/STM32F1xx_HAL_Driver/Src/stm32f1xx_hal.o
 .debug_abbrev  0x00001e56      0x2f8 ./Drivers/STM32F1xx_HAL_Driver/Src/stm32f1xx_hal_cortex.o
 .debug_abbrev  0x0000214e      0x1ca ./Drivers/STM32F1xx_HAL_Driver/Src/stm32f1xx_hal_gpio.o
 .debug_abbrev  0x00002318      0x2d6 ./Drivers/STM32F1xx_HAL_Driver/Src/stm32f1xx_hal_pcd.o
 .debug_abbrev  0x000025ee      0x189 ./Drivers/STM32F1xx_HAL_Driver/Src/stm32f1xx_hal_pcd_ex.o
 .debug_abbrev  0x00002777      0x1f6 ./Drivers/STM32F1xx_HAL_Driver/Src/stm32f1xx_hal_pwr.o
 .debug_abbrev  0x0000296d      0x2b3 ./Drivers/STM32F1xx_HAL_Driver/Src/stm32f1xx_hal_rcc.o
 .debug_abbrev  0x00002c20      0x188 ./Drivers/STM32F1xx_HAL_Driver/Src/stm32f1xx_hal_rcc_ex.o
 .debug_abbrev  0x00002da8      0x23a ./Drivers/STM32F1xx_HAL_Driver/Src/stm32f1xx_hal_rtc.o
 .debug_abbrev  0x00002fe2      0x27a ./Drivers/STM32F1xx_HAL_Driver/Src/stm32f1xx_hal_spi.o
 .debug_abbrev  0x0000325c      0x278 ./Drivers/STM32F1xx_HAL_Driver/Src/stm32f1xx_hal_usart.o
 .debug_abbrev  0x000034d4      0x1de ./Drivers/STM32F1xx_HAL_Driver/Src/stm32f1xx_ll_usb.o
 .debug_abbrev  0x000036b2      0x2d3 ./Middlewares/ST/STM32_USB_Device_Library/Class/CDC/Src/usbd_cdc.o
 .debug_abbrev  0x00003985      0x24a ./Middlewares/ST/STM32_USB_Device_Library/Core/Src/usbd_core.o
 .debug_abbrev  0x00003bcf      0x26b ./Middlewares/ST/STM32_USB_Device_Library/Core/Src/usbd_ctlreq.o
 .debug_abbrev  0x00003e3a      0x192 ./Middlewares/ST/STM32_USB_Device_Library/Core/Src/usbd_ioreq.o
 .debug_abbrev  0x00003fcc      0x18d ./USB_DEVICE/App/usb_device.o
 .debug_abbrev  0x00004159      0x272 ./USB_DEVICE/App/usbd_cdc_if.o
 .debug_abbrev  0x000043cb      0x1ff ./USB_DEVICE/App/usbd_desc.o
 .debug_abbrev  0x000045ca      0x316 ./USB_DEVICE/Target/usbd_conf.o

.debug_aranges  0x00000000     0x1408
 .debug_aranges
                0x00000000       0xb0 ./Core/Src/app.o
 .debug_aranges
                0x000000b0       0xa0 ./Core/Src/backplane_card_bus.o
 .debug_aranges
                0x00000150       0x98 ./Core/Src/backplane_pump_bus.o
 .debug_aranges
                0x000001e8       0x38 ./Core/Src/calibration.o
 .debug_aranges
                0x00000220       0x20 ./Core/Src/gpio.o
 .debug_aranges
                0x00000240       0x30 ./Core/Src/main.o
 .debug_aranges
                0x00000270       0xa0 ./Core/Src/protocol.o
 .debug_aranges
                0x00000310       0xa8 ./Core/Src/pump_card_protocol.o
 .debug_aranges
                0x000003b8       0x30 ./Core/Src/rtc.o
 .debug_aranges
                0x000003e8       0x98 ./Core/Src/scheduler.o
 .debug_aranges
                0x00000480       0x30 ./Core/Src/spi.o
 .debug_aranges
                0x000004b0       0x20 ./Core/Src/stm32f1xx_hal_msp.o
 .debug_aranges
                0x000004d0       0x68 ./Core/Src/stm32f1xx_it.o
 .debug_aranges
                0x00000538       0x28 ./Core/Src/system_stm32f1xx.o
 .debug_aranges
                0x00000560       0x38 ./Core/Src/usart.o
 .debug_aranges
                0x00000598       0x28 ./Core/Startup/startup_stm32f103c8tx.o
 .debug_aranges
                0x000005c0       0xe0 ./Drivers/STM32F1xx_HAL_Driver/Src/stm32f1xx_hal.o
 .debug_aranges
                0x000006a0      0x100 ./Drivers/STM32F1xx_HAL_Driver/Src/stm32f1xx_hal_cortex.o
 .debug_aranges
                0x000007a0       0x58 ./Drivers/STM32F1xx_HAL_Driver/Src/stm32f1xx_hal_gpio.o
 .debug_aranges
                0x000007f8      0x140 ./Drivers/STM32F1xx_HAL_Driver/Src/stm32f1xx_hal_pcd.o
 .debug_aranges
                0x00000938       0x38 ./Drivers/STM32F1xx_HAL_Driver/Src/stm32f1xx_hal_pcd_ex.o
 .debug_aranges
                0x00000970       0xa8 ./Drivers/STM32F1xx_HAL_Driver/Src/stm32f1xx_hal_pwr.o
 .debug_aranges
                0x00000a18       0x90 ./Drivers/STM32F1xx_HAL_Driver/Src/stm32f1xx_hal_rcc.o
 .debug_aranges
                0x00000aa8       0x30 ./Drivers/STM32F1xx_HAL_Driver/Src/stm32f1xx_hal_rcc_ex.o
 .debug_aranges
                0x00000ad8       0xf8 ./Drivers/STM32F1xx_HAL_Driver/Src/stm32f1xx_hal_rtc.o
 .debug_aranges
                0x00000bd0      0x1d0 ./Drivers/STM32F1xx_HAL_Driver/Src/stm32f1xx_hal_spi.o
 .debug_aranges
                0x00000da0      0x178 ./Drivers/STM32F1xx_HAL_Driver/Src/stm32f1xx_hal_usart.o
 .debug_aranges
                0x00000f18       0xf8 ./Drivers/STM32F1xx_HAL_Driver/Src/stm32f1xx_ll_usb.o
 .debug_aranges
                0x00001010       0x90 ./Middlewares/ST/STM32_USB_Device_Library/Class/CDC/Src/usbd_cdc.o
 .debug_aranges
                0x000010a0       0xb8 ./Middlewares/ST/STM32_USB_Device_Library/Core/Src/usbd_core.o
 .debug_aranges
                0x00001158       0x88 ./Middlewares/ST/STM32_USB_Device_Library/Core/Src/usbd_ctlreq.o
 .debug_aranges
                0x000011e0       0x50 ./Middlewares/ST/STM32_USB_Device_Library/Core/Src/usbd_ioreq.o
 .debug_aranges
                0x00001230       0x20 ./USB_DEVICE/App/usb_device.o
 .debug_aranges
                0x00001250       0x40 ./USB_DEVICE/App/usbd_cdc_if.o
 .debug_aranges
                0x00001290       0x60 ./USB_DEVICE/App/usbd_desc.o
 .debug_aranges
                0x000012f0      0x118 ./USB_DEVICE/Target/usbd_conf.o

.debug_rnglists
                0x00000000      0xedf
 .debug_rnglists
                0x00000000       0x84 ./Core/Src/app.o
 .debug_rnglists
                0x00000084       0x79 ./Core/Src/backplane_card_bus.o
 .debug_rnglists
                0x000000fd       0x72 ./Core/Src/backplane_pump_bus.o
 .debug_rnglists
                0x0000016f       0x27 ./Core/Src/calibration.o
 .debug_rnglists
                0x00000196       0x14 ./Core/Src/gpio.o
 .debug_rnglists
                0x000001aa       0x20 ./Core/Src/main.o
 .debug_rnglists
                0x000001ca       0x78 ./Core/Src/protocol.o
 .debug_rnglists
                0x00000242       0x7f ./Core/Src/pump_card_protocol.o
 .debug_rnglists
                0x000002c1       0x20 ./Core/Src/rtc.o
 .debug_rnglists
                0x000002e1       0x73 ./Core/Src/scheduler.o
 .debug_rnglists
                0x00000354       0x20 ./Core/Src/spi.o
 .debug_rnglists
                0x00000374       0x13 ./Core/Src/stm32f1xx_hal_msp.o
 .debug_rnglists
                0x00000387       0x49 ./Core/Src/stm32f1xx_it.o
 .debug_rnglists
                0x000003d0       0x1a ./Core/Src/system_stm32f1xx.o
 .debug_rnglists
                0x000003ea       0x26 ./Core/Src/usart.o
 .debug_rnglists
                0x00000410       0x19 ./Core/Startup/startup_stm32f103c8tx.o
 .debug_rnglists
                0x00000429       0xa3 ./Drivers/STM32F1xx_HAL_Driver/Src/stm32f1xx_hal.o
 .debug_rnglists
                0x000004cc       0xbb ./Drivers/STM32F1xx_HAL_Driver/Src/stm32f1xx_hal_cortex.o
 .debug_rnglists
                0x00000587       0x3f ./Drivers/STM32F1xx_HAL_Driver/Src/stm32f1xx_hal_gpio.o
 .debug_rnglists
                0x000005c6       0xf4 ./Drivers/STM32F1xx_HAL_Driver/Src/stm32f1xx_hal_pcd.o
 .debug_rnglists
                0x000006ba       0x26 ./Drivers/STM32F1xx_HAL_Driver/Src/stm32f1xx_hal_pcd_ex.o
 .debug_rnglists
                0x000006e0       0x7a ./Drivers/STM32F1xx_HAL_Driver/Src/stm32f1xx_hal_pwr.o
 .debug_rnglists
                0x0000075a       0x6c ./Drivers/STM32F1xx_HAL_Driver/Src/stm32f1xx_hal_rcc.o
 .debug_rnglists
                0x000007c6       0x21 ./Drivers/STM32F1xx_HAL_Driver/Src/stm32f1xx_hal_rcc_ex.o
 .debug_rnglists
                0x000007e7       0xc1 ./Drivers/STM32F1xx_HAL_Driver/Src/stm32f1xx_hal_rtc.o
 .debug_rnglists
                0x000008a8      0x16e ./Drivers/STM32F1xx_HAL_Driver/Src/stm32f1xx_hal_spi.o
 .debug_rnglists
                0x00000a16      0x12a ./Drivers/STM32F1xx_HAL_Driver/Src/stm32f1xx_hal_usart.o
 .debug_rnglists
                0x00000b40       0xbd ./Drivers/STM32F1xx_HAL_Driver/Src/stm32f1xx_ll_usb.o
 .debug_rnglists
                0x00000bfd       0x6a ./Middlewares/ST/STM32_USB_Device_Library/Class/CDC/Src/usbd_cdc.o
 .debug_rnglists
                0x00000c67       0x89 ./Middlewares/ST/STM32_USB_Device_Library/Core/Src/usbd_core.o
 .debug_rnglists
                0x00000cf0       0x68 ./Middlewares/ST/STM32_USB_Device_Library/Core/Src/usbd_ctlreq.o
 .debug_rnglists
                0x00000d58       0x37 ./Middlewares/ST/STM32_USB_Device_Library/Core/Src/usbd_ioreq.o
 .debug_rnglists
                0x00000d8f       0x13 ./USB_DEVICE/App/usb_device.o
 .debug_rnglists
                0x00000da2       0x2c ./USB_DEVICE/App/usbd_cdc_if.o
 .debug_rnglists
                0x00000dce       0x43 ./USB_DEVICE/App/usbd_desc.o
 .debug_rnglists
                0x00000e11       0xce ./USB_DEVICE/Target/usbd_conf.o

.debug_macro    0x00000000    0x1bb61
 .debug_macro   0x00000000      0x3e5 ./Core/Src/app.o
 .debug_macro   0x000003e5      0xacc ./Core/Src/app.o
 .debug_macro   0x00000eb1       0x22 ./Core/Src/app.o
 .debug_macro   0x00000ed3       0x8e ./Core/Src/app.o
 .debug_macro   0x00000f61       0x51 ./Core/Src/app.o
 .debug_macro   0x00000fb2      0x103 ./Core/Src/app.o
 .debug_macro   0x000010b5       0x6a ./Core/Src/app.o
 .debug_macro   0x0000111f      0x1df ./Core/Src/app.o
 .debug_macro   0x000012fe       0x22 ./Core/Src/app.o
 .debug_macro   0x00001320       0x6a ./Core/Src/app.o
 .debug_macro   0x0000138a       0x16 ./Core/Src/app.o
 .debug_macro   0x000013a0       0x4c ./Core/Src/app.o
 .debug_macro   0x000013ec       0x10 ./Core/Src/app.o
 .debug_macro   0x000013fc      0x227 ./Core/Src/app.o
 .debug_macro   0x00001623       0x2e ./Core/Src/app.o
 .debug_macro   0x00001651       0x22 ./Core/Src/app.o
 .debug_macro   0x00001673       0x1c ./Core/Src/app.o
 .debug_macro   0x0000168f       0x22 ./Core/Src/app.o
 .debug_macro   0x000016b1       0xbd ./Core/Src/app.o
 .debug_macro   0x0000176e      0xd23 ./Core/Src/app.o
 .debug_macro   0x00002491     0xe09e ./Core/Src/app.o
 .debug_macro   0x0001052f       0x6d ./Core/Src/app.o
 .debug_macro   0x0001059c     0x34a2 ./Core/Src/app.o
 .debug_macro   0x00013a3e      0x190 ./Core/Src/app.o
 .debug_macro   0x00013bce       0x5c ./Core/Src/app.o
 .debug_macro   0x00013c2a      0x5bc ./Core/Src/app.o
 .debug_macro   0x000141e6      0x289 ./Core/Src/app.o
 .debug_macro   0x0001446f      0x1cb ./Core/Src/app.o
 .debug_macro   0x0001463a      0x114 ./Core/Src/app.o
 .debug_macro   0x0001474e      0x1b2 ./Core/Src/app.o
 .debug_macro   0x00014900       0x27 ./Core/Src/app.o
 .debug_macro   0x00014927      0x136 ./Core/Src/app.o
 .debug_macro   0x00014a5d      0x1bc ./Core/Src/app.o
 .debug_macro   0x00014c19       0x34 ./Core/Src/app.o
 .debug_macro   0x00014c4d       0x3c ./Core/Src/app.o
 .debug_macro   0x00014c89       0x57 ./Core/Src/app.o
 .debug_macro   0x00014ce0       0x87 ./Core/Src/app.o
 .debug_macro   0x00014d67      0x240 ./Core/Src/app.o
 .debug_macro   0x00014fa7      0x140 ./Core/Src/app.o
 .debug_macro   0x000150e7      0x1ef ./Core/Src/app.o
 .debug_macro   0x000152d6       0xeb ./Core/Src/app.o
 .debug_macro   0x000153c1      0x217 ./Core/Src/app.o
 .debug_macro   0x000155d8      0x217 ./Core/Src/app.o
 .debug_macro   0x000157ef       0xb7 ./Core/Src/app.o
 .debug_macro   0x000158a6      0x242 ./Core/Src/app.o
 .debug_macro   0x00015ae8       0x83 ./Core/Src/app.o
 .debug_macro   0x00015b6b       0x70 ./Core/Src/app.o
 .debug_macro   0x00015bdb       0x28 ./Core/Src/app.o
 .debug_macro   0x00015c03       0x61 ./Core/Src/app.o
 .debug_macro   0x00015c64       0x24 ./Core/Src/app.o
 .debug_macro   0x00015c88       0x43 ./Core/Src/app.o
 .debug_macro   0x00015ccb       0x34 ./Core/Src/app.o
 .debug_macro   0x00015cff       0x16 ./Core/Src/app.o
 .debug_macro   0x00015d15       0x3c ./Core/Src/app.o
 .debug_macro   0x00015d51      0x370 ./Core/Src/app.o
 .debug_macro   0x000160c1       0x10 ./Core/Src/app.o
 .debug_macro   0x000160d1       0x16 ./Core/Src/app.o
 .debug_macro   0x000160e7       0x4a ./Core/Src/app.o
 .debug_macro   0x00016131       0x34 ./Core/Src/app.o
 .debug_macro   0x00016165       0x10 ./Core/Src/app.o
 .debug_macro   0x00016175       0x58 ./Core/Src/app.o
 .debug_macro   0x000161cd       0x8e ./Core/Src/app.o
 .debug_macro   0x0001625b       0x1c ./Core/Src/app.o
 .debug_macro   0x00016277      0x185 ./Core/Src/app.o
 .debug_macro   0x000163fc       0x16 ./Core/Src/app.o
 .debug_macro   0x00016412       0x16 ./Core/Src/app.o
 .debug_macro   0x00016428      0x146 ./Core/Src/app.o
 .debug_macro   0x0001656e       0x16 ./Core/Src/app.o
 .debug_macro   0x00016584       0x16 ./Core/Src/app.o
 .debug_macro   0x0001659a       0x29 ./Core/Src/app.o
 .debug_macro   0x000165c3       0x16 ./Core/Src/app.o
 .debug_macro   0x000165d9       0x20 ./Core/Src/app.o
 .debug_macro   0x000165f9       0x5f ./Core/Src/app.o
 .debug_macro   0x00016658      0x1c8 ./Core/Src/app.o
 .debug_macro   0x00016820       0x8f ./Core/Src/app.o
 .debug_macro   0x000168af       0x10 ./Core/Src/app.o
 .debug_macro   0x000168bf      0x30c ./Core/Src/backplane_card_bus.o
 .debug_macro   0x00016bcb       0x10 ./Core/Src/backplane_card_bus.o
 .debug_macro   0x00016bdb      0x185 ./Core/Src/backplane_pump_bus.o
 .debug_macro   0x00016d60      0x15b ./Core/Src/calibration.o
 .debug_macro   0x00016ebb      0x1e9 ./Core/Src/gpio.o
 .debug_macro   0x000170a4      0x379 ./Core/Src/main.o
 .debug_macro   0x0001741d      0x145 ./Core/Src/protocol.o
 .debug_macro   0x00017562       0x22 ./Core/Src/protocol.o
 .debug_macro   0x00017584      0x14e ./Core/Src/pump_card_protocol.o
 .debug_macro   0x000176d2       0x64 ./Core/Src/pump_card_protocol.o
 .debug_macro   0x00017736      0x1e9 ./Core/Src/rtc.o
 .debug_macro   0x0001791f      0x16f ./Core/Src/scheduler.o
 .debug_macro   0x00017a8e       0x46 ./Core/Src/scheduler.o
 .debug_macro   0x00017ad4      0x1e9 ./Core/Src/spi.o
 .debug_macro   0x00017cbd      0x1df ./Core/Src/stm32f1xx_hal_msp.o
 .debug_macro   0x00017e9c      0x1e9 ./Core/Src/stm32f1xx_it.o
 .debug_macro   0x00018085      0x1d0 ./Core/Src/system_stm32f1xx.o
 .debug_macro   0x00018255      0x1e9 ./Core/Src/usart.o
 .debug_macro   0x0001843e      0x1f4 ./Drivers/STM32F1xx_HAL_Driver/Src/stm32f1xx_hal.o
 .debug_macro   0x00018632      0x1d0 ./Drivers/STM32F1xx_HAL_Driver/Src/stm32f1xx_hal_cortex.o
 .debug_macro   0x00018802      0x23b ./Drivers/STM32F1xx_HAL_Driver/Src/stm32f1xx_hal_gpio.o
 .debug_macro   0x00018a3d      0x1dc ./Drivers/STM32F1xx_HAL_Driver/Src/stm32f1xx_hal_pcd.o
 .debug_macro   0x00018c19      0x1d0 ./Drivers/STM32F1xx_HAL_Driver/Src/stm32f1xx_hal_pcd_ex.o
 .debug_macro   0x00018de9      0x230 ./Drivers/STM32F1xx_HAL_Driver/Src/stm32f1xx_hal_pwr.o
 .debug_macro   0x00019019      0x1e2 ./Drivers/STM32F1xx_HAL_Driver/Src/stm32f1xx_hal_rcc.o
 .debug_macro   0x000191fb      0x1d0 ./Drivers/STM32F1xx_HAL_Driver/Src/stm32f1xx_hal_rcc_ex.o
 .debug_macro   0x000193cb      0x1df ./Drivers/STM32F1xx_HAL_Driver/Src/stm32f1xx_hal_rtc.o
 .debug_macro   0x000195aa      0x1d8 ./Drivers/STM32F1xx_HAL_Driver/Src/stm32f1xx_hal_spi.o
 .debug_macro   0x00019782      0x1df ./Drivers/STM32F1xx_HAL_Driver/Src/stm32f1xx_hal_usart.o
 .debug_macro   0x00019961      0x1d0 ./Drivers/STM32F1xx_HAL_Driver/Src/stm32f1xx_ll_usb.o
 .debug_macro   0x00019b31      0x36e ./Middlewares/ST/STM32_USB_Device_Library/Class/CDC/Src/usbd_cdc.o
 .debug_macro   0x00019e9f       0x9e ./Middlewares/ST/STM32_USB_Device_Library/Class/CDC/Src/usbd_cdc.o
 .debug_macro   0x00019f3d      0x112 ./Middlewares/ST/STM32_USB_Device_Library/Class/CDC/Src/usbd_cdc.o
 .debug_macro   0x0001a04f       0x56 ./Middlewares/ST/STM32_USB_Device_Library/Class/CDC/Src/usbd_cdc.o
 .debug_macro   0x0001a0a5      0x355 ./Middlewares/ST/STM32_USB_Device_Library/Core/Src/usbd_core.o