../Core/Src/pump_card_app.c:13:13:pump_card_build_error	24	static
../Core/Src/pump_card_app.c:23:13:pump_card_build_identify	24	static
../Core/Src/pump_card_app.c:41:13:pump_card_build_read_response	32	static
../Core/Src/pump_card_app.c:54:13:pump_card_build_ok	16	static
../Core/Src/pump_card_app.c:64:13:pump_card_handle_command	32	static
../Core/Src/pump_card_app.c:123:6:pump_card_app_init	8	static
../Core/Src/pump_card_app.c:131:6:pump_card_app_poll	88	static
../Core/Src/pump_card_app.c:154:6:pump_card_app_on_sync_edge	8	static
