../Core/Src/schedule.c:26:13:apply_block	24	static
../Core/Src/schedule.c:38:6:schedule_clear	8	static
../Core/Src/schedule.c:47:13:all_off	16	static
../Core/Src/schedule.c:57:5:schedule_store_block	32	static
../Core/Src/schedule.c:72:6:schedule_start	16	static
../Core/Src/schedule.c:86:6:schedule_stop	8	static
../Core/Src/schedule.c:92:6:schedule_tick	32	static
../Core/Src/schedule.c:122:14:clampf	24	static
../Core/Src/schedule.c:129:14:flow_to_vout	32	static
../Core/Src/schedule.c:142:13:pump_set_flow	24	static
../Core/Src/schedule.c:148:13:hw_stim_set	16	static
