../Core/Src/schedule.c:20:13:pa0_pulse_start_1s	8	static
../Core/Src/schedule.c:27:13:pa0_pulse_tick	16	static
../Core/Src/schedule.c:41:10:get_next	16	static
../Core/Src/schedule.c:45:5:buffer_push	24	static
../Core/Src/schedule.c:55:5:buffer_pop	16	static
../Core/Src/schedule.c:65:13:usb_send_line	32	static,ignoring_inline_asm
../Core/Src/schedule.c:77:13:usb_sendf	144	static
../Core/Src/schedule.c:95:5:split_tokens	32	static
../Core/Src/schedule.c:108:5:parse_i32	24	static
../Core/Src/schedule.c:116:5:parse_f32	24	static
../Core/Src/schedule.c:139:6:handle_line	384	static
../Core/Src/schedule.c:230:6:usb_protocol_poll	24	static
