../Core/Src/app.c:51:17:app_get_time_us_placeholder	32	static
../Core/Src/app.c:56:13:app_handle_scheduler_runtime	8	static
../Core/Src/app.c:71:16:app_start_schedule	24	static
../Core/Src/app.c:161:16:app_try_tx	16	static
../Core/Src/app.c:166:16:app_protocol_tx	32	static
../Core/Src/app.c:201:13:app_send_status	56	static
../Core/Src/app.c:217:13:app_send_card_inventory	96	static
../Core/Src/app.c:247:16:app_store_deferred_event	16	static
../Core/Src/app.c:259:16:app_take_deferred_event	16	static
../Core/Src/app.c:271:13:app_enqueue_protocol_error	288	static
../Core/Src/app.c:284:13:app_enqueue_packet	280	static
../Core/Src/app.c:301:13:app_process_protocol_error	24	static
../Core/Src/app.c:307:13:app_handle_packet	32	static
../Core/Src/app.c:370:13:app_process_events	272	static
../Core/Src/app.c:396:6:app_init	8	static
../Core/Src/app.c:407:6:app_poll	8	static
../Core/Src/app.c:422:6:app_on_cdc_rx	16	static
