../Core/Src/backplane_card_bus.c:28:13:card_bus_set_error	16	static
../Core/Src/backplane_card_bus.c:34:13:spi_delay_cycles	16	static,ignoring_inline_asm
../Core/Src/backplane_card_bus.c:42:13:card_bus_select_slot	16	static
../Core/Src/backplane_card_bus.c:57:13:card_bus_deselect_all	8	static
../Core/Src/backplane_card_bus.c:63:13:card_bus_spi_transaction	32	static
../Core/Src/backplane_card_bus.c:104:13:card_bus_issue_command	160	static
../Core/Src/backplane_card_bus.c:158:13:card_bus_clear_slots	24	static
../Core/Src/backplane_card_bus.c:172:13:card_bus_identify_slot	56	static
../Core/Src/backplane_card_bus.c:202:16:card_bus_find_missing_slot	24	static
../Core/Src/backplane_card_bus.c:222:6:card_bus_init	8	static
../Core/Src/backplane_card_bus.c:228:6:card_bus_discover_all	16	static
../Core/Src/backplane_card_bus.c:251:6:card_bus_discover_type_slots	24	static
../Core/Src/backplane_card_bus.c:306:6:card_bus_is_slot_present	16	static
../Core/Src/backplane_card_bus.c:326:9:card_bus_find_first_slot	24	static
../Core/Src/backplane_card_bus.c:341:21:card_bus_get_slots	4	static
../Core/Src/backplane_card_bus.c:346:6:card_bus_read_reg	48	static
../Core/Src/backplane_card_bus.c:374:6:card_bus_write_reg	32	static
../Core/Src/backplane_card_bus.c:383:9:card_bus_get_last_status	4	static
../Core/Src/backplane_card_bus.c:388:9:card_bus_get_last_detail	4	static
