../Core/Src/backplane_pump_bus.c:37:13:pump_bus_set_error	16	static
../Core/Src/backplane_pump_bus.c:43:13:pump_bus_reset_distribution_state	8	static
../Core/Src/backplane_pump_bus.c:50:17:pump_bus_flow_nl_to_ul_min	24	static
../Core/Src/backplane_pump_bus.c:55:13:pump_bus_send_simple_command	32	static
../Core/Src/backplane_pump_bus.c:67:26:pump_bus_find_exec_map	24	static
../Core/Src/backplane_pump_bus.c:82:13:pump_bus_collect_required_slots	32	static
../Core/Src/backplane_pump_bus.c:149:13:pump_bus_collect_event_actions	56	static
../Core/Src/backplane_pump_bus.c:254:6:pump_bus_init	8	static
../Core/Src/backplane_pump_bus.c:260:6:pump_bus_discover	16	static
../Core/Src/backplane_pump_bus.c:266:6:pump_bus_discover_required	24	static
../Core/Src/backplane_pump_bus.c:286:6:pump_bus_validate_schedule	640	static
../Core/Src/backplane_pump_bus.c:313:6:pump_bus_distribute_schedule	736	static
../Core/Src/backplane_pump_bus.c:417:6:pump_bus_exec_event	56	static
../Core/Src/backplane_pump_bus.c:452:6:pump_bus_stop_all	16	static
../Core/Src/backplane_pump_bus.c:465:9:pump_bus_get_last_status	4	static
../Core/Src/backplane_pump_bus.c:470:9:pump_bus_get_last_detail	4	static
