../Core/Src/backplane_pump_bus.c:36:13:pump_bus_set_error	16	static
../Core/Src/backplane_pump_bus.c:42:13:pump_bus_read_action	24	static
../Core/Src/backplane_pump_bus.c:73:17:pump_bus_flow_nl_to_speed_mV	32	static
../Core/Src/backplane_pump_bus.c:85:13:pump_bus_build_registers	32	static
../Core/Src/backplane_pump_bus.c:141:16:pump_bus_required_slots_mask	104	static
../Core/Src/backplane_pump_bus.c:215:13:pump_bus_write_control	16	static
../Core/Src/backplane_pump_bus.c:227:13:pump_bus_clear_remote_queue	16	static
../Core/Src/backplane_pump_bus.c:237:13:pump_bus_write_queue_entry	16	static
../Core/Src/backplane_pump_bus.c:273:13:pump_bus_upload_schedule	72	static
../Core/Src/backplane_pump_bus.c:349:6:pump_bus_init	8	static
../Core/Src/backplane_pump_bus.c:354:6:pump_bus_validate_schedule	32	static
../Core/Src/backplane_pump_bus.c:396:6:pump_bus_start_schedule	24	static
../Core/Src/backplane_pump_bus.c:429:6:pump_bus_arm_schedule	16	static
../Core/Src/backplane_pump_bus.c:463:6:pump_bus_stop_all	16	static
../Core/Src/backplane_pump_bus.c:487:9:pump_bus_get_last_status	4	static
../Core/Src/backplane_pump_bus.c:492:9:pump_bus_get_last_detail	4	static
