Archive member included to satisfy reference by file (symbol)

C:/Program Files/ST/STM32CubeIDE_2.0.0/STM32CubeIDE/plugins/com.st.stm32cube.ide.mcu.externaltools.gnu-tools-for-stm32.13.3.rel1.win32_1.0.100.202509120712/tools/bin/../lib/gcc/arm-none-eabi/13.3.1/../../../../arm-none-eabi/lib/thumb/v7-m/nofp\libc_nano.a(libc_a-exit.o)
                              C:/Program Files/ST/STM32CubeIDE_2.0.0/STM32CubeIDE/plugins/com.st.stm32cube.ide.mcu.externaltools.gnu-tools-for-stm32.13.3.rel1.win32_1.0.100.202509120712/tools/bin/../lib/gcc/arm-none-eabi/13.3.1/../../../../arm-none-eabi/lib/thumb/v7-m/nofp/crt0.o (exit)
C:/Program Files/ST/STM32CubeIDE_2.0.0/STM32CubeIDE/plugins/com.st.stm32cube.ide.mcu.externaltools.gnu-tools-for-stm32.13.3.rel1.win32_1.0.100.202509120712/tools/bin/../lib/gcc/arm-none-eabi/13.3.1/../../../../arm-none-eabi/lib/thumb/v7-m/nofp\libc_nano.a(libc_a-findfp.o)
                              C:/Program Files/ST/STM32CubeIDE_2.0.0/STM32CubeIDE/plugins/com.st.stm32cube.ide.mcu.externaltools.gnu-tools-for-stm32.13.3.rel1.win32_1.0.100.202509120712/tools/bin/../lib/gcc/arm-none-eabi/13.3.1/../../../../arm-none-eabi/lib/thumb/v7-m/nofp\libc_nano.a(libc_a-exit.o) (__stdio_exit_handler)
C:/Program Files/ST/STM32CubeIDE_2.0.0/STM32CubeIDE/plugins/com.st.stm32cube.ide.mcu.externaltools.gnu-tools-for-stm32.13.3.rel1.win32_1.0.100.202509120712/tools/bin/../lib/gcc/arm-none-eabi/13.3.1/../../../../arm-none-eabi/lib/thumb/v7-m/nofp\libc_nano.a(libc_a-fwalk.o)
                              C:/Program Files/ST/STM32CubeIDE_2.0.0/STM32CubeIDE/plugins/com.st.stm32cube.ide.mcu.externaltools.gnu-tools-for-stm32.13.3.rel1.win32_1.0.100.202509120712/tools/bin/../lib/gcc/arm-none-eabi/13.3.1/../../../../arm-none-eabi/lib/thumb/v7-m/nofp\libc_nano.a(libc_a-findfp.o) (_fwalk_sglue)
C:/Program Files/ST/STM32CubeIDE_2.0.0/STM32CubeIDE/plugins/com.st.stm32cube.ide.mcu.externaltools.gnu-tools-for-stm32.13.3.rel1.win32_1.0.100.202509120712/tools/bin/../lib/gcc/arm-none-eabi/13.3.1/../../../../arm-none-eabi/lib/thumb/v7-m/nofp\libc_nano.a(libc_a-stdio.o)
                              C:/Program Files/ST/STM32CubeIDE_2.0.0/STM32CubeIDE/plugins/com.st.stm32cube.ide.mcu.externaltools.gnu-tools-for-stm32.13.3.rel1.win32_1.0.100.202509120712/tools/bin/../lib/gcc/arm-none-eabi/13.3.1/../../../../arm-none-eabi/lib/thumb/v7-m/nofp\libc_nano.a(libc_a-findfp.o) (__sread)
C:/Program Files/ST/STM32CubeIDE_2.0.0/STM32CubeIDE/plugins/com.st.stm32cube.ide.mcu.externaltools.gnu-tools-for-stm32.13.3.rel1.win32_1.0.100.202509120712/tools/bin/../lib/gcc/arm-none-eabi/13.3.1/../../../../arm-none-eabi/lib/thumb/v7-m/nofp\libc_nano.a(libc_a-memset.o)
                              C:/Program Files/ST/STM32CubeIDE_2.0.0/STM32CubeIDE/plugins/com.st.stm32cube.ide.mcu.externaltools.gnu-tools-for-stm32.13.3.rel1.win32_1.0.100.202509120712/tools/bin/../lib/gcc/arm-none-eabi/13.3.1/../../../../arm-none-eabi/lib/thumb/v7-m/nofp/crt0.o (memset)
C:/Program Files/ST/STM32CubeIDE_2.0.0/STM32CubeIDE/plugins/com.st.stm32cube.ide.mcu.externaltools.gnu-tools-for-stm32.13.3.rel1.win32_1.0.100.202509120712/tools/bin/../lib/gcc/arm-none-eabi/13.3.1/../../../../arm-none-eabi/lib/thumb/v7-m/nofp\libc_nano.a(libc_a-closer.o)
                              C:/Program Files/ST/STM32CubeIDE_2.0.0/STM32CubeIDE/plugins/com.st.stm32cube.ide.mcu.externaltools.gnu-tools-for-stm32.13.3.rel1.win32_1.0.100.202509120712/tools/bin/../lib/gcc/arm-none-eabi/13.3.1/../../../../arm-none-eabi/lib/thumb/v7-m/nofp\libc_nano.a(libc_a-stdio.o) (_close_r)
C:/Program Files/ST/STM32CubeIDE_2.0.0/STM32CubeIDE/plugins/com.st.stm32cube.ide.mcu.externaltools.gnu-tools-for-stm32.13.3.rel1.win32_1.0.100.202509120712/tools/bin/../lib/gcc/arm-none-eabi/13.3.1/../../../../arm-none-eabi/lib/thumb/v7-m/nofp\libc_nano.a(libc_a-reent.o)
                              C:/Program Files/ST/STM32CubeIDE_2.0.0/STM32CubeIDE/plugins/com.st.stm32cube.ide.mcu.externaltools.gnu-tools-for-stm32.13.3.rel1.win32_1.0.100.202509120712/tools/bin/../lib/gcc/arm-none-eabi/13.3.1/../../../../arm-none-eabi/lib/thumb/v7-m/nofp\libc_nano.a(libc_a-closer.o) (errno)
C:/Program Files/ST/STM32CubeIDE_2.0.0/STM32CubeIDE/plugins/com.st.stm32cube.ide.mcu.externaltools.gnu-tools-for-stm32.13.3.rel1.win32_1.0.100.202509120712/tools/bin/../lib/gcc/arm-none-eabi/13.3.1/../../../../arm-none-eabi/lib/thumb/v7-m/nofp\libc_nano.a(libc_a-impure.o)
                              C:/Program Files/ST/STM32CubeIDE_2.0.0/STM32CubeIDE/plugins/com.st.stm32cube.ide.mcu.externaltools.gnu-tools-for-stm32.13.3.rel1.win32_1.0.100.202509120712/tools/bin/../lib/gcc/arm-none-eabi/13.3.1/../../../../arm-none-eabi/lib/thumb/v7-m/nofp\libc_nano.a(libc_a-reent.o) (_impure_ptr)
C:/Program Files/ST/STM32CubeIDE_2.0.0/STM32CubeIDE/plugins/com.st.stm32cube.ide.mcu.externaltools.gnu-tools-for-stm32.13.3.rel1.win32_1.0.100.202509120712/tools/bin/../lib/gcc/arm-none-eabi/13.3.1/../../../../arm-none-eabi/lib/thumb/v7-m/nofp\libc_nano.a(libc_a-lseekr.o)
[...]
Memory Configuration

Name             Origin             Length             Attributes
RAM              0x20000000         0x00005000         xrw
FLASH            0x08000000         0x00010000         xr
*default*        0x00000000         0xffffffff

Linker script and memory map

LOAD C:/Program Files/ST/STM32CubeIDE_2.0.0/STM32CubeIDE/plugins/com.st.stm32cube.ide.mcu.externaltools.gnu-tools-for-stm32.13.3.rel1.win32_1.0.100.202509120712/tools/bin/../lib/gcc/arm-none-eabi/13.3.1/thumb/v7-m/nofp/crti.o
LOAD C:/Program Files/ST/STM32CubeIDE_2.0.0/STM32CubeIDE/plugins/com.st.stm32cube.ide.mcu.externaltools.gnu-tools-for-stm32.13.3.rel1.win32_1.0.100.202509120712/tools/bin/../lib/gcc/arm-none-eabi/13.3.1/thumb/v7-m/nofp/crtbegin.o
LOAD C:/Program Files/ST/STM32CubeIDE_2.0.0/STM32CubeIDE/plugins/com.st.stm32cube.ide.mcu.externaltools.gnu-tools-for-stm32.13.3.rel1.win32_1.0.100.202509120712/tools/bin/../lib/gcc/arm-none-eabi/13.3.1/../../../../arm-none-eabi/lib/thumb/v7-m/nofp/crt0.o
LOAD ./Core/Src/can.o
LOAD ./Core/Src/gpio.o
LOAD ./Core/Src/interface.o
LOAD ./Core/Src/main.o
LOAD ./Core/Src/rtc.o
LOAD ./Core/Src/spi.o
LOAD ./Core/Src/stm32f1xx_hal_msp.o
LOAD ./Core/Src/stm32f1xx_it.o
LOAD ./Core/Src/syscalls.o
LOAD ./Core/Src/sysmem.o
LOAD ./Core/Src/system_stm32f1xx.o
LOAD ./Core/Src/usart.o
LOAD ./Core/Src/usb.o
LOAD ./Core/Startup/startup_stm32f103c8tx.o
LOAD ./Drivers/STM32F1xx_HAL_Driver/Src/stm32f1xx_hal.o
LOAD ./Drivers/STM32F1xx_HAL_Driver/Src/stm32f1xx_hal_can.o
LOAD ./Drivers/STM32F1xx_HAL_Driver/Src/stm32f1xx_hal_cortex.o
LOAD ./Drivers/STM32F1xx_HAL_Driver/Src/stm32f1xx_hal_dma.o
LOAD ./Drivers/STM32F1xx_HAL_Driver/Src/stm32f1xx_hal_exti.o
LOAD ./Drivers/STM32F1xx_HAL_Driver/Src/stm32f1xx_hal_flash.o
LOAD ./Drivers/STM32F1xx_HAL_Driver/Src/stm32f1xx_hal_flash_ex.o
LOAD ./Drivers/STM32F1xx_HAL_Driver/Src/stm32f1xx_hal_gpio.o
LOAD ./Drivers/STM32F1xx_HAL_Driver/Src/stm32f1xx_hal_gpio_ex.o
LOAD ./Drivers/STM32F1xx_HAL_Driver/Src/stm32f1xx_hal_pcd.o
LOAD ./Drivers/STM32F1xx_HAL_Driver/Src/stm32f1xx_hal_pcd_ex.o
LOAD ./Drivers/STM32F1xx_HAL_Driver/Src/stm32f1xx_hal_pwr.o
LOAD ./Drivers/STM32F1xx_HAL_Driver/Src/stm32f1xx_hal_rcc.o
LOAD ./Drivers/STM32F1xx_HAL_Driver/Src/stm32f1xx_hal_rcc_ex.o
LOAD ./Drivers/STM32F1xx_HAL_Driver/Src/stm32f1xx_hal_rtc.o
LOAD ./Drivers/STM32F1xx_HAL_Driver/Src/stm32f1xx_hal_rtc_ex.o
LOAD ./Drivers/STM32F1xx_HAL_Driver/Src/stm32f1xx_hal_spi.o
LOAD ./Drivers/STM32F1xx_HAL_Driver/Src/stm32f1xx_hal_usart.o
LOAD ./Drivers/STM32F1xx_HAL_Driver/Src/stm32f1xx_ll_usb.o
START GROUP
LOAD C:/Program Files/ST/STM32CubeIDE_2.0.0/STM32CubeIDE/plugins/com.st.stm32cube.ide.mcu.externaltools.gnu-tools-for-stm32.13.3.rel1.win32_1.0.100.202509120712/tools/bin/../lib/gcc/arm-none-eabi/13.3.1/../../../../arm-none-eabi/lib/thumb/v7-m/nofp\libc_nano.a
LOAD C:/Program Files/ST/STM32CubeIDE_2.0.0/STM32CubeIDE/plugins/com.st.stm32cube.ide.mcu.externaltools.gnu-tools-for-stm32.13.3.rel1.win32_1.0.100.202509120712/tools/bin/../lib/gcc/arm-none-eabi/13.3.1/../../../../arm-none-eabi/lib/thumb/v7-m/nofp\libm.a
END GROUP
START GROUP
LOAD C:/Program Files/ST/STM32CubeIDE_2.0.0/STM32CubeIDE/plugins/com.st.stm32cube.ide.mcu.externaltools.gnu-tools-for-stm32.13.3.rel1.win32_1.0.100.202509120712/tools/bin/../lib/gcc/arm-none-eabi/13.3.1/thumb/v7-m/nofp\libgcc.a
LOAD C:/Program Files/ST/STM32CubeIDE_2.0.0/STM32CubeIDE/plugins/com.st.stm32cube.ide.mcu.externaltools.gnu-tools-for-stm32.13.3.rel1.win32_1.0.100.202509120712/tools/bin/../lib/gcc/arm-none-eabi/13.3.1/../../../../arm-none-eabi/lib/thumb/v7-m/nofp\libc_nano.a
END GROUP
START GROUP
LOAD C:/Program Files/ST/STM32CubeIDE_2.0.0/STM32CubeIDE/plugins/com.st.stm32cube.ide.mcu.externaltools.gnu-tools-for-stm32.13.3.rel1.win32_1.0.100.202509120712/tools/bin/../lib/gcc/arm-none-eabi/13.3.1/thumb/v7-m/nofp\libgcc.a
LOAD C:/Program Files/ST/STM32CubeIDE_2.0.0/STM32CubeIDE/plugins/com.st.stm32cube.ide.mcu.externaltools.gnu-tools-for-stm32.13.3.rel1.win32_1.0.100.202509120712/tools/bin/../lib/gcc/arm-none-eabi/13.3.1/../../../../arm-none-eabi/lib/thumb/v7-m/nofp\libc_nano.a
LOAD C:/Program Files/ST/STM32CubeIDE_2.0.0/STM32CubeIDE/plugins/com.st.stm32cube.ide.mcu.externaltools.gnu-tools-for-stm32.13.3.rel1.win32_1.0.100.202509120712/tools/bin/../lib/gcc/arm-none-eabi/13.3.1/../../../../arm-none-eabi/lib/thumb/v7-m/nofp\libnosys.a
END GROUP
START GROUP
LOAD C:/Program Files/ST/STM32CubeIDE_2.0.0/STM32CubeIDE/plugins/com.st.stm32cube.ide.mcu.externaltools.gnu-tools-for-stm32.13.3.rel1.win32_1.0.100.202509120712/tools/bin/../lib/gcc/arm-none-eabi/13.3.1/thumb/v7-m/nofp\libgcc.a
LOAD C:/Program Files/ST/STM32CubeIDE_2.0.0/STM32CubeIDE/plugins/com.st.stm32cube.ide.mcu.externaltools.gnu-tools-for-stm32.13.3.rel1.win32_1.0.100.202509120712/tools/bin/../lib/gcc/arm-none-eabi/13.3.1/../../../../arm-none-eabi/lib/thumb/v7-m/nofp\libc_nano.a
LOAD C:/Program Files/ST/STM32CubeIDE_2.0.0/STM32CubeIDE/plugins/com.st.stm32cube.ide.mcu.externaltools.gnu-tools-for-stm32.13.3.rel1.win32_1.0.100.202509120712/tools/bin/../lib/gcc/arm-none-eabi/13.3.1/../../../../arm-none-eabi/lib/thumb/v7-m/nofp\libnosys.a
END GROUP
LOAD C:/Program Files/ST/STM32CubeIDE_2.0.0/STM32CubeIDE/plugins/com.st.stm32cube.ide.mcu.externaltools.gnu-tools-for-stm32.13.3.rel1.win32_1.0.100.202509120712/tools/bin/../lib/gcc/arm-none-eabi/13.3.1/thumb/v7-m/nofp/crtend.o
LOAD C:/Program Files/ST/STM32CubeIDE_2.0.0/STM32CubeIDE/plugins/com.st.stm32cube.ide.mcu.externaltools.gnu-tools-for-stm32.13.3.rel1.win32_1.0.100.202509120712/tools/bin/../lib/gcc/arm-none-eabi/13.3.1/thumb/v7-m/nofp/crtn.o
                0x20005000                        _estack = (ORIGIN (RAM) + LENGTH (RAM))
                0x00000200                        _Min_Heap_Size = 0x200
                0x00000400                        _Min_Stack_Size = 0x400

.isr_vector     0x08000000      0x10c
                0x08000000                        . = ALIGN (0x4)
 *(.isr_vector)
 .isr_vector    0x08000000      0x10c ./Core/Startup/startup_stm32f103c8tx.o
                0x08000000                g_pfnVectors
                0x0800010c                        . = ALIGN (0x4)

.text           0x0800010c     0x2e04
                0x0800010c                        . = ALIGN (0x4)
 *(.text)
 .text          0x0800010c       0x40 C:/Program Files/ST/STM32CubeIDE_2.0.0/STM32CubeIDE/plugins/com.st.stm32cube.ide.mcu.externaltools.gnu-tools-for-stm32.13.3.rel1.win32_1.0.100.202509120712/tools/bin/../lib/gcc/arm-none-eabi/13.3.1/thumb/v7-m/nofp/crtbegin.o
 *(.text*)
 .text.MX_CAN_Init
                0x0800014c       0x6c ./Core/Src/can.o
                0x0800014c                MX_CAN_Init
 .text.HAL_CAN_MspInit
                0x080001b8       0xc0 ./Core/Src/can.o
                0x080001b8                HAL_CAN_MspInit
 .text.MX_GPIO_Init
                0x08000278      0x170 ./Core/Src/gpio.o
                0x08000278                MX_GPIO_Init
 .text.resetCS  0x080003e8       0x18 ./Core/Src/interface.o
                0x080003e8                resetCS
 .text.CANfilter
                0x08000400       0x4c ./Core/Src/interface.o
                0x08000400                CANfilter
 .text.main     0x0800044c       0x70 ./Core/Src/main.o
                0x0800044c                main
 .text.SystemClock_Config
                0x080004bc       0xbe ./Core/Src/main.o
                0x080004bc                SystemClock_Config
 .text.Error_Handler
                0x0800057a        0xc ./Core/Src/main.o
                0x0800057a                Error_Handler
 *fill*         0x08000586        0x2 
 .text.MX_RTC_Init
                0x08000588       0x94 ./Core/Src/rtc.o
                0x08000588                MX_RTC_Init
 .text.HAL_RTC_MspInit
                0x0800061c       0x48 ./Core/Src/rtc.o
                0x0800061c                HAL_RTC_MspInit
 .text.MX_SPI1_Init
                0x08000664       0x6c ./Core/Src/spi.o
                0x08000664                MX_SPI1_Init
 .text.HAL_SPI_MspInit
                0x080006d0       0x94 ./Core/Src/spi.o
                0x080006d0                HAL_SPI_MspInit
 .text.HAL_MspInit
                0x08000764       0x64 ./Core/Src/stm32f1xx_hal_msp.o
                0x08000764                HAL_MspInit
 .text.NMI_Handler
                0x080007c8        0x8 ./Core/Src/stm32f1xx_it.o
                0x080007c8                NMI_Handler
 .text.HardFault_Handler
                0x080007d0        0x8 ./Core/Src/stm32f1xx_it.o
                0x080007d0                HardFault_Handler
 .text.MemManage_Handler
                0x080007d8        0x8 ./Core/Src/stm32f1xx_it.o
                0x080007d8                MemManage_Handler
 .text.BusFault_Handler
                0x080007e0        0x8 ./Core/Src/stm32f1xx_it.o
                0x080007e0                BusFault_Handler
 .text.UsageFault_Handler
                0x080007e8        0x8 ./Core/Src/stm32f1xx_it.o
                0x080007e8                UsageFault_Handler
 .text.SVC_Handler
                0x080007f0        0xc ./Core/Src/stm32f1xx_it.o
                0x080007f0                SVC_Handler
 .text.DebugMon_Handler
                0x080007fc        0xc ./Core/Src/stm32f1xx_it.o
                0x080007fc                DebugMon_Handler
 .text.PendSV_Handler
                0x08000808        0xc ./Core/Src/stm32f1xx_it.o
                0x08000808                PendSV_Handler
 .text.SysTick_Handler
                0x08000814        0xc ./Core/Src/stm32f1xx_it.o
                0x08000814                SysTick_Handler
 .text.SystemInit
                0x08000820        0xc ./Core/Src/system_stm32f1xx.o
                0x08000820                SystemInit
 .text.MX_USART1_Init
                0x0800082c       0x58 ./Core/Src/usart.o
                0x0800082c                MX_USART1_Init
 .text.MX_USART2_Init
                0x08000884       0x58 ./Core/Src/usart.o
                0x08000884                MX_USART2_Init
 .text.HAL_USART_MspInit
                0x080008dc      0x108 ./Core/Src/usart.o
                0x080008dc                HAL_USART_MspInit
 .text.MX_USB_PCD_Init
                0x080009e4       0x44 ./Core/Src/usb.o
                0x080009e4                MX_USB_PCD_Init
 .text.HAL_PCD_MspInit
                0x08000a28       0x3c ./Core/Src/usb.o
                0x08000a28                HAL_PCD_MspInit
 .text.Reset_Handler
                0x08000a64       0x48 ./Core/Startup/startup_stm32f103c8tx.o
                0x08000a64                Reset_Handler
 .text.Default_Handler
                0x08000aac        0x2 ./Core/Startup/startup_stm32f103c8tx.o
                0x08000aac                RTC_Alarm_IRQHandler
                0x08000aac                EXTI2_IRQHandler
                0x08000aac                TIM1_CC_IRQHandler
                0x08000aac                PVD_IRQHandler
                0x08000aac                EXTI3_IRQHandler
                0x08000aac                EXTI0_IRQHandler
                0x08000aac                I2C2_EV_IRQHandler
                0x08000aac                ADC1_2_IRQHandler
                0x08000aac                SPI1_IRQHandler
                0x08000aac                TAMPER_IRQHandler
                0x08000aac                DMA1_Channel4_IRQHandler
                0x08000aac                USART3_IRQHandler
                0x08000aac                RTC_IRQHandler
                0x08000aac                DMA1_Channel7_IRQHandler
                0x08000aac                CAN1_RX1_IRQHandler
                0x08000aac                TIM4_IRQHandler
                0x08000aac                I2C1_EV_IRQHandler
                0x08000aac                DMA1_Channel6_IRQHandler
                0x08000aac                TIM3_IRQHandler
                0x08000aac                RCC_IRQHandler
                0x08000aac                TIM1_TRG_COM_IRQHandler
                0x08000aac                DMA1_Channel1_IRQHandler
                0x08000aac                Default_Handler
                0x08000aac                EXTI15_10_IRQHandler
                0x08000aac                EXTI9_5_IRQHandler
                0x08000aac                SPI2_IRQHandler
                0x08000aac                DMA1_Channel5_IRQHandler
                0x08000aac                EXTI4_IRQHandler
                0x08000aac                USB_LP_CAN1_RX0_IRQHandler
                0x08000aac                USB_HP_CAN1_TX_IRQHandler
                0x08000aac                DMA1_Channel3_IRQHandler
                0x08000aac                TIM1_UP_IRQHandler
                0x08000aac                WWDG_IRQHandler
                0x08000aac                TIM2_IRQHandler
                0x08000aac                TIM1_BRK_IRQHandler
                0x08000aac                EXTI1_IRQHandler
                0x08000aac                USART2_IRQHandler
                0x08000aac                I2C2_ER_IRQHandler
                0x08000aac                DMA1_Channel2_IRQHandler
                0x08000aac                CAN1_SCE_IRQHandler
                0x08000aac                FLASH_IRQHandler
                0x08000aac                USART1_IRQHandler
                0x08000aac                I2C1_ER_IRQHandler
                0x08000aac                USBWakeUp_IRQHandler
 *fill*         0x08000aae        0x2 
 .text.HAL_Init
                0x08000ab0       0x2c ./Drivers/STM32F1xx_HAL_Driver/Src/stm32f1xx_hal.o
                0x08000ab0                HAL_Init
 .text.HAL_InitTick
                0x08000adc       0x60 ./Drivers/STM32F1xx_HAL_Driver/Src/stm32f1xx_hal.o
                0x08000adc                HAL_InitTick
 .text.HAL_IncTick
                0x08000b3c       0x24 ./Drivers/STM32F1xx_HAL_Driver/Src/stm32f1xx_hal.o
                0x08000b3c                HAL_IncTick
 .text.HAL_GetTick
                0x08000b60       0x14 ./Drivers/STM32F1xx_HAL_Driver/Src/stm32f1xx_hal.o
                0x08000b60                HAL_GetTick
 .text.HAL_Delay
                0x08000b74       0x48 ./Drivers/STM32F1xx_HAL_Driver/Src/stm32f1xx_hal.o
                0x08000b74                HAL_Delay
 .text.HAL_CAN_Init
                0x08000bbc      0x1f6 ./Drivers/STM32F1xx_HAL_Driver/Src/stm32f1xx_hal_can.o
                0x08000bbc                HAL_CAN_Init
 .text.HAL_CAN_ConfigFilter
                0x08000db2      0x192 ./Drivers/STM32F1xx_HAL_Driver/Src/stm32f1xx_hal_can.o
                0x08000db2                HAL_CAN_ConfigFilter
 .text.HAL_CAN_Start
                0x08000f44       0x88 ./Drivers/STM32F1xx_HAL_Driver/Src/stm32f1xx_hal_can.o
                0x08000f44                HAL_CAN_Start
 .text.HAL_CAN_AddTxMessage
                0x08000fcc      0x19e ./Drivers/STM32F1xx_HAL_Driver/Src/stm32f1xx_hal_can.o
                0x08000fcc                HAL_CAN_AddTxMessage
 *fill*         0x0800116a        0x2 
 .text.__NVIC_SetPriorityGrouping
                0x0800116c       0x48 ./Drivers/STM32F1xx_HAL_Driver/Src/stm32f1xx_hal_cortex.o
 .text.__NVIC_GetPriorityGrouping
                0x080011b4       0x1c ./Drivers/STM32F1xx_HAL_Driver/Src/stm32f1xx_hal_cortex.o
 .text.__NVIC_SetPriority
                0x080011d0       0x54 ./Drivers/STM32F1xx_HAL_Driver/Src/stm32f1xx_hal_cortex.o
 .text.NVIC_EncodePriority
                0x08001224       0x64 ./Drivers/STM32F1xx_HAL_Driver/Src/stm32f1xx_hal_cortex.o
 .text.SysTick_Config
                0x08001288       0x44 ./Drivers/STM32F1xx_HAL_Driver/Src/stm32f1xx_hal_cortex.o
 .text.HAL_NVIC_SetPriorityGrouping
                0x080012cc       0x16 ./Drivers/STM32F1xx_HAL_Driver/Src/stm32f1xx_hal_cortex.o
                0x080012cc                HAL_NVIC_SetPriorityGrouping
 .text.HAL_NVIC_SetPriority
                0x080012e2       0x38 ./Drivers/STM32F1xx_HAL_Driver/Src/stm32f1xx_hal_cortex.o
                0x080012e2                HAL_NVIC_SetPriority
 .text.HAL_SYSTICK_Config
                0x0800131a       0x18 ./Drivers/STM32F1xx_HAL_Driver/Src/stm32f1xx_hal_cortex.o
                0x0800131a                HAL_SYSTICK_Config
 *fill*         0x08001332        0x2 
 .text.HAL_GPIO_Init
                0x08001334      0x308 ./Drivers/STM32F1xx_HAL_Driver/Src/stm32f1xx_hal_gpio.o
                0x08001334                HAL_GPIO_Init
 .text.HAL_GPIO_WritePin
                0x0800163c       0x30 ./Drivers/STM32F1xx_HAL_Driver/Src/stm32f1xx_hal_gpio.o
                0x0800163c                HAL_GPIO_WritePin
 .text.HAL_PCD_Init
                0x0800166c      0x1ec ./Drivers/STM32F1xx_HAL_Driver/Src/stm32f1xx_hal_pcd.o
                0x0800166c                HAL_PCD_Init
 .text.HAL_PWR_EnableBkUpAccess
                0x08001858       0x18 ./Drivers/STM32F1xx_HAL_Driver/Src/stm32f1xx_hal_pwr.o
                0x08001858                HAL_PWR_EnableBkUpAccess
 .text.HAL_RCC_OscConfig
                0x08001870      0x504 ./Drivers/STM32F1xx_HAL_Driver/Src/stm32f1xx_hal_rcc.o
                0x08001870                HAL_RCC_OscConfig
 .text.HAL_RCC_ClockConfig
                0x08001d74      0x1d4 ./Drivers/STM32F1xx_HAL_Driver/Src/stm32f1xx_hal_rcc.o
                0x08001d74                HAL_RCC_ClockConfig
 .text.HAL_RCC_GetSysClockFreq
                0x08001f48       0xa8 ./Drivers/STM32F1xx_HAL_Driver/Src/stm32f1xx_hal_rcc.o
                0x08001f48                HAL_RCC_GetSysClockFreq
 .text.HAL_RCC_GetHCLKFreq
                0x08001ff0       0x14 ./Drivers/STM32F1xx_HAL_Driver/Src/stm32f1xx_hal_rcc.o
                0x08001ff0                HAL_RCC_GetHCLKFreq
 .text.HAL_RCC_GetPCLK1Freq
                0x08002004       0x28 ./Drivers/STM32F1xx_HAL_Driver/Src/stm32f1xx_hal_rcc.o
                0x08002004                HAL_RCC_GetPCLK1Freq
 .text.HAL_RCC_GetPCLK2Freq
                0x0800202c       0x28 ./Drivers/STM32F1xx_HAL_Driver/Src/stm32f1xx_hal_rcc.o
                0x0800202c                HAL_RCC_GetPCLK2Freq
 .text.RCC_Delay
                0x08002054       0x3c ./Drivers/STM32F1xx_HAL_Driver/Src/stm32f1xx_hal_rcc.o
 .text.HAL_RCCEx_PeriphCLKConfig
                0x08002090      0x16c ./Drivers/STM32F1xx_HAL_Driver/Src/stm32f1xx_hal_rcc_ex.o
                0x08002090                HAL_RCCEx_PeriphCLKConfig
 .text.HAL_RCCEx_GetPeriphCLKFreq
                0x080021fc      0x16c ./Drivers/STM32F1xx_HAL_Driver/Src/stm32f1xx_hal_rcc_ex.o
                0x080021fc                HAL_RCCEx_GetPeriphCLKFreq
 .text.HAL_RTC_Init
                0x08002368      0x118 ./Drivers/STM32F1xx_HAL_Driver/Src/stm32f1xx_hal_rtc.o
                0x08002368                HAL_RTC_Init
 .text.HAL_RTC_SetTime
                0x08002480      0x12e ./Drivers/STM32F1xx_HAL_Driver/Src/stm32f1xx_hal_rtc.o
                0x08002480                HAL_RTC_SetTime
 *fill*         0x080025ae        0x2 
 .text.HAL_RTC_SetDate
                0x080025b0      0x16c ./Drivers/STM32F1xx_HAL_Driver/Src/stm32f1xx_hal_rtc.o
                0x080025b0                HAL_RTC_SetDate
 .text.HAL_RTC_WaitForSynchro
                0x0800271c       0x5a ./Drivers/STM32F1xx_HAL_Driver/Src/stm32f1xx_hal_rtc.o
                0x0800271c                HAL_RTC_WaitForSynchro
 .text.RTC_ReadTimeCounter
                0x08002776       0x60 ./Drivers/STM32F1xx_HAL_Driver/Src/stm32f1xx_hal_rtc.o
 .text.RTC_WriteTimeCounter
                0x080027d6       0x4e ./Drivers/STM32F1xx_HAL_Driver/Src/stm32f1xx_hal_rtc.o
 .text.RTC_ReadAlarmCounter
                0x08002824       0x32 ./Drivers/STM32F1xx_HAL_Driver/Src/stm32f1xx_hal_rtc.o
 .text.RTC_WriteAlarmCounter
                0x08002856       0x4e ./Drivers/STM32F1xx_HAL_Driver/Src/stm32f1xx_hal_rtc.o
 .text.RTC_EnterInitMode
                0x080028a4       0x50 ./Drivers/STM32F1xx_HAL_Driver/Src/stm32f1xx_hal_rtc.o
 .text.RTC_ExitInitMode
                0x080028f4       0x50 ./Drivers/STM32F1xx_HAL_Driver/Src/stm32f1xx_hal_rtc.o
 .text.RTC_Bcd2ToByte
                0x08002944       0x3a ./Drivers/STM32F1xx_HAL_Driver/Src/stm32f1xx_hal_rtc.o
 *fill*         0x0800297e        0x2 
 .text.RTC_WeekDayNum
                0x08002980       0xf0 ./Drivers/STM32F1xx_HAL_Driver/Src/stm32f1xx_hal_rtc.o
 .text.HAL_SPI_Init
                0x08002a70      0x108 ./Drivers/STM32F1xx_HAL_Driver/Src/stm32f1xx_hal_spi.o
                0x08002a70                HAL_SPI_Init
 .text.HAL_USART_Init
                0x08002b78       0x82 ./Drivers/STM32F1xx_HAL_Driver/Src/stm32f1xx_hal_usart.o
                0x08002b78                HAL_USART_Init
 *fill*         0x08002bfa        0x2 
 .text.USART_SetConfig
                0x08002bfc      0x1f0 ./Drivers/STM32F1xx_HAL_Driver/Src/stm32f1xx_hal_usart.o
 .text.USB_CoreInit
                0x08002dec       0x1a ./Drivers/STM32F1xx_HAL_Driver/Src/stm32f1xx_ll_usb.o
                0x08002dec                USB_CoreInit
 .text.USB_DisableGlobalInt
                0x08002e06       0x34 ./Drivers/STM32F1xx_HAL_Driver/Src/stm32f1xx_ll_usb.o
                0x08002e06                USB_DisableGlobalInt
 .text.USB_SetCurrentMode
                0x08002e3a       0x18 ./Drivers/STM32F1xx_HAL_Driver/Src/stm32f1xx_ll_usb.o
                0x08002e3a                USB_SetCurrentMode
 .text.USB_DevInit
                0x08002e52       0x3a ./Drivers/STM32F1xx_HAL_Driver/Src/stm32f1xx_ll_usb.o
                0x08002e52                USB_DevInit
 .text.USB_DevDisconnect
                0x08002e8c       0x14 ./Drivers/STM32F1xx_HAL_Driver/Src/stm32f1xx_ll_usb.o
                0x08002e8c                USB_DevDisconnect
 .text.memset   0x08002ea0       0x10 C:/Program Files/ST/STM32CubeIDE_2.0.0/STM32CubeIDE/plugins/com.st.stm32cube.ide.mcu.externaltools.gnu-tools-for-stm32.13.3.rel1.win32_1.0.100.202509120712/tools/bin/../lib/gcc/arm-none-eabi/13.3.1/../../../../arm-none-eabi/lib/thumb/v7-m/nofp\libc_nano.a(libc_a-memset.o)
                0x08002ea0                memset
 .text.__libc_init_array
                0x08002eb0       0x48 C:/Program Files/ST/STM32CubeIDE_2.0.0/STM32CubeIDE/plugins/com.st.stm32cube.ide.mcu.externaltools.gnu-tools-for-stm32.13.3.rel1.win32_1.0.100.202509120712/tools/bin/../lib/gcc/arm-none-eabi/13.3.1/../../../../arm-none-eabi/lib/thumb/v7-m/nofp\libc_nano.a(libc_a-init.o)
                0x08002eb0                __libc_init_array
 *(.glue_7)
 .glue_7        0x08002ef8        0x0 linker stubs
 *(.glue_7t)
 .glue_7t       0x08002ef8        0x0 linker stubs
 *(.eh_frame)
 .eh_frame      0x08002ef8        0x0 C:/Program Files/ST/STM32CubeIDE_2.0.0/STM32CubeIDE/plugins/com.st.stm32cube.ide.mcu.externaltools.gnu-tools-for-stm32.13.3.rel1.win32_1.0.100.202509120712/tools/bin/../lib/gcc/arm-none-eabi/13.3.1/thumb/v7-m/nofp/crtbegin.o
 *(.init)
 .init          0x08002ef8        0x4 C:/Program Files/ST/STM32CubeIDE_2.0.0/STM32CubeIDE/plugins/com.st.stm32cube.ide.mcu.externaltools.gnu-tools-for-stm32.13.3.rel1.win32_1.0.100.202509120712/tools/bin/../lib/gcc/arm-none-eabi/13.3.1/thumb/v7-m/nofp/crti.o
                0x08002ef8                _init
 .init          0x08002efc        0x8 C:/Program Files/ST/STM32CubeIDE_2.0.0/STM32CubeIDE/plugins/com.st.stm32cube.ide.mcu.externaltools.gnu-tools-for-stm32.13.3.rel1.win32_1.0.100.202509120712/tools/bin/../lib/gcc/arm-none-eabi/13.3.1/thumb/v7-m/nofp/crtn.o
 *(.fini)
 .fini          0x08002f04        0x4 C:/Program Files/ST/STM32CubeIDE_2.0.0/STM32CubeIDE/plugins/com.st.stm32cube.ide.mcu.externaltools.gnu-tools-for-stm32.13.3.rel1.win32_1.0.100.202509120712/tools/bin/../lib/gcc/arm-none-eabi/13.3.1/thumb/v7-m/nofp/crti.o
                0x08002f04                _fini
 .fini          0x08002f08        0x8 C:/Program Files/ST/STM32CubeIDE_2.0.0/STM32CubeIDE/plugins/com.st.stm32cube.ide.mcu.externaltools.gnu-tools-for-stm32.13.3.rel1.win32_1.0.100.202509120712/tools/bin/../lib/gcc/arm-none-eabi/13.3.1/thumb/v7-m/nofp/crtn.o
                0x08002f10                        . = ALIGN (0x4)
                0x08002f10                        _etext = .

.vfp11_veneer   0x08002f10        0x0
 .vfp11_veneer  0x08002f10        0x0 linker stubs

.v4_bx          0x08002f10        0x0
 .v4_bx         0x08002f10        0x0 linker stubs

.iplt           0x08002f10        0x0
 .iplt          0x08002f10        0x0 C:/Program Files/ST/STM32CubeIDE_2.0.0/STM32CubeIDE/plugins/com.st.stm32cube.ide.mcu.externaltools.gnu-tools-for-stm32.13.3.rel1.win32_1.0.100.202509120712/tools/bin/../lib/gcc/arm-none-eabi/13.3.1/thumb/v7-m/nofp/crtbegin.o

.rodata         0x08002f10       0x40
                0x08002f10                        . = ALIGN (0x4)
 *(.rodata)
 *(.rodata*)
 .rodata.AHBPrescTable
                0x08002f10       0x10 ./Core/Src/system_stm32f1xx.o
                0x08002f10                AHBPrescTable
 .rodata.APBPrescTable
                0x08002f20        0x8 ./Core/Src/system_stm32f1xx.o
                0x08002f20                APBPrescTable
 .rodata.aPLLMULFactorTable.1
                0x08002f28       0x10 ./Drivers/STM32F1xx_HAL_Driver/Src/stm32f1xx_hal_rcc.o
 .rodata.aPredivFactorTable.0
                0x08002f38        0x2 ./Drivers/STM32F1xx_HAL_Driver/Src/stm32f1xx_hal_rcc.o
 *fill*         0x08002f3a        0x2 
 .rodata.aPLLMULFactorTable.1
                0x08002f3c       0x10 ./Drivers/STM32F1xx_HAL_Driver/Src/stm32f1xx_hal_rcc_ex.o
 .rodata.aPredivFactorTable.0
                0x08002f4c        0x2 ./Drivers/STM32F1xx_HAL_Driver/Src/stm32f1xx_hal_rcc_ex.o
                0x08002f50                        . = ALIGN (0x4)
 *fill*         0x08002f4e        0x2 

.ARM.extab      0x08002f50        0x0
                0x08002f50                        . = ALIGN (0x4)
 *(.ARM.extab* .gnu.linkonce.armextab.*)
                0x08002f50                        . = ALIGN (0x4)

.ARM            0x08002f50        0x0
                0x08002f50                        . = ALIGN (0x4)
                0x08002f50                        __exidx_start = .
 *(.ARM.exidx*)
                0x08002f50                        __exidx_end = .
                0x08002f50                        . = ALIGN (0x4)

.preinit_array  0x08002f50        0x0
                0x08002f50                        . = ALIGN (0x4)
                0x08002f50                        PROVIDE (__preinit_array_start = .)
 *(.preinit_array*)
                0x08002f50                        PROVIDE (__preinit_array_end = .)
                0x08002f50                        . = ALIGN (0x4)

.init_array     0x08002f50        0x4
                0x08002f50                        . = ALIGN (0x4)
                0x08002f50                        PROVIDE (__init_array_start = .)
 *(SORT_BY_NAME(.init_array.*))
 *(.init_array*)
 .init_array    0x08002f50        0x4 C:/Program Files/ST/STM32CubeIDE_2.0.0/STM32CubeIDE/plugins/com.st.stm32cube.ide.mcu.externaltools.gnu-tools-for-stm32.13.3.rel1.win32_1.0.100.202509120712/tools/bin/../lib/gcc/arm-none-eabi/13.3.1/thumb/v7-m/nofp/crtbegin.o
                0x08002f54                        PROVIDE (__init_array_end = .)
                0x08002f54                        . = ALIGN (0x4)

.fini_array     0x08002f54        0x4
                0x08002f54                        . = ALIGN (0x4)
                [!provide]                        PROVIDE (__fini_array_start = .)
 *(SORT_BY_NAME(.fini_array.*))
 *(.fini_array*)
 .fini_array    0x08002f54        0x4 C:/Program Files/ST/STM32CubeIDE_2.0.0/STM32CubeIDE/plugins/com.st.stm32cube.ide.mcu.externaltools.gnu-tools-for-stm32.13.3.rel1.win32_1.0.100.202509120712/tools/bin/../lib/gcc/arm-none-eabi/13.3.1/thumb/v7-m/nofp/crtbegin.o
                [!provide]                        PROVIDE (__fini_array_end = .)
                0x08002f58                        . = ALIGN (0x4)
                0x08002f58                        _sidata = LOADADDR (.data)

.rel.dyn        0x08002f58        0x0
 .rel.iplt      0x08002f58        0x0 C:/Program Files/ST/STM32CubeIDE_2.0.0/STM32CubeIDE/plugins/com.st.stm32cube.ide.mcu.externaltools.gnu-tools-for-stm32.13.3.rel1.win32_1.0.100.202509120712/tools/bin/../lib/gcc/arm-none-eabi/13.3.1/thumb/v7-m/nofp/crtbegin.o

.data           0x20000000        0xc load address 0x08002f58
                0x20000000                        . = ALIGN (0x4)
                0x20000000                        _sdata = .
 *(.data)
 *(.data*)
 .data.SystemCoreClock
                0x20000000        0x4 ./Core/Src/system_stm32f1xx.o
                0x20000000                SystemCoreClock
 .data.uwTickPrio
                0x20000004        0x4 ./Drivers/STM32F1xx_HAL_Driver/Src/stm32f1xx_hal.o
                0x20000004                uwTickPrio
 .data.uwTickFreq
                0x20000008        0x1 ./Drivers/STM32F1xx_HAL_Driver/Src/stm32f1xx_hal.o
                0x20000008                uwTickFreq
 *(.RamFunc)
 *(.RamFunc*)
                0x2000000c                        . = ALIGN (0x4)
 *fill*         0x20000009        0x3 
                0x2000000c                        _edata = .

.igot.plt       0x2000000c        0x0 load address 0x08002f64
 .igot.plt      0x2000000c        0x0 C:/Program Files/ST/STM32CubeIDE_2.0.0/STM32CubeIDE/plugins/com.st.stm32cube.ide.mcu.externaltools.gnu-tools-for-stm32.13.3.rel1.win32_1.0.100.202509120712/tools/bin/../lib/gcc/arm-none-eabi/13.3.1/thumb/v7-m/nofp/crtbegin.o
                0x2000000c                        . = ALIGN (0x4)

.bss            0x2000000c      0x414 load address 0x08002f64
                0x2000000c                        _sbss = .
                0x2000000c                        __bss_start__ = _sbss
 *(.bss)
 .bss           0x2000000c       0x1c C:/Program Files/ST/STM32CubeIDE_2.0.0/STM32CubeIDE/plugins/com.st.stm32cube.ide.mcu.externaltools.gnu-tools-for-stm32.13.3.rel1.win32_1.0.100.202509120712/tools/bin/../lib/gcc/arm-none-eabi/13.3.1/thumb/v7-m/nofp/crtbegin.o
 *(.bss*)
 .bss.hcan      0x20000028       0x28 ./Core/Src/can.o
                0x20000028                hcan
 .bss.hrtc      0x20000050       0x14 ./Core/Src/rtc.o
                0x20000050                hrtc
 .bss.hspi1     0x20000064       0x58 ./Core/Src/spi.o
                0x20000064                hspi1
 .bss.husart1   0x200000bc       0x44 ./Core/Src/usart.o
                0x200000bc                husart1
 .bss.husart2   0x20000100       0x44 ./Core/Src/usart.o
                0x20000100                husart2
 .bss.hpcd_USB_FS
                0x20000144      0x2d8 ./Core/Src/usb.o
                0x20000144                hpcd_USB_FS
 .bss.uwTick    0x2000041c        0x4 ./Drivers/STM32F1xx_HAL_Driver/Src/stm32f1xx_hal.o
                0x2000041c                uwTick
 *(COMMON)
                0x20000420                        . = ALIGN (0x4)
                0x20000420                        _ebss = .
                0x20000420                        __bss_end__ = _ebss

._user_heap_stack
                0x20000420      0x600 load address 0x08002f64
                0x20000420                        . = ALIGN (0x8)
                [!provide]                        PROVIDE (end = .)
                0x20000420                        PROVIDE (_end = .)
                0x20000620                        . = (. + _Min_Heap_Size)
 *fill*         0x20000420      0x200 
                0x20000a20                        . = (. + _Min_Stack_Size)
 *fill*         0x20000620      0x400 
                0x20000a20                        . = ALIGN (0x8)

/DISCARD/
 libc.a(*)
 libm.a(*)
 libgcc.a(*)

.ARM.attributes
                0x00000000       0x29
 *(.ARM.attributes)
 .ARM.attributes
                0x00000000       0x1d C:/Program Files/ST/STM32CubeIDE_2.0.0/STM32CubeIDE/plugins/com.st.stm32cube.ide.mcu.externaltools.gnu-tools-for-stm32.13.3.rel1.win32_1.0.100.202509120712/tools/bin/../lib/gcc/arm-none-eabi/13.3.1/thumb/v7-m/nofp/crti.o
 .ARM.attributes
                0x0000001d       0x2d C:/Program Files/ST/STM32CubeIDE_2.0.0/STM32CubeIDE/plugins/com.st.stm32cube.ide.mcu.externaltools.gnu-tools-for-stm32.13.3.rel1.win32_1.0.100.202509120712/tools/bin/../lib/gcc/arm-none-eabi/13.3.1/thumb/v7-m/nofp/crtbegin.o
 .ARM.attributes
                0x0000004a       0x2d ./Core/Src/can.o
 .ARM.attributes
                0x00000077       0x2d ./Core/Src/gpio.o
 .ARM.attributes
                0x000000a4       0x2d ./Core/Src/interface.o
 .ARM.attributes
                0x000000d1       0x2d ./Core/Src/main.o
 .ARM.attributes
                0x000000fe       0x2d ./Core/Src/rtc.o
 .ARM.attributes
                0x0000012b       0x2d ./Core/Src/spi.o
 .ARM.attributes
                0x00000158       0x2d ./Core/Src/stm32f1xx_hal_msp.o
 .ARM.attributes
                0x00000185       0x2d ./Core/Src/stm32f1xx_it.o
 .ARM.attributes
                0x000001b2       0x2d ./Core/Src/system_stm32f1xx.o
 .ARM.attributes
                0x000001df       0x2d ./Core/Src/usart.o
 .ARM.attributes
                0x0000020c       0x2d ./Core/Src/usb.o
 .ARM.attributes
                0x00000239       0x21 ./Core/Startup/startup_stm32f103c8tx.o
 .ARM.attributes
                0x0000025a       0x2d ./Drivers/STM32F1xx_HAL_Driver/Src/stm32f1xx_hal.o
 .ARM.attributes
                0x00000287       0x2d ./Drivers/STM32F1xx_HAL_Driver/Src/stm32f1xx_hal_can.o
 .ARM.attributes
                0x000002b4       0x2d ./Drivers/STM32F1xx_HAL_Driver/Src/stm32f1xx_hal_cortex.o
 .ARM.attributes
                0x000002e1       0x2d ./Drivers/STM32F1xx_HAL_Driver/Src/stm32f1xx_hal_gpio.o
 .ARM.attributes
                0x0000030e       0x2d ./Drivers/STM32F1xx_HAL_Driver/Src/stm32f1xx_hal_pcd.o
 .ARM.attributes
                0x0000033b       0x2d ./Drivers/STM32F1xx_HAL_Driver/Src/stm32f1xx_hal_pwr.o
 .ARM.attributes
                0x00000368       0x2d ./Drivers/STM32F1xx_HAL_Driver/Src/stm32f1xx_hal_rcc.o
 .ARM.attributes
                0x00000395       0x2d ./Drivers/STM32F1xx_HAL_Driver/Src/stm32f1xx_hal_rcc_ex.o
 .ARM.attributes
                0x000003c2       0x2d ./Drivers/STM32F1xx_HAL_Driver/Src/stm32f1xx_hal_rtc.o
 .ARM.attributes
                0x000003ef       0x2d ./Drivers/STM32F1xx_HAL_Driver/Src/stm32f1xx_hal_spi.o
 .ARM.attributes
                0x0000041c       0x2d ./Drivers/STM32F1xx_HAL_Driver/Src/stm32f1xx_hal_usart.o
 .ARM.attributes
                0x00000449       0x2d ./Drivers/STM32F1xx_HAL_Driver/Src/stm32f1xx_ll_usb.o
 .ARM.attributes
                0x00000476       0x2d C:/Program Files/ST/STM32CubeIDE_2.0.0/STM32CubeIDE/plugins/com.st.stm32cube.ide.mcu.externaltools.gnu-tools-for-stm32.13.3.rel1.win32_1.0.100.202509120712/tools/bin/../lib/gcc/arm-none-eabi/13.3.1/../../../../arm-none-eabi/lib/thumb/v7-m/nofp\libc_nano.a(libc_a-memset.o)
 .ARM.attributes
                0x000004a3       0x2d C:/Program Files/ST/STM32CubeIDE_2.0.0/STM32CubeIDE/plugins/com.st.stm32cube.ide.mcu.externaltools.gnu-tools-for-stm32.13.3.rel1.win32_1.0.100.202509120712/tools/bin/../lib/gcc/arm-none-eabi/13.3.1/../../../../arm-none-eabi/lib/thumb/v7-m/nofp\libc_nano.a(libc_a-init.o)
 .ARM.attributes
                0x000004d0       0x1d C:/Program Files/ST/STM32CubeIDE_2.0.0/STM32CubeIDE/plugins/com.st.stm32cube.ide.mcu.externaltools.gnu-tools-for-stm32.13.3.rel1.win32_1.0.100.202509120712/tools/bin/../lib/gcc/arm-none-eabi/13.3.1/thumb/v7-m/nofp/crtn.o
OUTPUT(Backplane.elf elf32-littlearm)
LOAD linker stubs
LOAD C:/Program Files/ST/STM32CubeIDE_2.0.0/STM32CubeIDE/plugins/com.st.stm32cube.ide.mcu.externaltools.gnu-tools-for-stm32.13.3.rel1.win32_1.0.100.202509120712/tools/bin/../lib/gcc/arm-none-eabi/13.3.1/../../../../arm-none-eabi/lib/thumb/v7-m/nofp\libc.a
LOAD C:/Program Files/ST/STM32CubeIDE_2.0.0/STM32CubeIDE/plugins/com.st.stm32cube.ide.mcu.externaltools.gnu-tools-for-stm32.13.3.rel1.win32_1.0.100.202509120712/tools/bin/../lib/gcc/arm-none-eabi/13.3.1/../../../../arm-none-eabi/lib/thumb/v7-m/nofp\libm.a
LOAD C:/Program Files/ST/STM32CubeIDE_2.0.0/STM32CubeIDE/plugins/com.st.stm32cube.ide.mcu.externaltools.gnu-tools-for-stm32.13.3.rel1.win32_1.0.100.202509120712/tools/bin/../lib/gcc/arm-none-eabi/13.3.1/thumb/v7-m/nofp\libgcc.a

.debug_info     0x00000000     0xd0c5
 .debug_info    0x00000000      0x765 ./Core/Src/can.o
 .debug_info    0x00000765      0x2d3 ./Core/Src/gpio.o
 .debug_info    0x00000a38      0x68d ./Core/Src/interface.o
 .debug_info    0x000010c5      0x82a ./Core/Src/main.o
 .debug_info    0x000018ef      0x484 ./Core/Src/rtc.o
 .debug_info    0x00001d73      0x7bc ./Core/Src/spi.o
 .debug_info    0x0000252f      0x1f1 ./Core/Src/stm32f1xx_hal_msp.o
 .debug_info    0x00002720      0x113 ./Core/Src/stm32f1xx_it.o
 .debug_info    0x00002833      0x222 ./Core/Src/system_stm32f1xx.o
 .debug_info    0x00002a55      0x7b4 ./Core/Src/usart.o
 .debug_info    0x00003209      0x6b1 ./Core/Src/usb.o
 .debug_info    0x000038ba       0x30 ./Core/Startup/startup_stm32f103c8tx.o
 .debug_info    0x000038ea      0x704 ./Drivers/STM32F1xx_HAL_Driver/Src/stm32f1xx_hal.o
 .debug_info    0x00003fee      0xf13 ./Drivers/STM32F1xx_HAL_Driver/Src/stm32f1xx_hal_can.o
 .debug_info    0x00004f01      0xa87 ./Drivers/STM32F1xx_HAL_Driver/Src/stm32f1xx_hal_cortex.o
 .debug_info    0x00005988      0x5ab ./Drivers/STM32F1xx_HAL_Driver/Src/stm32f1xx_hal_gpio.o
 .debug_info    0x00005f33     0x16dc ./Drivers/STM32F1xx_HAL_Driver/Src/stm32f1xx_hal_pcd.o
 .debug_info    0x0000760f      0x628 ./Drivers/STM32F1xx_HAL_Driver/Src/stm32f1xx_hal_pwr.o
 .debug_info    0x00007c37      0x7d5 ./Drivers/STM32F1xx_HAL_Driver/Src/stm32f1xx_hal_rcc.o
 .debug_info    0x0000840c      0x3c0 ./Drivers/STM32F1xx_HAL_Driver/Src/stm32f1xx_hal_rcc_ex.o
 .debug_info    0x000087cc      0xc73 ./Drivers/STM32F1xx_HAL_Driver/Src/stm32f1xx_hal_rtc.o
 .debug_info    0x0000943f     0x142d ./Drivers/STM32F1xx_HAL_Driver/Src/stm32f1xx_hal_spi.o
 .debug_info    0x0000a86c     0x10ab ./Drivers/STM32F1xx_HAL_Driver/Src/stm32f1xx_hal_usart.o
 .debug_info    0x0000b917     0x17ae ./Drivers/STM32F1xx_HAL_Driver/Src/stm32f1xx_ll_usb.o

.debug_abbrev   0x00000000     0x2c82
 .debug_abbrev  0x00000000      0x212 ./Core/Src/can.o
 .debug_abbrev  0x00000212      0x13f ./Core/Src/gpio.o
 .debug_abbrev  0x00000351      0x20a ./Core/Src/interface.o
 .debug_abbrev  0x0000055b      0x223 ./Core/Src/main.o
 .debug_abbrev  0x0000077e      0x1bb ./Core/Src/rtc.o
 .debug_abbrev  0x00000939      0x1e7 ./Core/Src/spi.o
 .debug_abbrev  0x00000b20       0xdb ./Core/Src/stm32f1xx_hal_msp.o
 .debug_abbrev  0x00000bfb       0x73 ./Core/Src/stm32f1xx_it.o
 .debug_abbrev  0x00000c6e      0x13f ./Core/Src/system_stm32f1xx.o
 .debug_abbrev  0x00000dad      0x1ec ./Core/Src/usart.o
 .debug_abbrev  0x00000f99      0x1d5 ./Core/Src/usb.o
 .debug_abbrev  0x0000116e       0x24 ./Core/Startup/startup_stm32f103c8tx.o
 .debug_abbrev  0x00001192      0x201 ./Drivers/STM32F1xx_HAL_Driver/Src/stm32f1xx_hal.o
 .debug_abbrev  0x00001393      0x21c ./Drivers/STM32F1xx_HAL_Driver/Src/stm32f1xx_hal_can.o
 .debug_abbrev  0x000015af      0x2f8 ./Drivers/STM32F1xx_HAL_Driver/Src/stm32f1xx_hal_cortex.o
 .debug_abbrev  0x000018a7      0x1ca ./Drivers/STM32F1xx_HAL_Driver/Src/stm32f1xx_hal_gpio.o
 .debug_abbrev  0x00001a71      0x2d6 ./Drivers/STM32F1xx_HAL_Driver/Src/stm32f1xx_hal_pcd.o
 .debug_abbrev  0x00001d47      0x1f6 ./Drivers/STM32F1xx_HAL_Driver/Src/stm32f1xx_hal_pwr.o
 .debug_abbrev  0x00001f3d      0x2b3 ./Drivers/STM32F1xx_HAL_Driver/Src/stm32f1xx_hal_rcc.o
 .debug_abbrev  0x000021f0      0x188 ./Drivers/STM32F1xx_HAL_Driver/Src/stm32f1xx_hal_rcc_ex.o
 .debug_abbrev  0x00002378      0x23a ./Drivers/STM32F1xx_HAL_Driver/Src/stm32f1xx_hal_rtc.o
 .debug_abbrev  0x000025b2      0x27a ./Drivers/STM32F1xx_HAL_Driver/Src/stm32f1xx_hal_spi.o
 .debug_abbrev  0x0000282c      0x278 ./Drivers/STM32F1xx_HAL_Driver/Src/stm32f1xx_hal_usart.o
 .debug_abbrev  0x00002aa4      0x1de ./Drivers/STM32F1xx_HAL_Driver/Src/stm32f1xx_ll_usb.o

.debug_aranges  0x00000000      0xd98
 .debug_aranges
                0x00000000       0x30 ./Core/Src/can.o
 .debug_aranges
                0x00000030       0x20 ./Core/Src/gpio.o
 .debug_aranges
                0x00000050       0x30 ./Core/Src/interface.o
 .debug_aranges
                0x00000080       0x30 ./Core/Src/main.o
 .debug_aranges
                0x000000b0       0x30 ./Core/Src/rtc.o
 .debug_aranges
                0x000000e0       0x30 ./Core/Src/spi.o
 .debug_aranges
                0x00000110       0x20 ./Core/Src/stm32f1xx_hal_msp.o
 .debug_aranges
                0x00000130       0x60 ./Core/Src/stm32f1xx_it.o
 .debug_aranges
                0x00000190       0x28 ./Core/Src/system_stm32f1xx.o
 .debug_aranges
                0x000001b8       0x38 ./Core/Src/usart.o
 .debug_aranges
                0x000001f0       0x30 ./Core/Src/usb.o
 .debug_aranges
                0x00000220       0x28 ./Core/Startup/startup_stm32f103c8tx.o
 .debug_aranges
                0x00000248       0xe0 ./Drivers/STM32F1xx_HAL_Driver/Src/stm32f1xx_hal.o
 .debug_aranges
                0x00000328      0x138 ./Drivers/STM32F1xx_HAL_Driver/Src/stm32f1xx_hal_can.o
 .debug_aranges
                0x00000460      0x100 ./Drivers/STM32F1xx_HAL_Driver/Src/stm32f1xx_hal_cortex.o
 .debug_aranges
                0x00000560       0x58 ./Drivers/STM32F1xx_HAL_Driver/Src/stm32f1xx_hal_gpio.o
 .debug_aranges
                0x000005b8      0x140 ./Drivers/STM32F1xx_HAL_Driver/Src/stm32f1xx_hal_pcd.o
 .debug_aranges
                0x000006f8       0xa8 ./Drivers/STM32F1xx_HAL_Driver/Src/stm32f1xx_hal_pwr.o
 .debug_aranges
                0x000007a0       0x90 ./Drivers/STM32F1xx_HAL_Driver/Src/stm32f1xx_hal_rcc.o
 .debug_aranges
                0x00000830       0x30 ./Drivers/STM32F1xx_HAL_Driver/Src/stm32f1xx_hal_rcc_ex.o
 .debug_aranges
                0x00000860       0xf8 ./Drivers/STM32F1xx_HAL_Driver/Src/stm32f1xx_hal_rtc.o
 .debug_aranges
                0x00000958      0x1d0 ./Drivers/STM32F1xx_HAL_Driver/Src/stm32f1xx_hal_spi.o
 .debug_aranges
                0x00000b28      0x178 ./Drivers/STM32F1xx_HAL_Driver/Src/stm32f1xx_hal_usart.o
 .debug_aranges
                0x00000ca0       0xf8 ./Drivers/STM32F1xx_HAL_Driver/Src/stm32f1xx_ll_usb.o

.debug_rnglists
                0x00000000      0xa1d
 .debug_rnglists
                0x00000000       0x20 ./Core/Src/can.o
 .debug_rnglists
                0x00000020       0x14 ./Core/Src/gpio.o
 .debug_rnglists
                0x00000034       0x20 ./Core/Src/interface.o
 .debug_rnglists
                0x00000054       0x20 ./Core/Src/main.o
 .debug_rnglists
                0x00000074       0x20 ./Core/Src/rtc.o
 .debug_rnglists
                0x00000094       0x20 ./Core/Src/spi.o
 .debug_rnglists
                0x000000b4       0x13 ./Core/Src/stm32f1xx_hal_msp.o
 .debug_rnglists
                0x000000c7       0x43 ./Core/Src/stm32f1xx_it.o
 .debug_rnglists
                0x0000010a       0x1a ./Core/Src/system_stm32f1xx.o
 .debug_rnglists
                0x00000124       0x26 ./Core/Src/usart.o
 .debug_rnglists
                0x0000014a       0x1f ./Core/Src/usb.o
 .debug_rnglists
                0x00000169       0x19 ./Core/Startup/startup_stm32f103c8tx.o
 .debug_rnglists
                0x00000182       0xa3 ./Drivers/STM32F1xx_HAL_Driver/Src/stm32f1xx_hal.o
 .debug_rnglists
                0x00000225       0xed ./Drivers/STM32F1xx_HAL_Driver/Src/stm32f1xx_hal_can.o
 .debug_rnglists
                0x00000312       0xbb ./Drivers/STM32F1xx_HAL_Driver/Src/stm32f1xx_hal_cortex.o
 .debug_rnglists
                0x000003cd       0x3f ./Drivers/STM32F1xx_HAL_Driver/Src/stm32f1xx_hal_gpio.o
 .debug_rnglists
                0x0000040c       0xf4 ./Drivers/STM32F1xx_HAL_Driver/Src/stm32f1xx_hal_pcd.o
 .debug_rnglists
                0x00000500       0x7a ./Drivers/STM32F1xx_HAL_Driver/Src/stm32f1xx_hal_pwr.o
 .debug_rnglists
                0x0000057a       0x6c ./Drivers/STM32F1xx_HAL_Driver/Src/stm32f1xx_hal_rcc.o
 .debug_rnglists
                0x000005e6       0x21 ./Drivers/STM32F1xx_HAL_Driver/Src/stm32f1xx_hal_rcc_ex.o
 .debug_rnglists
                0x00000607       0xc1 ./Drivers/STM32F1xx_HAL_Driver/Src/stm32f1xx_hal_rtc.o
 .debug_rnglists
                0x000006c8      0x16e ./Drivers/STM32F1xx_HAL_Driver/Src/stm32f1xx_hal_spi.o
 .debug_rnglists
                0x00000836      0x12a ./Drivers/STM32F1xx_HAL_Driver/Src/stm32f1xx_hal_usart.o
 .debug_rnglists
                0x00000960       0xbd ./Drivers/STM32F1xx_HAL_Driver/Src/stm32f1xx_ll_usb.o

.debug_macro    0x00000000    0x18818
 .debug_macro   0x00000000      0x1f3 ./Core/Src/can.o
 .debug_macro   0x000001f3      0xacc ./Core/Src/can.o
 .debug_macro   0x00000cbf      0x22d ./Core/Src/can.o
 .debug_macro   0x00000eec       0x2e ./Core/Src/can.o
 .debug_macro   0x00000f1a       0x22 ./Core/Src/can.o
 .debug_macro   0x00000f3c       0x22 ./Core/Src/can.o
 .debug_macro   0x00000f5e       0x8e ./Core/Src/can.o
 .debug_macro   0x00000fec       0x51 ./Core/Src/can.o
 .debug_macro   0x0000103d      0x103 ./Core/Src/can.o
 .debug_macro   0x00001140       0x6a ./Core/Src/can.o
 .debug_macro   0x000011aa      0x1df ./Core/Src/can.o
 .debug_macro   0x00001389       0x1c ./Core/Src/can.o
 .debug_macro   0x000013a5       0x22 ./Core/Src/can.o
 .debug_macro   0x000013c7       0xbd ./Core/Src/can.o
 .debug_macro   0x00001484      0xd23 ./Core/Src/can.o
 .debug_macro   0x000021a7     0xe09e ./Core/Src/can.o
 .debug_macro   0x00010245       0x6d ./Core/Src/can.o
 .debug_macro   0x000102b2     0x34a2 ./Core/Src/can.o
 .debug_macro   0x00013754      0x190 ./Core/Src/can.o
 .debug_macro   0x000138e4       0x5c ./Core/Src/can.o
 .debug_macro   0x00013940      0x5bc ./Core/Src/can.o
 .debug_macro   0x00013efc      0x289 ./Core/Src/can.o
 .debug_macro   0x00014185      0x1cb ./Core/Src/can.o
 .debug_macro   0x00014350      0x114 ./Core/Src/can.o
 .debug_macro   0x00014464      0x1b2 ./Core/Src/can.o
 .debug_macro   0x00014616       0x27 ./Core/Src/can.o
 .debug_macro   0x0001463d      0x136 ./Core/Src/can.o
 .debug_macro   0x00014773      0x1bc ./Core/Src/can.o
 .debug_macro   0x0001492f       0x34 ./Core/Src/can.o
 .debug_macro   0x00014963       0x3c ./Core/Src/can.o
 .debug_macro   0x0001499f      0x408 ./Core/Src/can.o
 .debug_macro   0x00014da7       0x57 ./Core/Src/can.o
 .debug_macro   0x00014dfe       0x87 ./Core/Src/can.o
 .debug_macro   0x00014e85      0x240 ./Core/Src/can.o
 .debug_macro   0x000150c5      0x140 ./Core/Src/can.o
 .debug_macro   0x00015205      0x1ef ./Core/Src/can.o
 .debug_macro   0x000153f4       0xeb ./Core/Src/can.o
 .debug_macro   0x000154df      0x217 ./Core/Src/can.o
 .debug_macro   0x000156f6      0x217 ./Core/Src/can.o
 .debug_macro   0x0001590d       0xb7 ./Core/Src/can.o
 .debug_macro   0x000159c4      0x242 ./Core/Src/can.o
 .debug_macro   0x00015c06       0x83 ./Core/Src/can.o
 .debug_macro   0x00015c89       0x70 ./Core/Src/can.o
 .debug_macro   0x00015cf9      0x1f3 ./Core/Src/gpio.o
 .debug_macro   0x00015eec      0x1ff ./Core/Src/interface.o
 .debug_macro   0x000160eb      0x231 ./Core/Src/main.o
 .debug_macro   0x0001631c      0x1f3 ./Core/Src/rtc.o
 .debug_macro   0x0001650f      0x1f3 ./Core/Src/spi.o
 .debug_macro   0x00016702      0x1e9 ./Core/Src/stm32f1xx_hal_msp.o
 .debug_macro   0x000168eb      0x1f3 ./Core/Src/stm32f1xx_it.o
 .debug_macro   0x00016ade      0x1da ./Core/Src/system_stm32f1xx.o
 .debug_macro   0x00016cb8      0x1f3 ./Core/Src/usart.o
 .debug_macro   0x00016eab      0x1f3 ./Core/Src/usb.o
 .debug_macro   0x0001709e      0x1fe ./Drivers/STM32F1xx_HAL_Driver/Src/stm32f1xx_hal.o
 .debug_macro   0x0001729c      0x1e9 ./Drivers/STM32F1xx_HAL_Driver/Src/stm32f1xx_hal_can.o
 .debug_macro   0x00017485      0x1da ./Drivers/STM32F1xx_HAL_Driver/Src/stm32f1xx_hal_cortex.o
 .debug_macro   0x0001765f      0x245 ./Drivers/STM32F1xx_HAL_Driver/Src/stm32f1xx_hal_gpio.o
 .debug_macro   0x000178a4      0x1e6 ./Drivers/STM32F1xx_HAL_Driver/Src/stm32f1xx_hal_pcd.o
 .debug_macro   0x00017a8a      0x23a ./Drivers/STM32F1xx_HAL_Driver/Src/stm32f1xx_hal_pwr.o
 .debug_macro   0x00017cc4      0x1ec ./Drivers/STM32F1xx_HAL_Driver/Src/stm32f1xx_hal_rcc.o
 .debug_macro   0x00017eb0      0x1da ./Drivers/STM32F1xx_HAL_Driver/Src/stm32f1xx_hal_rcc_ex.o
 .debug_macro   0x0001808a      0x1e9 ./Drivers/STM32F1xx_HAL_Driver/Src/stm32f1xx_hal_rtc.o
 .debug_macro   0x00018273      0x1e2 ./Drivers/STM32F1xx_HAL_Driver/Src/stm32f1xx_hal_spi.o
 .debug_macro   0x00018455      0x1e9 ./Drivers/STM32F1xx_HAL_Driver/Src/stm32f1xx_hal_usart.o
 .debug_macro   0x0001863e      0x1da ./Drivers/STM32F1xx_HAL_Driver/Src/stm32f1xx_ll_usb.o

.debug_line     0x00000000    0x12996
 .debug_line    0x00000000      0x8b0 ./Core/Src/can.o
 .debug_line    0x000008b0      0x88e ./Core/Src/gpio.o
 .debug_line    0x0000113e      0x89d ./Core/Src/interface.o
 .debug_line    0x000019db      0x923 ./Core/Src/main.o
 .debug_line    0x000022fe      0x8ae ./Core/Src/rtc.o
 .debug_line    0x00002bac      0x8b2 ./Core/Src/spi.o
 .debug_line    0x0000345e      0x837 ./Core/Src/stm32f1xx_hal_msp.o
 .debug_line    0x00003c95      0x8e5 ./Core/Src/stm32f1xx_it.o
 .debug_line    0x0000457a      0x8b5 ./Core/Src/system_stm32f1xx.o
 .debug_line    0x00004e2f      0x924 ./Core/Src/usart.o
 .debug_line    0x00005753      0x885 ./Core/Src/usb.o
 .debug_line    0x00005fd8       0x79 ./Core/Startup/startup_stm32f103c8tx.o
 .debug_line    0x00006051      0xae6 ./Drivers/STM32F1xx_HAL_Driver/Src/stm32f1xx_hal.o
 .debug_line    0x00006b37     0x12df ./Drivers/STM32F1xx_HAL_Driver/Src/stm32f1xx_hal_can.o
 .debug_line    0x00007e16      0xcb0 ./Drivers/STM32F1xx_HAL_Driver/Src/stm32f1xx_hal_cortex.o
 .debug_line    0x00008ac6      0xb43 ./Drivers/STM32F1xx_HAL_Driver/Src/stm32f1xx_hal_gpio.o
 .debug_line    0x00009609     0x146b ./Drivers/STM32F1xx_HAL_Driver/Src/stm32f1xx_hal_pcd.o
 .debug_line    0x0000aa74      0xa8a ./Drivers/STM32F1xx_HAL_Driver/Src/stm32f1xx_hal_pwr.o
 .debug_line    0x0000b4fe      0xf9f ./Drivers/STM32F1xx_HAL_Driver/Src/stm32f1xx_hal_rcc.o
 .debug_line    0x0000c49d      0xa50 ./Drivers/STM32F1xx_HAL_Driver/Src/stm32f1xx_hal_rcc_ex.o
 .debug_line    0x0000ceed     0x12f5 ./Drivers/STM32F1xx_HAL_Driver/Src/stm32f1xx_hal_rtc.o
 .debug_line    0x0000e1e2     0x1d7d ./Drivers/STM32F1xx_HAL_Driver/Src/stm32f1xx_hal_spi.o
 .debug_line    0x0000ff5f     0x17e1 ./Drivers/STM32F1xx_HAL_Driver/Src/stm32f1xx_hal_usart.o
 .debug_line    0x00011740     0x1256 ./Drivers/STM32F1xx_HAL_Driver/Src/stm32f1xx_ll_usb.o

.debug_str      0x00000000    0x87ae3
 .debug_str     0x00000000    0x87ae3 ./Core/Src/can.o
                              0x842e3 (size before relaxing)
 .debug_str     0x00087ae3        0x0 ./Core/Src/gpio.o
                              0x83fe9 (size before relaxing)
 .debug_str     0x00087ae3        0x0 ./Core/Src/interface.o
                              0x84312 (size before relaxing)
 .debug_str     0x00087ae3        0x0 ./Core/Src/main.o
                              0x844e9 (size before relaxing)
 .debug_str     0x00087ae3        0x0 ./Core/Src/rtc.o
                              0x841a3 (size before relaxing)
 .debug_str     0x00087ae3        0x0 ./Core/Src/spi.o
                              0x843fa (size before relaxing)
 .debug_str     0x00087ae3        0x0 ./Core/Src/stm32f1xx_hal_msp.o
                              0x83f71 (size before relaxing)
 .debug_str     0x00087ae3        0x0 ./Core/Src/stm32f1xx_it.o
                              0x83f86 (size before relaxing)
 .debug_str     0x00087ae3        0x0 ./Core/Src/system_stm32f1xx.o
                              0x83e22 (size before relaxing)
 .debug_str     0x00087ae3        0x0 ./Core/Src/usart.o
                              0x84401 (size before relaxing)
 .debug_str     0x00087ae3        0x0 ./Core/Src/usb.o
                              0x8435a (size before relaxing)
 .debug_str     0x00087ae3        0x0 ./Core/Startup/startup_stm32f103c8tx.o
                                 0x7c (size before relaxing)
 .debug_str     0x00087ae3        0x0 ./Drivers/STM32F1xx_HAL_Driver/Src/stm32f1xx_hal.o
                              0x84555 (size before relaxing)
 .debug_str     0x00087ae3        0x0 ./Drivers/STM32F1xx_HAL_Driver/Src/stm32f1xx_hal_can.o
                              0x8462a (size before relaxing)
 .debug_str     0x00087ae3        0x0 ./Drivers/STM32F1xx_HAL_Driver/Src/stm32f1xx_hal_cortex.o
                              0x844a1 (size before relaxing)
 .debug_str     0x00087ae3        0x0 ./Drivers/STM32F1xx_HAL_Driver/Src/stm32f1xx_hal_gpio.o
                              0x841a8 (size before relaxing)
 .debug_str     0x00087ae3        0x0 ./Drivers/STM32F1xx_HAL_Driver/Src/stm32f1xx_hal_pcd.o
                              0x8473f (size before relaxing)
 .debug_str     0x00087ae3        0x0 ./Drivers/STM32F1xx_HAL_Driver/Src/stm32f1xx_hal_pwr.o
                              0x84359 (size before relaxing)
 .debug_str     0x00087ae3        0x0 ./Drivers/STM32F1xx_HAL_Driver/Src/stm32f1xx_hal_rcc.o
                              0x84251 (size before relaxing)
 .debug_str     0x00087ae3        0x0 ./Drivers/STM32F1xx_HAL_Driver/Src/stm32f1xx_hal_rcc_ex.o
                              0x83fa1 (size before relaxing)
 .debug_str     0x00087ae3        0x0 ./Drivers/STM32F1xx_HAL_Driver/Src/stm32f1xx_hal_rtc.o
                              0x8432d (size before relaxing)
 .debug_str     0x00087ae3        0x0 ./Drivers/STM32F1xx_HAL_Driver/Src/stm32f1xx_hal_spi.o
                              0x84748 (size before relaxing)
 .debug_str     0x00087ae3        0x0 ./Drivers/STM32F1xx_HAL_Driver/Src/stm32f1xx_hal_usart.o
                              0x846d2 (size before relaxing)
 .debug_str     0x00087ae3        0x0 ./Drivers/STM32F1xx_HAL_Driver/Src/stm32f1xx_ll_usb.o
                              0x842f3 (size before relaxing)

.comment        0x00000000       0x43
 .comment       0x00000000       0x43 ./Core/Src/can.o
                                 0x44 (size before relaxing)
 .comment       0x00000043        0x0 ./Core/Src/gpio.o
                                 0x44 (size before relaxing)
 .comment       0x00000043        0x0 ./Core/Src/interface.o
                                 0x44 (size before relaxing)
 .comment       0x00000043        0x0 ./Core/Src/main.o
                                 0x44 (size before relaxing)
 .comment       0x00000043        0x0 ./Core/Src/rtc.o
                                 0x44 (size before relaxing)
 .comment       0x00000043        0x0 ./Core/Src/spi.o
                                 0x44 (size before relaxing)
 .comment       0x00000043        0x0 ./Core/Src/stm32f1xx_hal_msp.o
                                 0x44 (size before relaxing)
 .comment       0x00000043        0x0 ./Core/Src/stm32f1xx_it.o
                                 0x44 (size before relaxing)
 .comment       0x00000043        0x0 ./Core/Src/system_stm32f1xx.o
                                 0x44 (size before relaxing)
 .comment       0x00000043        0x0 ./Core/Src/usart.o
                                 0x44 (size before relaxing)
 .comment       0x00000043        0x0 ./Core/Src/usb.o
                                 0x44 (size before relaxing)
 .comment       0x00000043        0x0 ./Drivers/STM32F1xx_HAL_Driver/Src/stm32f1xx_hal.o
                                 0x44 (size before relaxing)
 .comment       0x00000043        0x0 ./Drivers/STM32F1xx_HAL_Driver/Src/stm32f1xx_hal_can.o
                                 0x44 (size before relaxing)
 .comment       0x00000043        0x0 ./Drivers/STM32F1xx_HAL_Driver/Src/stm32f1xx_hal_cortex.o
                                 0x44 (size before relaxing)
 .comment       0x00000043        0x0 ./Drivers/STM32F1xx_HAL_Driver/Src/stm32f1xx_hal_gpio.o
                                 0x44 (size before relaxing)
 .comment       0x00000043        0x0 ./Drivers/STM32F1xx_HAL_Driver/Src/stm32f1xx_hal_pcd.o
                                 0x44 (size before relaxing)
 .comment       0x00000043        0x0 ./Drivers/STM32F1xx_HAL_Driver/Src/stm32f1xx_hal_pwr.o
                                 0x44 (size before relaxing)
 .comment       0x00000043        0x0 ./Drivers/STM32F1xx_HAL_Driver/Src/stm32f1xx_hal_rcc.o
                                 0x44 (size before relaxing)
 .comment       0x00000043        0x0 ./Drivers/STM32F1xx_HAL_Driver/Src/stm32f1xx_hal_rcc_ex.o
                                 0x44 (size before relaxing)
 .comment       0x00000043        0x0 ./Drivers/STM32F1xx_HAL_Driver/Src/stm32f1xx_hal_rtc.o
                                 0x44 (size before relaxing)
 .comment       0x00000043        0x0 ./Drivers/STM32F1xx_HAL_Driver/Src/stm32f1xx_hal_spi.o
                                 0x44 (size before relaxing)
 .comment       0x00000043        0x0 ./Drivers/STM32F1xx_HAL_Driver/Src/stm32f1xx_hal_usart.o
                                 0x44 (size before relaxing)
 .comment       0x00000043        0x0 ./Drivers/STM32F1xx_HAL_Driver/Src/stm32f1xx_ll_usb.o
                                 0x44 (size before relaxing)

.debug_frame    0x00000000     0x35b0
 .debug_frame   0x00000000       0x74 ./Core/Src/can.o
 .debug_frame   0x00000074       0x34 ./Core/Src/gpio.o
 .debug_frame   0x000000a8       0x74 ./Core/Src/interface.o
 .debug_frame   0x0000011c       0x6c ./Core/Src/main.o
 .debug_frame   0x00000188       0x80 ./Core/Src/rtc.o
 .debug_frame   0x00000208       0x74 ./Core/Src/spi.o
 .debug_frame   0x0000027c       0x38 ./Core/Src/stm32f1xx_hal_msp.o
 .debug_frame   0x000002b4      0x104 ./Core/Src/stm32f1xx_it.o
 .debug_frame   0x000003b8       0x58 ./Core/Src/system_stm32f1xx.o
 .debug_frame   0x00000410       0x90 ./Core/Src/usart.o
 .debug_frame   0x000004a0       0x7c ./Core/Src/usb.o
 .debug_frame   0x0000051c      0x334 ./Drivers/STM32F1xx_HAL_Driver/Src/stm32f1xx_hal.o
 .debug_frame   0x00000850      0x5a0 ./Drivers/STM32F1xx_HAL_Driver/Src/stm32f1xx_hal_can.o
 .debug_frame   0x00000df0      0x428 ./Drivers/STM32F1xx_HAL_Driver/Src/stm32f1xx_hal_cortex.o
 .debug_frame   0x00001218      0x14c ./Drivers/STM32F1xx_HAL_Driver/Src/stm32f1xx_hal_gpio.o
 .debug_frame   0x00001364      0x594 ./Drivers/STM32F1xx_HAL_Driver/Src/stm32f1xx_hal_pcd.o
 .debug_frame   0x000018f8      0x270 ./Drivers/STM32F1xx_HAL_Driver/Src/stm32f1xx_hal_pwr.o
 .debug_frame   0x00001b68      0x218 ./Drivers/STM32F1xx_HAL_Driver/Src/stm32f1xx_hal_rcc.o
 .debug_frame   0x00001d80       0x80 ./Drivers/STM32F1xx_HAL_Driver/Src/stm32f1xx_hal_rcc_ex.o
 .debug_frame   0x00001e00      0x434 ./Drivers/STM32F1xx_HAL_Driver/Src/stm32f1xx_hal_rtc.o
 .debug_frame   0x00002234      0x824 ./Drivers/STM32F1xx_HAL_Driver/Src/stm32f1xx_hal_spi.o
 .debug_frame   0x00002a58      0x69c ./Drivers/STM32F1xx_HAL_Driver/Src/stm32f1xx_hal_usart.o
 .debug_frame   0x000030f4      0x470 ./Drivers/STM32F1xx_HAL_Driver/Src/stm32f1xx_ll_usb.o
 .debug_frame   0x00003564       0x20 C:/Program Files/ST/STM32CubeIDE_2.0.0/STM32CubeIDE/plugins/com.st.stm32cube.ide.mcu.externaltools.gnu-tools-for-stm32.13.3.rel1.win32_1.0.100.202509120712/tools/bin/../lib/gcc/arm-none-eabi/13.3.1/../../../../arm-none-eabi/lib/thumb/v7-m/nofp\libc_nano.a(libc_a-memset.o)
 .debug_frame   0x00003584       0x2c C:/Program Files/ST/STM32CubeIDE_2.0.0/STM32CubeIDE/plugins/com.st.stm32cube.ide.mcu.externaltools.gnu-tools-for-stm32.13.3.rel1.win32_1.0.100.202509120712/tools/bin/../lib/gcc/arm-none-eabi/13.3.1/../../../../arm-none-eabi/lib/thumb/v7-m/nofp\libc_nano.a(libc_a-init.o)

.debug_line_str
                0x00000000       0x60
 .debug_line_str
                0x00000000       0x60 ./Core/Startup/startup_stm32f103c8tx.o
